******************************************************************************
                  TI ARM Linker PC v20.2.7                     
******************************************************************************
>> Linked Mon Feb 20 15:33:53 2023

OUTPUT FILE NAME:   <TIVA_C_MCAL.out>
ENTRY POINT SYMBOL: "_c_int00_noargs"  address: 00007219


MEMORY CONFIGURATION

         name            origin    length      used     unused   attr    fill
----------------------  --------  ---------  --------  --------  ----  --------
  FLASH                 00000000   00040000  000075bb  00038a45  R  X
  SRAM                  20000000   00008000  000003b5  00007c4b  RW X


SEGMENT ALLOCATION MAP

run origin  load origin   length   init length attrs members
----------  ----------- ---------- ----------- ----- -------
00000000    00000000    000075c0   000075c0    r-x
  00000000    00000000    0000026c   0000026c    r-- .intvecs
  0000026c    0000026c    00007082   00007082    r-x .text
  000072f0    000072f0    0000028d   0000028d    r-- .const
  00007580    00007580    00000040   00000040    r-- .cinit
20000000    20000000    000003b8   00000000    rw-
  20000000    20000000    00000200   00000000    rw- .stack
  20000200    20000200    00000121   00000000    rw- .data
  20000324    20000324    00000084   00000000    rw- .bss
  200003a8    200003a8    00000010   00000000    rw- .sysmem


SECTION ALLOCATION MAP

 output                                  attributes/
section   page    origin      length       input sections
--------  ----  ----------  ----------   ----------------
.intvecs   0    00000000    0000026c     
                  00000000    0000026c     tm4c123gh6pm_startup_ccs.obj (.intvecs)

.text      0    0000026c    00007082     
                  0000026c    00001b30     GPT.obj (.text)
                  00001d9c    00000df4     UART.obj (.text)
                  00002b90    00000d94     PWM.obj (.text)
                  00003924    00000cb4     I2C.obj (.text)
                  000045d8    000009e8     Queue.obj (.text)
                  00004fc0    00000720     PORT.obj (.text)
                  000056e0    000006e0     IntCtrl.obj (.text)
                  00005dc0    00000614     LCD.obj (.text)
                  000063d4    000005e0     DIO.obj (.text)
                  000069b4    0000041a     main.obj (.text)
                  00006dce    00000002     rtsv7M4_T_le_v4SPD16_eabi.lib : _lock.c.obj (.text:_nop)
                  00006dd0    00000100                                   : memory.c.obj (.text:aligned_alloc)
                  00006ed0    000000e4                                   : memory.c.obj (.text:free)
                  00006fb4    000000ac     Std_Types_Helper.obj (.text)
                  00007060    0000009c     rtsv7M4_T_le_v4SPD16_eabi.lib : memcpy_t2.asm.obj (.text)
                  000070fc    00000070                                   : memory.c.obj (.text:split)
                  0000716c    00000068                                   : copy_decompress_lzss.c.obj (.text:decompress:lzss:__TI_decompress_lzss)
                  000071d4    00000044                                   : autoinit.c.obj (.text:__TI_auto_init_nobinit_nopinit:__TI_auto_init_nobinit_nopinit)
                  00007218    00000034                                   : boot_cortex_m.c.obj (.text:_c_int00_noargs:_c_int00_noargs)
                  0000724c    00000028                                   : memory.c.obj (.text:free_list_insert)
                  00007274    0000001c                                   : copy_zero_init.c.obj (.text:decompress:ZI:__TI_zero_init_nomemset:__TI_zero_init_nomemset)
                  00007290    0000001c                                   : memory.c.obj (.text:free_list_remove)
                  000072ac    00000018                                   : ll_mul_t2.asm.obj (.text)
                  000072c4    0000000e                                   : copy_decompress_none.c.obj (.text:decompress:none:__TI_decompress_none)
                  000072d2    0000000c     tm4c123gh6pm_startup_ccs.obj (.text)
                  000072de    00000008     rtsv7M4_T_le_v4SPD16_eabi.lib : memory.c.obj (.text:malloc)
                  000072e6    00000004                                   : pre_init.c.obj (.text:_system_pre_init)
                  000072ea    00000004                                   : exit.c.obj (.text:abort:abort)

.const     0    000072f0    0000028d     
                  000072f0    00000134     GPT_Lcfg.obj (.const:GPT_ConfigPtr_Container)
                  00007424    000000fe     IntCtrl_Lcfg.obj (.const:Initialized_Interrupt_Container)
                  00007522    00000002     --HOLE-- [fill = 0]
                  00007524    00000028     UART_Lcfg.obj (.const:UART_Container)
                  0000754c    0000001c     PWM_Lcfg.obj (.const:PWM_Container)
                  00007568    0000000f     I2C_Lcfg.obj (.const:I2C_Container)
                  00007577    00000006     PORT_Lcfg.obj (.const:ConfigPtr)

.cinit     0    00007580    00000040     
                  00007580    00000017     (.cinit..data.load) [load image, compression = lzss]
                  00007597    00000001     --HOLE-- [fill = 0]
                  00007598    0000000c     (__TI_handler_table)
                  000075a4    00000004     --HOLE-- [fill = 0]
                  000075a8    00000008     (.cinit..bss.load) [load image, compression = zero_init]
                  000075b0    00000010     (__TI_cinit_table)

.init_array 
*          0    00000000    00000000     UNINITIALIZED

.stack     0    20000000    00000200     UNINITIALIZED
                  20000000    00000004     rtsv7M4_T_le_v4SPD16_eabi.lib : boot_cortex_m.c.obj (.stack)
                  20000004    000001fc     --HOLE--

.data      0    20000200    00000121     UNINITIALIZED
                  20000200    0000003c     GPT.obj (.data:G_SW_PreScaler_RealCounter)
                  2000023c    0000003c     GPT.obj (.data:G_SW_PreScaling)
                  20000278    0000002c     GPT.obj (.data:G_BitShifting)
                  200002a4    0000002c     GPT.obj (.data:G_BitShiftingGuarding)
                  200002d0    0000002c     GPT.obj (.data:G_BitUsedGuarding)
                  200002fc    00000010     GPT.obj (.data)
                  2000030c    00000008     rtsv7M4_T_le_v4SPD16_eabi.lib : _lock.c.obj (.data:$O1$$)
                  20000314    00000008                                   : memory.c.obj (.data:$O1$$)
                  2000031c    00000002     I2C.obj (.data)
                  2000031e    00000002     PWM.obj (.data)
                  20000320    00000001     PORT.obj (.data)

.bss       0    20000324    00000084     UNINITIALIZED
                  20000324    00000040     (.common:UART_Queue_Buffer)
                  20000364    00000020     I2C.obj (.bss:I2C_Queue_Buffer)
                  20000384    00000020     PWM.obj (.bss:Load_Values)
                  200003a4    00000004     (.common:Lcd_I2C_Config)

.sysmem    0    200003a8    00000010     UNINITIALIZED
                  200003a8    00000010     rtsv7M4_T_le_v4SPD16_eabi.lib : memory.c.obj (.sysmem)

__llvm_prf_cnts 
*          0    20000000    00000000     UNINITIALIZED

MODULE SUMMARY

       Module                         code    ro data   rw data
       ------                         ----    -------   -------
    .\
       tm4c123gh6pm_startup_ccs.obj   12      620       0      
    +--+------------------------------+-------+---------+---------+
       Total:                         12      620       0      
                                                               
    .\App\
       main.obj                       1050    0         0      
    +--+------------------------------+-------+---------+---------+
       Total:                         1050    0         0      
                                                               
    .\Common\
       Std_Types_Helper.obj           172     0         0      
    +--+------------------------------+-------+---------+---------+
       Total:                         172     0         0      
                                                               
    .\Common\DataStructure\Queue\static\src\
       Queue.obj                      2536    0         0      
    +--+------------------------------+-------+---------+---------+
       Total:                         2536    0         0      
                                                               
    .\HAL\LCD\Dynamic\src\
       LCD_Lcfg.obj                   0       0         4      
    +--+------------------------------+-------+---------+---------+
       Total:                         0       0         4      
                                                               
    .\HAL\LCD\Static\src\
       LCD.obj                        1556    0         0      
    +--+------------------------------+-------+---------+---------+
       Total:                         1556    0         0      
                                                               
    .\Mcal\DIO\Static\src\
       DIO.obj                        1504    0         0      
    +--+------------------------------+-------+---------+---------+
       Total:                         1504    0         0      
                                                               
    .\Mcal\GPT\Dynamic\src\
       GPT_Lcfg.obj                   0       308       0      
    +--+------------------------------+-------+---------+---------+
       Total:                         0       308       0      
                                                               
    .\Mcal\GPT\Static\src\
       GPT.obj                        6960    0         268    
    +--+------------------------------+-------+---------+---------+
       Total:                         6960    0         268    
                                                               
    .\Mcal\I2C\Dynamic\Src\
       I2C_Lcfg.obj                   0       15        0      
    +--+------------------------------+-------+---------+---------+
       Total:                         0       15        0      
                                                               
    .\Mcal\I2C\Static\Src\
       I2C.obj                        3252    0         34     
    +--+------------------------------+-------+---------+---------+
       Total:                         3252    0         34     
                                                               
    .\Mcal\IntCtrl\Dynamic\src\
       IntCtrl_Lcfg.obj               0       254       0      
    +--+------------------------------+-------+---------+---------+
       Total:                         0       254       0      
                                                               
    .\Mcal\IntCtrl\Static\src\
       IntCtrl.obj                    1760    0         0      
    +--+------------------------------+-------+---------+---------+
       Total:                         1760    0         0      
                                                               
    .\Mcal\PORT\Dynamic\src\
       PORT_Lcfg.obj                  0       6         0      
    +--+------------------------------+-------+---------+---------+
       Total:                         0       6         0      
                                                               
    .\Mcal\PORT\Static\src\
       PORT.obj                       1824    0         1      
    +--+------------------------------+-------+---------+---------+
       Total:                         1824    0         1      
                                                               
    .\Mcal\PWM\Dynamic\src\
       PWM_Lcfg.obj                   0       28        0      
    +--+------------------------------+-------+---------+---------+
       Total:                         0       28        0      
                                                               
    .\Mcal\PWM\Static\src\
       PWM.obj                        3476    0         34     
    +--+------------------------------+-------+---------+---------+
       Total:                         3476    0         34     
                                                               
    .\Mcal\UART\Dynamic\src\
       UART_Lcfg.obj                  0       40        0      
    +--+------------------------------+-------+---------+---------+
       Total:                         0       40        0      
                                                               
    .\Mcal\UART\Static\src\
       UART.obj                       3572    0         64     
    +--+------------------------------+-------+---------+---------+
       Total:                         3572    0         64     
                                                               
    C:\ti\ccs1210\ccs\tools\compiler\ti-cgt-arm_20.2.7.LTS\lib\rtsv7M4_T_le_v4SPD16_eabi.lib
       memory.c.obj                   672     0         8      
       memcpy_t2.asm.obj              156     0         0      
       copy_decompress_lzss.c.obj     104     0         0      
       autoinit.c.obj                 68      0         0      
       boot_cortex_m.c.obj            52      0         0      
       copy_zero_init.c.obj           28      0         0      
       ll_mul_t2.asm.obj              24      0         0      
       copy_decompress_none.c.obj     14      0         0      
       _lock.c.obj                    2       0         8      
       exit.c.obj                     4       0         0      
       pre_init.c.obj                 4       0         0      
    +--+------------------------------+-------+---------+---------+
       Total:                         1128    0         16     
                                                               
       Heap:                          0       0         16     
       Stack:                         0       0         512    
       Linker Generated:              0       59        0      
    +--+------------------------------+-------+---------+---------+
       Grand Total:                   28802   1330      949    


LINKER GENERATED COPY TABLES

__TI_cinit_table @ 000075b0 records: 2, size/record: 8, table size: 16
	.data: load addr=00007580, load size=00000017 bytes, run addr=20000200, run size=00000121 bytes, compression=lzss
	.bss: load addr=000075a8, load size=00000008 bytes, run addr=20000324, run size=00000084 bytes, compression=zero_init


LINKER GENERATED HANDLER TABLE

__TI_handler_table @ 00007598 records: 3, size/record: 4, table size: 12
	index: 0, handler: __TI_decompress_lzss
	index: 1, handler: __TI_decompress_none
	index: 2, handler: __TI_zero_init


GLOBAL SYMBOLS: SORTED ALPHABETICALLY BY Name 

address   name                                               
-------   ----                                               
00006cb3  App_Function                                       
00004019  App_I2C0_Rx_CallBack                               
00004017  App_I2C0_Tx_CallBack                               
0000401d  App_I2C1_Rx_CallBack                               
0000401b  App_I2C1_Tx_CallBack                               
00004021  App_I2C2_Rx_CallBack                               
0000401f  App_I2C2_Tx_CallBack                               
00004025  App_I2C3_Rx_CallBack                               
00004023  App_I2C3_Tx_CallBack                               
00002115  App_Uart0_Rx_CallBack                              
00002113  App_Uart0_Tx_CallBack                              
00002119  App_Uart1_Rx_CallBack                              
00002117  App_Uart1_Tx_CallBack                              
0000211d  App_Uart2_Rx_CallBack                              
0000211b  App_Uart2_Tx_CallBack                              
00002121  App_Uart3_Rx_CallBack                              
0000211f  App_Uart3_Tx_CallBack                              
00002125  App_Uart4_Rx_CallBack                              
00002123  App_Uart4_Tx_CallBack                              
00002129  App_Uart5_Rx_CallBack                              
00006cb5  App_Uart5_Tx_CallBack                              
0000212d  App_Uart6_Rx_CallBack                              
0000212b  App_Uart6_Tx_CallBack                              
00002131  App_Uart7_Rx_CallBack                              
00006cbf  App_Uart7_Tx_CallBack                              
000072eb  C$$EXIT                                            
00007577  ConfigPtr                                          
00000373  Default_Function                                   
00007021  Delay_ms                                           
000067c1  Dio_FlipChannel                                    
000063d5  Dio_ReadChannel                                    
000066c5  Dio_ReadPort                                       
000064c5  Dio_WriteChannel                                   
00006745  Dio_WritePort                                      
000072f0  GPT_ConfigPtr_Container                            
0000518b  GetPortAddress                                     
000002d7  GetTimerAddress                                    
00000879  Gpt_DisableNotification                            
000009d9  Gpt_EnableNotification                             
00001099  Gpt_GetPredefTimerValue                            
00000d1d  Gpt_GetTimeElapsed                                 
00000ec9  Gpt_GetTimeRemaining                               
000003a5  Gpt_Init                                           
00001111  Gpt_Notification_channel_Normal_0                  
00001215  Gpt_Notification_channel_Normal_1                  
00001325  Gpt_Notification_channel_Normal_2                  
00001441  Gpt_Notification_channel_Normal_3                  
00001565  Gpt_Notification_channel_Normal_4                  
00001681  Gpt_Notification_channel_Normal_5                  
000017a1  Gpt_Notification_channel_Wide_0                    
000018bd  Gpt_Notification_channel_Wide_1                    
000019d5  Gpt_Notification_channel_Wide_2                    
00001af5  Gpt_Notification_channel_Wide_3                    
00001c15  Gpt_Notification_channel_Wide_4                    
00001d19  Gpt_Notification_channel_Wide_5                    
00000ae5  Gpt_StartTimer                                     
00000c11  Gpt_StopTimer                                      
00007568  I2C_Container                                      
0000444d  I2C_MasterPoke_to_receive                          
000043ed  I2C_MasterPoke_to_transmit                         
00003dd5  I2C_MasterReceiveMultibleBytes                     
00003d0d  I2C_MasterSingleReceive                            
00003aad  I2C_MasterSingleTransmit                           
00003b7d  I2C_MasterTransmitMultibleBytes                    
00004539  I2C_Pop_the_Received                               
000044ad  I2C_Push_to_Transmit                               
0000400b  I2C_SlaveReceive_one_Byte                          
00003fff  I2C_SlaveTransmit_one_Byte                         
00004027  I2C_init                                           
00007424  Initialized_Interrupt_Container                    
00005c81  IntCtrl_ChangePriority                             
000059fd  IntCtrl_DisableInterrupt                           
00005b4d  IntCtrl_Enable_Interrupt                           
000056e1  IntCtrl_Init                                       
000063a7  LCD_CleanUp                                        
00005dc1  LCD_Create                                         
0000604f  LCD_DIO_Read_Cmd_Function                          
00006139  LCD_DIO_Read_Data_Function                         
00005f7f  LCD_DIO_Write_Cmd_Function                         
00006079  LCD_DIO_Write_Data_Function                        
0000623d  LCD_I2C_Read_Cmd_Function                          
0000635f  LCD_I2C_Read_Data_Function                         
00006169  LCD_I2C_Write_Cmd_Function                         
00006265  LCD_I2C_Write_Data_Function                        
00006375  LCD_Init                                           
20000324  Lcd_DIO_Config                                     
200003a4  Lcd_I2C_Config                                     
0000754c  PWM_Container                                      
000051fd  Port_Init                                          
00004cef  Queue_CleanUp_uint16_d                             
000047db  Queue_CleanUp_uint16_s                             
00004b43  Queue_CleanUp_uint32_d                             
00004665  Queue_CleanUp_uint32_s                             
00004ea3  Queue_CleanUp_uint8_d                              
0000496f  Queue_CleanUp_uint8_s                              
00004c39  Queue_Create_DYNAMIC_uint16                        
00004a85  Queue_Create_DYNAMIC_uint32                        
00004def  Queue_Create_DYNAMIC_uint8                         
0000475f  Queue_Create_STATIC_uint16                         
000045d9  Queue_Create_STATIC_uint32                         
000048f3  Queue_Create_STATIC_uint8                          
00004c77  Queue_Destroy_DYNAMIC_uint16                       
00004acb  Queue_Destroy_DYNAMIC_uint32                       
00004e2d  Queue_Destroy_DYNAMIC_uint8                        
00004785  Queue_Destroy_STATIC_uint16                        
000045ff  Queue_Destroy_STATIC_uint32                        
00004919  Queue_Destroy_STATIC_uint8                         
00004c8d  Queue_Init_uint16_d                                
00004795  Queue_Init_uint16_s                                
00004ae1  Queue_Init_uint32_d                                
00004615  Queue_Init_uint32_s                                
00004e43  Queue_Init_uint8_d                                 
00004929  Queue_Init_uint8_s                                 
00004d3f  Queue_getSize_uint16_d                             
00004831  Queue_getSize_uint16_s                             
00004b93  Queue_getSize_uint32_d                             
000046bb  Queue_getSize_uint32_s                             
00004ef3  Queue_getSize_uint8_d                              
000049c5  Queue_getSize_uint8_s                              
00004d61  Queue_insert_uint16_d                              
00004841  Queue_insert_uint16_s                              
00004bb5  Queue_insert_uint32_d                              
000046cb  Queue_insert_uint32_s                              
00004f15  Queue_insert_uint8_d                               
000049d5  Queue_insert_uint8_s                               
00004d25  Queue_isEmpty_uint16_d                             
00004813  Queue_isEmpty_uint16_s                             
00004b79  Queue_isEmpty_uint32_d                             
0000469d  Queue_isEmpty_uint32_s                             
00004ed9  Queue_isEmpty_uint8_d                              
000049a7  Queue_isEmpty_uint8_s                              
00004cfd  Queue_isFull_uint16_d                              
000047e7  Queue_isFull_uint16_s                              
00004b51  Queue_isFull_uint32_d                              
00004671  Queue_isFull_uint32_s                              
00004eb1  Queue_isFull_uint8_d                               
0000497b  Queue_isFull_uint8_s                               
00004da5  Queue_remove_uint16_d                              
000048a1  Queue_remove_uint16_s                              
00004bf5  Queue_remove_uint32_d                              
00004713  Queue_remove_uint32_s                              
00004f57  Queue_remove_uint8_d                               
00004a35  Queue_remove_uint8_s                               
00006d13  Rcv_Msg                                            
000072d3  ResetISR                                           
00006ba9  Send_Msg_I2C0                                      
00006bcb  Send_Msg_I2C1                                      
00006ccf  Send_Msg_UART5                                     
00006cf1  Send_Msg_UART7                                     
000050c3  SetAlternativeFunction                             
00005045  SetInternalAttach                                  
0000512b  SetOutputCurrentValue                              
00005003  SetPinDirection                                    
00004fc1  SetPinInitialValue                                 
00006a47  Test_I2C_AlwaysFullBuffer_NoISR_Configs            
000069b5  Test_I2C_LCD                                       
00006a09  Test_PWM_Generation_NoISR_Configs                  
00006bed  Test_UART_AlwaysFullBuffer_ISR_Configs             
00007524  UART_Container                                     
00002783  UART_Poke_to_receive                               
00002749  UART_Poke_to_transmit                              
0000284d  UART_Pop_the_Received                              
000027c5  UART_Push_to_Transmit                              
20000324  UART_Queue_Buffer                                  
00006fb5  WriteUsingBB                                       
20000200  __STACK_END                                        
00000200  __STACK_SIZE                                       
20000200  __STACK_TOP                                        
00000010  __SYSMEM_SIZE                                      
000075b0  __TI_CINIT_Base                                    
000075c0  __TI_CINIT_Limit                                   
00007598  __TI_Handler_Table_Base                            
000075a4  __TI_Handler_Table_Limit                           
000071d5  __TI_auto_init_nobinit_nopinit                     
0000716d  __TI_decompress_lzss                               
000072c5  __TI_decompress_none                               
ffffffff  __TI_pprof_out_hndl                                
ffffffff  __TI_prof_data_size                                
ffffffff  __TI_prof_data_start                               
00000000  __TI_static_base__                                 
00007275  __TI_zero_init_nomemset                            
000072ad  __aeabi_lmul                                       
00007061  __aeabi_memcpy                                     
00007061  __aeabi_memcpy4                                    
00007061  __aeabi_memcpy8                                    
ffffffff  __binit__                                          
ffffffff  __c_args__                                         
UNDEFED   __mpu_init                                         
20000000  __stack                                            
20000000  __start___llvm_prf_cnts                            
20000000  __stop___llvm_prf_cnts                             
00007219  _c_int00_noargs                                    
2000030c  _lock                                              
00006dcf  _nop                                               
200003a8  _sys_memory                                        
UNDEFED   _system_post_cinit                                 
000072e7  _system_pre_init                                   
20000310  _unlock                                            
000072eb  abort                                              
00006dd1  aligned_alloc                                      
ffffffff  binit                                              
0000029b  calculate_BitGuarding                              
0000026d  calculate_MaxBits                                  
00006ed1  free                                               
00000000  g_pfnVectors                                       
000069ff  main                                               
000072df  malloc                                             
00006dd1  memalign                                           
00007061  memcpy                                             
000032e5  pwm_AutomaticDutyCycle                             
00003705  pwm_changeCount_mode                               
000037b1  pwm_disable                                        
00003897  pwm_enable                                         
00002bad  pwm_init                                           
00003817  pwm_stop                                           
0000300d  pwm_update_comparator_WithRespectForLoad           
000030f5  pwm_update_comparator_percentage_WithRespectForLoad
000031cb  pwm_update_generation                              
00003685  pwm_update_load                                    
000028c1  uart0_handler                                      
00002909  uart1_handler                                      
00002951  uart2_handler                                      
00002999  uart3_handler                                      
000029e5  uart4_handler                                      
00002a2d  uart5_handler                                      
00002a75  uart6_handler                                      
00002ac1  uart7_handler                                      
00002155  uart_init                                          
00001f8d  uart_receive_all_of_it                             
00001f13  uart_receive_one_char                              
0000200f  uart_receive_some_of_it                            
00001e0d  uart_transmit_all_of_it                            
00001d9d  uart_transmit_one_char                             
00001e81  uart_transmit_some_of_it                           


GLOBAL SYMBOLS: SORTED BY Symbol Address 

address   name                                               
-------   ----                                               
00000000  __TI_static_base__                                 
00000000  g_pfnVectors                                       
00000010  __SYSMEM_SIZE                                      
00000200  __STACK_SIZE                                       
0000026d  calculate_MaxBits                                  
0000029b  calculate_BitGuarding                              
000002d7  GetTimerAddress                                    
00000373  Default_Function                                   
000003a5  Gpt_Init                                           
00000879  Gpt_DisableNotification                            
000009d9  Gpt_EnableNotification                             
00000ae5  Gpt_StartTimer                                     
00000c11  Gpt_StopTimer                                      
00000d1d  Gpt_GetTimeElapsed                                 
00000ec9  Gpt_GetTimeRemaining                               
00001099  Gpt_GetPredefTimerValue                            
00001111  Gpt_Notification_channel_Normal_0                  
00001215  Gpt_Notification_channel_Normal_1                  
00001325  Gpt_Notification_channel_Normal_2                  
00001441  Gpt_Notification_channel_Normal_3                  
00001565  Gpt_Notification_channel_Normal_4                  
00001681  Gpt_Notification_channel_Normal_5                  
000017a1  Gpt_Notification_channel_Wide_0                    
000018bd  Gpt_Notification_channel_Wide_1                    
000019d5  Gpt_Notification_channel_Wide_2                    
00001af5  Gpt_Notification_channel_Wide_3                    
00001c15  Gpt_Notification_channel_Wide_4                    
00001d19  Gpt_Notification_channel_Wide_5                    
00001d9d  uart_transmit_one_char                             
00001e0d  uart_transmit_all_of_it                            
00001e81  uart_transmit_some_of_it                           
00001f13  uart_receive_one_char                              
00001f8d  uart_receive_all_of_it                             
0000200f  uart_receive_some_of_it                            
00002113  App_Uart0_Tx_CallBack                              
00002115  App_Uart0_Rx_CallBack                              
00002117  App_Uart1_Tx_CallBack                              
00002119  App_Uart1_Rx_CallBack                              
0000211b  App_Uart2_Tx_CallBack                              
0000211d  App_Uart2_Rx_CallBack                              
0000211f  App_Uart3_Tx_CallBack                              
00002121  App_Uart3_Rx_CallBack                              
00002123  App_Uart4_Tx_CallBack                              
00002125  App_Uart4_Rx_CallBack                              
00002129  App_Uart5_Rx_CallBack                              
0000212b  App_Uart6_Tx_CallBack                              
0000212d  App_Uart6_Rx_CallBack                              
00002131  App_Uart7_Rx_CallBack                              
00002155  uart_init                                          
00002749  UART_Poke_to_transmit                              
00002783  UART_Poke_to_receive                               
000027c5  UART_Push_to_Transmit                              
0000284d  UART_Pop_the_Received                              
000028c1  uart0_handler                                      
00002909  uart1_handler                                      
00002951  uart2_handler                                      
00002999  uart3_handler                                      
000029e5  uart4_handler                                      
00002a2d  uart5_handler                                      
00002a75  uart6_handler                                      
00002ac1  uart7_handler                                      
00002bad  pwm_init                                           
0000300d  pwm_update_comparator_WithRespectForLoad           
000030f5  pwm_update_comparator_percentage_WithRespectForLoad
000031cb  pwm_update_generation                              
000032e5  pwm_AutomaticDutyCycle                             
00003685  pwm_update_load                                    
00003705  pwm_changeCount_mode                               
000037b1  pwm_disable                                        
00003817  pwm_stop                                           
00003897  pwm_enable                                         
00003aad  I2C_MasterSingleTransmit                           
00003b7d  I2C_MasterTransmitMultibleBytes                    
00003d0d  I2C_MasterSingleReceive                            
00003dd5  I2C_MasterReceiveMultibleBytes                     
00003fff  I2C_SlaveTransmit_one_Byte                         
0000400b  I2C_SlaveReceive_one_Byte                          
00004017  App_I2C0_Tx_CallBack                               
00004019  App_I2C0_Rx_CallBack                               
0000401b  App_I2C1_Tx_CallBack                               
0000401d  App_I2C1_Rx_CallBack                               
0000401f  App_I2C2_Tx_CallBack                               
00004021  App_I2C2_Rx_CallBack                               
00004023  App_I2C3_Tx_CallBack                               
00004025  App_I2C3_Rx_CallBack                               
00004027  I2C_init                                           
000043ed  I2C_MasterPoke_to_transmit                         
0000444d  I2C_MasterPoke_to_receive                          
000044ad  I2C_Push_to_Transmit                               
00004539  I2C_Pop_the_Received                               
000045d9  Queue_Create_STATIC_uint32                         
000045ff  Queue_Destroy_STATIC_uint32                        
00004615  Queue_Init_uint32_s                                
00004665  Queue_CleanUp_uint32_s                             
00004671  Queue_isFull_uint32_s                              
0000469d  Queue_isEmpty_uint32_s                             
000046bb  Queue_getSize_uint32_s                             
000046cb  Queue_insert_uint32_s                              
00004713  Queue_remove_uint32_s                              
0000475f  Queue_Create_STATIC_uint16                         
00004785  Queue_Destroy_STATIC_uint16                        
00004795  Queue_Init_uint16_s                                
000047db  Queue_CleanUp_uint16_s                             
000047e7  Queue_isFull_uint16_s                              
00004813  Queue_isEmpty_uint16_s                             
00004831  Queue_getSize_uint16_s                             
00004841  Queue_insert_uint16_s                              
000048a1  Queue_remove_uint16_s                              
000048f3  Queue_Create_STATIC_uint8                          
00004919  Queue_Destroy_STATIC_uint8                         
00004929  Queue_Init_uint8_s                                 
0000496f  Queue_CleanUp_uint8_s                              
0000497b  Queue_isFull_uint8_s                               
000049a7  Queue_isEmpty_uint8_s                              
000049c5  Queue_getSize_uint8_s                              
000049d5  Queue_insert_uint8_s                               
00004a35  Queue_remove_uint8_s                               
00004a85  Queue_Create_DYNAMIC_uint32                        
00004acb  Queue_Destroy_DYNAMIC_uint32                       
00004ae1  Queue_Init_uint32_d                                
00004b43  Queue_CleanUp_uint32_d                             
00004b51  Queue_isFull_uint32_d                              
00004b79  Queue_isEmpty_uint32_d                             
00004b93  Queue_getSize_uint32_d                             
00004bb5  Queue_insert_uint32_d                              
00004bf5  Queue_remove_uint32_d                              
00004c39  Queue_Create_DYNAMIC_uint16                        
00004c77  Queue_Destroy_DYNAMIC_uint16                       
00004c8d  Queue_Init_uint16_d                                
00004cef  Queue_CleanUp_uint16_d                             
00004cfd  Queue_isFull_uint16_d                              
00004d25  Queue_isEmpty_uint16_d                             
00004d3f  Queue_getSize_uint16_d                             
00004d61  Queue_insert_uint16_d                              
00004da5  Queue_remove_uint16_d                              
00004def  Queue_Create_DYNAMIC_uint8                         
00004e2d  Queue_Destroy_DYNAMIC_uint8                        
00004e43  Queue_Init_uint8_d                                 
00004ea3  Queue_CleanUp_uint8_d                              
00004eb1  Queue_isFull_uint8_d                               
00004ed9  Queue_isEmpty_uint8_d                              
00004ef3  Queue_getSize_uint8_d                              
00004f15  Queue_insert_uint8_d                               
00004f57  Queue_remove_uint8_d                               
00004fc1  SetPinInitialValue                                 
00005003  SetPinDirection                                    
00005045  SetInternalAttach                                  
000050c3  SetAlternativeFunction                             
0000512b  SetOutputCurrentValue                              
0000518b  GetPortAddress                                     
000051fd  Port_Init                                          
000056e1  IntCtrl_Init                                       
000059fd  IntCtrl_DisableInterrupt                           
00005b4d  IntCtrl_Enable_Interrupt                           
00005c81  IntCtrl_ChangePriority                             
00005dc1  LCD_Create                                         
00005f7f  LCD_DIO_Write_Cmd_Function                         
0000604f  LCD_DIO_Read_Cmd_Function                          
00006079  LCD_DIO_Write_Data_Function                        
00006139  LCD_DIO_Read_Data_Function                         
00006169  LCD_I2C_Write_Cmd_Function                         
0000623d  LCD_I2C_Read_Cmd_Function                          
00006265  LCD_I2C_Write_Data_Function                        
0000635f  LCD_I2C_Read_Data_Function                         
00006375  LCD_Init                                           
000063a7  LCD_CleanUp                                        
000063d5  Dio_ReadChannel                                    
000064c5  Dio_WriteChannel                                   
000066c5  Dio_ReadPort                                       
00006745  Dio_WritePort                                      
000067c1  Dio_FlipChannel                                    
000069b5  Test_I2C_LCD                                       
000069ff  main                                               
00006a09  Test_PWM_Generation_NoISR_Configs                  
00006a47  Test_I2C_AlwaysFullBuffer_NoISR_Configs            
00006ba9  Send_Msg_I2C0                                      
00006bcb  Send_Msg_I2C1                                      
00006bed  Test_UART_AlwaysFullBuffer_ISR_Configs             
00006cb3  App_Function                                       
00006cb5  App_Uart5_Tx_CallBack                              
00006cbf  App_Uart7_Tx_CallBack                              
00006ccf  Send_Msg_UART5                                     
00006cf1  Send_Msg_UART7                                     
00006d13  Rcv_Msg                                            
00006dcf  _nop                                               
00006dd1  aligned_alloc                                      
00006dd1  memalign                                           
00006ed1  free                                               
00006fb5  WriteUsingBB                                       
00007021  Delay_ms                                           
00007061  __aeabi_memcpy                                     
00007061  __aeabi_memcpy4                                    
00007061  __aeabi_memcpy8                                    
00007061  memcpy                                             
0000716d  __TI_decompress_lzss                               
000071d5  __TI_auto_init_nobinit_nopinit                     
00007219  _c_int00_noargs                                    
00007275  __TI_zero_init_nomemset                            
000072ad  __aeabi_lmul                                       
000072c5  __TI_decompress_none                               
000072d3  ResetISR                                           
000072df  malloc                                             
000072e7  _system_pre_init                                   
000072eb  C$$EXIT                                            
000072eb  abort                                              
000072f0  GPT_ConfigPtr_Container                            
00007424  Initialized_Interrupt_Container                    
00007524  UART_Container                                     
0000754c  PWM_Container                                      
00007568  I2C_Container                                      
00007577  ConfigPtr                                          
00007598  __TI_Handler_Table_Base                            
000075a4  __TI_Handler_Table_Limit                           
000075b0  __TI_CINIT_Base                                    
000075c0  __TI_CINIT_Limit                                   
20000000  __stack                                            
20000000  __start___llvm_prf_cnts                            
20000000  __stop___llvm_prf_cnts                             
20000200  __STACK_END                                        
20000200  __STACK_TOP                                        
2000030c  _lock                                              
20000310  _unlock                                            
20000324  Lcd_DIO_Config                                     
20000324  UART_Queue_Buffer                                  
200003a4  Lcd_I2C_Config                                     
200003a8  _sys_memory                                        
ffffffff  __TI_pprof_out_hndl                                
ffffffff  __TI_prof_data_size                                
ffffffff  __TI_prof_data_start                               
ffffffff  __binit__                                          
ffffffff  __c_args__                                         
ffffffff  binit                                              
UNDEFED   __mpu_init                                         
UNDEFED   _system_post_cinit                                 

[234 symbols]
