<?xml version="1.0" encoding="ISO-8859-1" ?>
<link_info>
   <banner>TI ARM Linker PC v20.2.7.LTS</banner>
   <copyright>Copyright (c) 1996-2018 Texas Instruments Incorporated</copyright>
   <link_time>0x63e1ccb3</link_time>
   <link_errors>0x0</link_errors>
   <output_file>TIVA_C_MCAL.out</output_file>
   <entry_point>
      <name>_c_int00_noargs</name>
      <address>0x71f1</address>
   </entry_point>
   <input_file_list>
      <input_file id="fl-2">
         <path>.\</path>
         <kind>object</kind>
         <file>tm4c123gh6pm_startup_ccs.obj</file>
         <name>tm4c123gh6pm_startup_ccs.obj</name>
      </input_file>
      <input_file id="fl-3">
         <path>.\App\</path>
         <kind>object</kind>
         <file>main.obj</file>
         <name>main.obj</name>
      </input_file>
      <input_file id="fl-4">
         <path>.\Common\DataStructure\Queue\static\src\</path>
         <kind>object</kind>
         <file>Queue.obj</file>
         <name>Queue.obj</name>
      </input_file>
      <input_file id="fl-5">
         <path>.\Common\DataStructure\Stack\Dynamic\src\</path>
         <kind>object</kind>
         <file>Stack_Lcfg.obj</file>
         <name>Stack_Lcfg.obj</name>
      </input_file>
      <input_file id="fl-6">
         <path>.\Common\DataStructure\Stack\Static\src\</path>
         <kind>object</kind>
         <file>Stack.obj</file>
         <name>Stack.obj</name>
      </input_file>
      <input_file id="fl-7">
         <path>.\Common\</path>
         <kind>object</kind>
         <file>Std_Types_Helper.obj</file>
         <name>Std_Types_Helper.obj</name>
      </input_file>
      <input_file id="fl-8">
         <path>.\HAL\LCD\Dynamic\src\</path>
         <kind>object</kind>
         <file>LCD_Lcfg.obj</file>
         <name>LCD_Lcfg.obj</name>
      </input_file>
      <input_file id="fl-9">
         <path>.\HAL\LCD\Static\src\</path>
         <kind>object</kind>
         <file>LCD.obj</file>
         <name>LCD.obj</name>
      </input_file>
      <input_file id="fl-a">
         <path>.\HAL\MP3\Dynamic\src\</path>
         <kind>object</kind>
         <file>MP3_Lcfg.obj</file>
         <name>MP3_Lcfg.obj</name>
      </input_file>
      <input_file id="fl-b">
         <path>.\HAL\MP3\Static\src\</path>
         <kind>object</kind>
         <file>MP3.obj</file>
         <name>MP3.obj</name>
      </input_file>
      <input_file id="fl-c">
         <path>.\HAL\Sensor\Dynamic\src\</path>
         <kind>object</kind>
         <file>Sensor_Lcfg.obj</file>
         <name>Sensor_Lcfg.obj</name>
      </input_file>
      <input_file id="fl-d">
         <path>.\HAL\Sensor\Static\src\</path>
         <kind>object</kind>
         <file>Sensor.obj</file>
         <name>Sensor.obj</name>
      </input_file>
      <input_file id="fl-e">
         <path>.\Mcal\ADC\Dynamic\src\</path>
         <kind>object</kind>
         <file>ADC_Lcfg.obj</file>
         <name>ADC_Lcfg.obj</name>
      </input_file>
      <input_file id="fl-f">
         <path>.\Mcal\ADC\Static\src\</path>
         <kind>object</kind>
         <file>ADC.obj</file>
         <name>ADC.obj</name>
      </input_file>
      <input_file id="fl-10">
         <path>.\Mcal\DIO\Dynamic\src\</path>
         <kind>object</kind>
         <file>DIO_Lcfg.obj</file>
         <name>DIO_Lcfg.obj</name>
      </input_file>
      <input_file id="fl-11">
         <path>.\Mcal\DIO\Static\src\</path>
         <kind>object</kind>
         <file>DIO.obj</file>
         <name>DIO.obj</name>
      </input_file>
      <input_file id="fl-12">
         <path>.\Mcal\GPT\Dynamic\src\</path>
         <kind>object</kind>
         <file>GPT_Lcfg.obj</file>
         <name>GPT_Lcfg.obj</name>
      </input_file>
      <input_file id="fl-13">
         <path>.\Mcal\GPT\Static\src\</path>
         <kind>object</kind>
         <file>GPT.obj</file>
         <name>GPT.obj</name>
      </input_file>
      <input_file id="fl-14">
         <path>.\Mcal\I2C\Dynamic\Src\</path>
         <kind>object</kind>
         <file>I2C_Lcfg.obj</file>
         <name>I2C_Lcfg.obj</name>
      </input_file>
      <input_file id="fl-15">
         <path>.\Mcal\I2C\Static\Src\</path>
         <kind>object</kind>
         <file>I2C.obj</file>
         <name>I2C.obj</name>
      </input_file>
      <input_file id="fl-16">
         <path>.\Mcal\I2C\Trying\</path>
         <kind>object</kind>
         <file>i2c_try.obj</file>
         <name>i2c_try.obj</name>
      </input_file>
      <input_file id="fl-17">
         <path>.\Mcal\IntCtrl\Dynamic\src\</path>
         <kind>object</kind>
         <file>IntCtrl_Lcfg.obj</file>
         <name>IntCtrl_Lcfg.obj</name>
      </input_file>
      <input_file id="fl-18">
         <path>.\Mcal\IntCtrl\Static\src\</path>
         <kind>object</kind>
         <file>IntCtrl.obj</file>
         <name>IntCtrl.obj</name>
      </input_file>
      <input_file id="fl-19">
         <path>.\Mcal\PORT\Dynamic\src\</path>
         <kind>object</kind>
         <file>PORT_Lcfg.obj</file>
         <name>PORT_Lcfg.obj</name>
      </input_file>
      <input_file id="fl-1a">
         <path>.\Mcal\PORT\Static\src\</path>
         <kind>object</kind>
         <file>PORT.obj</file>
         <name>PORT.obj</name>
      </input_file>
      <input_file id="fl-1b">
         <path>.\Mcal\PWM\Dynamic\src\</path>
         <kind>object</kind>
         <file>PWM_Lcfg.obj</file>
         <name>PWM_Lcfg.obj</name>
      </input_file>
      <input_file id="fl-1c">
         <path>.\Mcal\PWM\Static\src\</path>
         <kind>object</kind>
         <file>PWM.obj</file>
         <name>PWM.obj</name>
      </input_file>
      <input_file id="fl-1d">
         <path>.\Mcal\SysCtl\Dynamic\src\</path>
         <kind>object</kind>
         <file>SysCtl_Lcfg.obj</file>
         <name>SysCtl_Lcfg.obj</name>
      </input_file>
      <input_file id="fl-1e">
         <path>.\Mcal\SysCtl\Static\src\</path>
         <kind>object</kind>
         <file>SysCtl.obj</file>
         <name>SysCtl.obj</name>
      </input_file>
      <input_file id="fl-1f">
         <path>.\Mcal\SysTick\Dynamic\src\</path>
         <kind>object</kind>
         <file>SysTick_Lcfg.obj</file>
         <name>SysTick_Lcfg.obj</name>
      </input_file>
      <input_file id="fl-20">
         <path>.\Mcal\SysTick\Static\src\</path>
         <kind>object</kind>
         <file>SysTick.obj</file>
         <name>SysTick.obj</name>
      </input_file>
      <input_file id="fl-21">
         <path>.\Mcal\UART\Dynamic\src\</path>
         <kind>object</kind>
         <file>UART_Lcfg.obj</file>
         <name>UART_Lcfg.obj</name>
      </input_file>
      <input_file id="fl-22">
         <path>.\Mcal\UART\Static\src\</path>
         <kind>object</kind>
         <file>UART.obj</file>
         <name>UART.obj</name>
      </input_file>
      <input_file id="fl-23">
         <path>.\Mcal\WDT\Dynamic\src\</path>
         <kind>object</kind>
         <file>WDT_Lcfg.obj</file>
         <name>WDT_Lcfg.obj</name>
      </input_file>
      <input_file id="fl-24">
         <path>.\Mcal\WDT\Static\src\</path>
         <kind>object</kind>
         <file>WDT.obj</file>
         <name>WDT.obj</name>
      </input_file>
      <input_file id="fl-28">
         <kind>object</kind>
         <file>&lt;internal&gt;</file>
         <name>&lt;internal&gt;</name>
      </input_file>
      <input_file id="fl-de">
         <path>C:\ti\ccs1210\ccs\tools\compiler\ti-cgt-arm_20.2.7.LTS\lib\</path>
         <kind>archive</kind>
         <file>rtsv7M4_T_le_v4SPD16_eabi.lib</file>
         <name>ll_mul_t2.asm.obj</name>
      </input_file>
      <input_file id="fl-df">
         <path>C:\ti\ccs1210\ccs\tools\compiler\ti-cgt-arm_20.2.7.LTS\lib\</path>
         <kind>archive</kind>
         <file>rtsv7M4_T_le_v4SPD16_eabi.lib</file>
         <name>copy_zero_init.c.obj</name>
      </input_file>
      <input_file id="fl-e0">
         <path>C:\ti\ccs1210\ccs\tools\compiler\ti-cgt-arm_20.2.7.LTS\lib\</path>
         <kind>archive</kind>
         <file>rtsv7M4_T_le_v4SPD16_eabi.lib</file>
         <name>copy_decompress_none.c.obj</name>
      </input_file>
      <input_file id="fl-e1">
         <path>C:\ti\ccs1210\ccs\tools\compiler\ti-cgt-arm_20.2.7.LTS\lib\</path>
         <kind>archive</kind>
         <file>rtsv7M4_T_le_v4SPD16_eabi.lib</file>
         <name>copy_decompress_lzss.c.obj</name>
      </input_file>
      <input_file id="fl-e2">
         <path>C:\ti\ccs1210\ccs\tools\compiler\ti-cgt-arm_20.2.7.LTS\lib\</path>
         <kind>archive</kind>
         <file>rtsv7M4_T_le_v4SPD16_eabi.lib</file>
         <name>memory.c.obj</name>
      </input_file>
      <input_file id="fl-e3">
         <path>C:\ti\ccs1210\ccs\tools\compiler\ti-cgt-arm_20.2.7.LTS\lib\</path>
         <kind>archive</kind>
         <file>rtsv7M4_T_le_v4SPD16_eabi.lib</file>
         <name>boot_cortex_m.c.obj</name>
      </input_file>
      <input_file id="fl-e4">
         <path>C:\ti\ccs1210\ccs\tools\compiler\ti-cgt-arm_20.2.7.LTS\lib\</path>
         <kind>archive</kind>
         <file>rtsv7M4_T_le_v4SPD16_eabi.lib</file>
         <name>memcpy_t2.asm.obj</name>
      </input_file>
      <input_file id="fl-e5">
         <path>C:\ti\ccs1210\ccs\tools\compiler\ti-cgt-arm_20.2.7.LTS\lib\</path>
         <kind>archive</kind>
         <file>rtsv7M4_T_le_v4SPD16_eabi.lib</file>
         <name>memset_t2.asm.obj</name>
      </input_file>
      <input_file id="fl-e6">
         <path>C:\ti\ccs1210\ccs\tools\compiler\ti-cgt-arm_20.2.7.LTS\lib\</path>
         <kind>archive</kind>
         <file>rtsv7M4_T_le_v4SPD16_eabi.lib</file>
         <name>autoinit.c.obj</name>
      </input_file>
      <input_file id="fl-e7">
         <path>C:\ti\ccs1210\ccs\tools\compiler\ti-cgt-arm_20.2.7.LTS\lib\</path>
         <kind>archive</kind>
         <file>rtsv7M4_T_le_v4SPD16_eabi.lib</file>
         <name>pre_init.c.obj</name>
      </input_file>
      <input_file id="fl-e8">
         <path>C:\ti\ccs1210\ccs\tools\compiler\ti-cgt-arm_20.2.7.LTS\lib\</path>
         <kind>archive</kind>
         <file>rtsv7M4_T_le_v4SPD16_eabi.lib</file>
         <name>cpy_tbl.c.obj</name>
      </input_file>
      <input_file id="fl-e9">
         <path>C:\ti\ccs1210\ccs\tools\compiler\ti-cgt-arm_20.2.7.LTS\lib\</path>
         <kind>archive</kind>
         <file>rtsv7M4_T_le_v4SPD16_eabi.lib</file>
         <name>exit.c.obj</name>
      </input_file>
      <input_file id="fl-ea">
         <path>C:\ti\ccs1210\ccs\tools\compiler\ti-cgt-arm_20.2.7.LTS\lib\</path>
         <kind>archive</kind>
         <file>rtsv7M4_T_le_v4SPD16_eabi.lib</file>
         <name>_lock.c.obj</name>
      </input_file>
      <input_file id="fl-eb">
         <path>C:\ti\ccs1210\ccs\tools\compiler\ti-cgt-arm_20.2.7.LTS\lib\</path>
         <kind>archive</kind>
         <file>rtsv7M4_T_le_v4SPD16_eabi.lib</file>
         <name>args_main.c.obj</name>
      </input_file>
   </input_file_list>
   <object_component_list>
      <object_component id="oc-12">
         <name>.intvecs</name>
         <load_address>0x0</load_address>
         <run_address>0x0</run_address>
         <size>0x26c</size>
         <input_file_ref idref="fl-2"/>
      </object_component>
      <object_component id="oc-db">
         <name>.text</name>
         <load_address>0x26c</load_address>
         <run_address>0x26c</run_address>
         <size>0x1b30</size>
         <input_file_ref idref="fl-13"/>
      </object_component>
      <object_component id="oc-e7">
         <name>.text</name>
         <load_address>0x1d9c</load_address>
         <run_address>0x1d9c</run_address>
         <size>0x13cc</size>
         <input_file_ref idref="fl-1c"/>
      </object_component>
      <object_component id="oc-f9">
         <name>.text</name>
         <load_address>0x3168</load_address>
         <run_address>0x3168</run_address>
         <size>0xdf4</size>
         <input_file_ref idref="fl-22"/>
      </object_component>
      <object_component id="oc-f3">
         <name>.text</name>
         <load_address>0x3f5c</load_address>
         <run_address>0x3f5c</run_address>
         <size>0xcb4</size>
         <input_file_ref idref="fl-15"/>
      </object_component>
      <object_component id="oc-1a9">
         <name>.text</name>
         <load_address>0x4c10</load_address>
         <run_address>0x4c10</run_address>
         <size>0x9e8</size>
         <input_file_ref idref="fl-4"/>
      </object_component>
      <object_component id="oc-d5">
         <name>.text</name>
         <load_address>0x55f8</load_address>
         <run_address>0x55f8</run_address>
         <size>0x720</size>
         <input_file_ref idref="fl-1a"/>
      </object_component>
      <object_component id="oc-e1">
         <name>.text</name>
         <load_address>0x5d18</load_address>
         <run_address>0x5d18</run_address>
         <size>0x6e0</size>
         <input_file_ref idref="fl-18"/>
      </object_component>
      <object_component id="oc-ff">
         <name>.text</name>
         <load_address>0x63f8</load_address>
         <run_address>0x63f8</run_address>
         <size>0x5e0</size>
         <input_file_ref idref="fl-11"/>
      </object_component>
      <object_component id="oc-a2">
         <name>.text</name>
         <load_address>0x69d8</load_address>
         <run_address>0x69d8</run_address>
         <size>0x3ce</size>
         <input_file_ref idref="fl-3"/>
      </object_component>
      <object_component id="oc-252">
         <name>.text:_nop</name>
         <load_address>0x6da6</load_address>
         <run_address>0x6da6</run_address>
         <size>0x2</size>
         <input_file_ref idref="fl-ea"/>
      </object_component>
      <object_component id="oc-1c6">
         <name>.text:aligned_alloc</name>
         <load_address>0x6da8</load_address>
         <run_address>0x6da8</run_address>
         <size>0x100</size>
         <input_file_ref idref="fl-e2"/>
      </object_component>
      <object_component id="oc-223">
         <name>.text:free</name>
         <load_address>0x6ea8</load_address>
         <run_address>0x6ea8</run_address>
         <size>0xe4</size>
         <input_file_ref idref="fl-e2"/>
      </object_component>
      <object_component id="oc-ed">
         <name>.text</name>
         <load_address>0x6f8c</load_address>
         <run_address>0x6f8c</run_address>
         <size>0xac</size>
         <input_file_ref idref="fl-7"/>
      </object_component>
      <object_component id="oc-3e">
         <name>.text</name>
         <load_address>0x7038</load_address>
         <run_address>0x7038</run_address>
         <size>0x9c</size>
         <input_file_ref idref="fl-e4"/>
      </object_component>
      <object_component id="oc-246">
         <name>.text:split</name>
         <load_address>0x70d4</load_address>
         <run_address>0x70d4</run_address>
         <size>0x70</size>
         <input_file_ref idref="fl-e2"/>
      </object_component>
      <object_component id="oc-15">
         <name>.text:decompress:lzss:__TI_decompress_lzss</name>
         <load_address>0x7144</load_address>
         <run_address>0x7144</run_address>
         <size>0x68</size>
         <input_file_ref idref="fl-e1"/>
      </object_component>
      <object_component id="oc-11e">
         <name>.text:__TI_auto_init_nobinit_nopinit:__TI_auto_init_nobinit_nopinit</name>
         <load_address>0x71ac</load_address>
         <run_address>0x71ac</run_address>
         <size>0x44</size>
         <input_file_ref idref="fl-e6"/>
      </object_component>
      <object_component id="oc-5c">
         <name>.text:_c_int00_noargs:_c_int00_noargs</name>
         <load_address>0x71f0</load_address>
         <run_address>0x71f0</run_address>
         <size>0x34</size>
         <input_file_ref idref="fl-e3"/>
      </object_component>
      <object_component id="oc-240">
         <name>.text:free_list_insert</name>
         <load_address>0x7224</load_address>
         <run_address>0x7224</run_address>
         <size>0x28</size>
         <input_file_ref idref="fl-e2"/>
      </object_component>
      <object_component id="oc-4a">
         <name>.text:decompress:ZI:__TI_zero_init_nomemset:__TI_zero_init_nomemset</name>
         <load_address>0x724c</load_address>
         <run_address>0x724c</run_address>
         <size>0x1c</size>
         <input_file_ref idref="fl-df"/>
      </object_component>
      <object_component id="oc-23a">
         <name>.text:free_list_remove</name>
         <load_address>0x7268</load_address>
         <run_address>0x7268</run_address>
         <size>0x1c</size>
         <input_file_ref idref="fl-e2"/>
      </object_component>
      <object_component id="oc-19c">
         <name>.text</name>
         <load_address>0x7284</load_address>
         <run_address>0x7284</run_address>
         <size>0x18</size>
         <input_file_ref idref="fl-de"/>
      </object_component>
      <object_component id="oc-1b">
         <name>.text:decompress:none:__TI_decompress_none</name>
         <load_address>0x729c</load_address>
         <run_address>0x729c</run_address>
         <size>0xe</size>
         <input_file_ref idref="fl-e0"/>
      </object_component>
      <object_component id="oc-2a">
         <name>.text</name>
         <load_address>0x72aa</load_address>
         <run_address>0x72aa</run_address>
         <size>0xc</size>
         <input_file_ref idref="fl-2"/>
      </object_component>
      <object_component id="oc-105">
         <name>.text:malloc</name>
         <load_address>0x72b6</load_address>
         <run_address>0x72b6</run_address>
         <size>0x8</size>
         <input_file_ref idref="fl-e2"/>
      </object_component>
      <object_component id="oc-9c">
         <name>.text:_system_pre_init</name>
         <load_address>0x72be</load_address>
         <run_address>0x72be</run_address>
         <size>0x4</size>
         <input_file_ref idref="fl-e7"/>
      </object_component>
      <object_component id="oc-112">
         <name>.text:abort:abort</name>
         <load_address>0x72c2</load_address>
         <run_address>0x72c2</run_address>
         <size>0x4</size>
         <input_file_ref idref="fl-e9"/>
      </object_component>
      <object_component id="oc-160">
         <name>.const:GPT_ConfigPtr_Container</name>
         <load_address>0x72c8</load_address>
         <run_address>0x72c8</run_address>
         <size>0x134</size>
         <input_file_ref idref="fl-12"/>
      </object_component>
      <object_component id="oc-17c">
         <name>.const:Initialized_Interrupt_Container</name>
         <load_address>0x73fc</load_address>
         <run_address>0x73fc</run_address>
         <size>0xfe</size>
         <input_file_ref idref="fl-17"/>
      </object_component>
      <object_component id="oc-189">
         <name>.const:PWM_Container</name>
         <load_address>0x74fc</load_address>
         <run_address>0x74fc</run_address>
         <size>0x28</size>
         <input_file_ref idref="fl-1b"/>
      </object_component>
      <object_component id="oc-1bc">
         <name>.const:UART_Container</name>
         <load_address>0x7524</load_address>
         <run_address>0x7524</run_address>
         <size>0x28</size>
         <input_file_ref idref="fl-21"/>
      </object_component>
      <object_component id="oc-1af">
         <name>.const:I2C_Container</name>
         <load_address>0x754c</load_address>
         <run_address>0x754c</run_address>
         <size>0xf</size>
         <input_file_ref idref="fl-14"/>
      </object_component>
      <object_component id="oc-150">
         <name>.const:ConfigPtr</name>
         <load_address>0x755b</load_address>
         <run_address>0x755b</run_address>
         <size>0xc</size>
         <input_file_ref idref="fl-19"/>
      </object_component>
      <object_component id="oc-2c4">
         <name>.cinit..data.load</name>
         <load_address>0x7568</load_address>
         <run_address>0x7568</run_address>
         <size>0x17</size>
      </object_component>
      <object_component id="oc-2c2">
         <name>__TI_handler_table</name>
         <load_address>0x7580</load_address>
         <run_address>0x7580</run_address>
         <size>0xc</size>
      </object_component>
      <object_component id="oc-2c5">
         <name>.cinit..bss.load</name>
         <load_address>0x7590</load_address>
         <run_address>0x7590</run_address>
         <size>0x8</size>
      </object_component>
      <object_component id="oc-2c3">
         <name>__TI_cinit_table</name>
         <load_address>0x7598</load_address>
         <run_address>0x7598</run_address>
         <size>0x10</size>
      </object_component>
      <object_component id="oc-163">
         <name>.data</name>
         <load_address>0x200002fc</load_address>
         <run_address>0x200002fc</run_address>
         <size>0x10</size>
         <input_file_ref idref="fl-13"/>
      </object_component>
      <object_component id="oc-172">
         <name>.data:G_SW_PreScaler_RealCounter</name>
         <load_address>0x20000200</load_address>
         <run_address>0x20000200</run_address>
         <size>0x3c</size>
         <input_file_ref idref="fl-13"/>
      </object_component>
      <object_component id="oc-16f">
         <name>.data:G_SW_PreScaling</name>
         <load_address>0x2000023c</load_address>
         <run_address>0x2000023c</run_address>
         <size>0x3c</size>
         <input_file_ref idref="fl-13"/>
      </object_component>
      <object_component id="oc-16c">
         <name>.data:G_BitShifting</name>
         <load_address>0x20000278</load_address>
         <run_address>0x20000278</run_address>
         <size>0x2c</size>
         <input_file_ref idref="fl-13"/>
      </object_component>
      <object_component id="oc-169">
         <name>.data:G_BitShiftingGuarding</name>
         <load_address>0x200002a4</load_address>
         <run_address>0x200002a4</run_address>
         <size>0x2c</size>
         <input_file_ref idref="fl-13"/>
      </object_component>
      <object_component id="oc-166">
         <name>.data:G_BitUsedGuarding</name>
         <load_address>0x200002d0</load_address>
         <run_address>0x200002d0</run_address>
         <size>0x2c</size>
         <input_file_ref idref="fl-13"/>
      </object_component>
      <object_component id="oc-1a3">
         <name>.data</name>
         <load_address>0x2000031c</load_address>
         <run_address>0x2000031c</run_address>
         <size>0x2</size>
         <input_file_ref idref="fl-15"/>
      </object_component>
      <object_component id="oc-153">
         <name>.data</name>
         <load_address>0x20000320</load_address>
         <run_address>0x20000320</run_address>
         <size>0x1</size>
         <input_file_ref idref="fl-1a"/>
      </object_component>
      <object_component id="oc-192">
         <name>.data</name>
         <load_address>0x2000031e</load_address>
         <run_address>0x2000031e</run_address>
         <size>0x2</size>
         <input_file_ref idref="fl-1c"/>
      </object_component>
      <object_component id="oc-24c">
         <name>.data:$O1$$</name>
         <load_address>0x20000314</load_address>
         <run_address>0x20000314</run_address>
         <size>0x8</size>
         <input_file_ref idref="fl-e2"/>
      </object_component>
      <object_component id="oc-1d3">
         <name>.data:$O1$$</name>
         <load_address>0x2000030c</load_address>
         <run_address>0x2000030c</run_address>
         <size>0x8</size>
         <input_file_ref idref="fl-ea"/>
      </object_component>
      <object_component id="oc-1a6">
         <name>.bss:I2C_Queue_Buffer</name>
         <uninitialized>true</uninitialized>
         <run_address>0x20000364</run_address>
         <size>0x20</size>
         <input_file_ref idref="fl-15"/>
      </object_component>
      <object_component id="oc-186">
         <name>.bss:Low_thresholds</name>
         <uninitialized>true</uninitialized>
         <run_address>0x200003a4</run_address>
         <size>0x10</size>
         <input_file_ref idref="fl-1c"/>
      </object_component>
      <object_component id="oc-18c">
         <name>.bss:High_thresholds</name>
         <uninitialized>true</uninitialized>
         <run_address>0x20000384</run_address>
         <size>0x10</size>
         <input_file_ref idref="fl-1c"/>
      </object_component>
      <object_component id="oc-18f">
         <name>.bss:Load_Values</name>
         <uninitialized>true</uninitialized>
         <run_address>0x20000394</run_address>
         <size>0x10</size>
         <input_file_ref idref="fl-1c"/>
      </object_component>
      <object_component id="oc-1b9">
         <name>.common:UART_Queue_Buffer</name>
         <uninitialized>true</uninitialized>
         <run_address>0x20000324</run_address>
         <size>0x40</size>
      </object_component>
      <object_component id="oc-24">
         <name>.sysmem</name>
         <uninitialized>true</uninitialized>
         <run_address>0x200003b8</run_address>
         <size>0x10</size>
         <input_file_ref idref="fl-e2"/>
      </object_component>
      <object_component id="oc-2c8">
         <name>.sysmem</name>
         <uninitialized>true</uninitialized>
         <run_address>0x200003b8</run_address>
         <size>0x0</size>
      </object_component>
      <object_component id="oc-27">
         <name>.stack</name>
         <uninitialized>true</uninitialized>
         <run_address>0x20000000</run_address>
         <size>0x4</size>
         <input_file_ref idref="fl-e3"/>
      </object_component>
      <object_component id="oc-2c7">
         <name>.stack</name>
         <uninitialized>true</uninitialized>
         <run_address>0x20000000</run_address>
         <size>0x0</size>
      </object_component>
      <object_component id="oc-32">
         <name>.debug_info</name>
         <load_address>0x0</load_address>
         <run_address>0x0</run_address>
         <size>0x2b6</size>
         <input_file_ref idref="fl-2"/>
      </object_component>
      <object_component id="oc-13">
         <name>.debug_info</name>
         <load_address>0x2b6</load_address>
         <run_address>0x2b6</run_address>
         <size>0xf5</size>
         <input_file_ref idref="fl-2"/>
      </object_component>
      <object_component id="oc-2b">
         <name>.debug_info</name>
         <load_address>0x3ab</load_address>
         <run_address>0x3ab</run_address>
         <size>0x271</size>
         <input_file_ref idref="fl-2"/>
      </object_component>
      <object_component id="oc-77">
         <name>.debug_info</name>
         <load_address>0x61c</load_address>
         <run_address>0x61c</run_address>
         <size>0x26b</size>
         <input_file_ref idref="fl-2"/>
      </object_component>
      <object_component id="oc-39">
         <name>.debug_info</name>
         <load_address>0x887</load_address>
         <run_address>0x887</run_address>
         <size>0x84</size>
         <input_file_ref idref="fl-2"/>
      </object_component>
      <object_component id="oc-c0">
         <name>.debug_info</name>
         <load_address>0x90b</load_address>
         <run_address>0x90b</run_address>
         <size>0x2a4</size>
         <input_file_ref idref="fl-2"/>
      </object_component>
      <object_component id="oc-7c">
         <name>.debug_info</name>
         <load_address>0xbaf</load_address>
         <run_address>0xbaf</run_address>
         <size>0xbb</size>
         <input_file_ref idref="fl-2"/>
      </object_component>
      <object_component id="oc-10c">
         <name>.debug_info</name>
         <load_address>0xc6a</load_address>
         <run_address>0xc6a</run_address>
         <size>0x590</size>
         <input_file_ref idref="fl-3"/>
      </object_component>
      <object_component id="oc-a3">
         <name>.debug_info</name>
         <load_address>0x11fa</load_address>
         <run_address>0x11fa</run_address>
         <size>0xc6b</size>
         <input_file_ref idref="fl-3"/>
      </object_component>
      <object_component id="oc-1b3">
         <name>.debug_info</name>
         <load_address>0x1e65</load_address>
         <run_address>0x1e65</run_address>
         <size>0x380</size>
         <input_file_ref idref="fl-3"/>
      </object_component>
      <object_component id="oc-10d">
         <name>.debug_info</name>
         <load_address>0x21e5</load_address>
         <run_address>0x21e5</run_address>
         <size>0x34a</size>
         <input_file_ref idref="fl-3"/>
      </object_component>
      <object_component id="oc-15b">
         <name>.debug_info</name>
         <load_address>0x252f</load_address>
         <run_address>0x252f</run_address>
         <size>0x3c9</size>
         <input_file_ref idref="fl-3"/>
      </object_component>
      <object_component id="oc-181">
         <name>.debug_info</name>
         <load_address>0x28f8</load_address>
         <run_address>0x28f8</run_address>
         <size>0x3d7</size>
         <input_file_ref idref="fl-3"/>
      </object_component>
      <object_component id="oc-177">
         <name>.debug_info</name>
         <load_address>0x2ccf</load_address>
         <run_address>0x2ccf</run_address>
         <size>0x25a</size>
         <input_file_ref idref="fl-3"/>
      </object_component>
      <object_component id="oc-197">
         <name>.debug_info</name>
         <load_address>0x2f29</load_address>
         <run_address>0x2f29</run_address>
         <size>0x2ec</size>
         <input_file_ref idref="fl-3"/>
      </object_component>
      <object_component id="oc-1c1">
         <name>.debug_info</name>
         <load_address>0x3215</load_address>
         <run_address>0x3215</run_address>
         <size>0x245</size>
         <input_file_ref idref="fl-3"/>
      </object_component>
      <object_component id="oc-156">
         <name>.debug_info</name>
         <load_address>0x345a</load_address>
         <run_address>0x345a</run_address>
         <size>0xd9</size>
         <input_file_ref idref="fl-3"/>
      </object_component>
      <object_component id="oc-20a">
         <name>.debug_info</name>
         <load_address>0x3533</load_address>
         <run_address>0x3533</run_address>
         <size>0xa0</size>
         <input_file_ref idref="fl-3"/>
      </object_component>
      <object_component id="oc-22a">
         <name>.debug_info</name>
         <load_address>0x35d3</load_address>
         <run_address>0x35d3</run_address>
         <size>0x4cd</size>
         <input_file_ref idref="fl-4"/>
      </object_component>
      <object_component id="oc-1aa">
         <name>.debug_info</name>
         <load_address>0x3aa0</load_address>
         <run_address>0x3aa0</run_address>
         <size>0x37ae</size>
         <input_file_ref idref="fl-4"/>
      </object_component>
      <object_component id="oc-27c">
         <name>.debug_info</name>
         <load_address>0x724e</load_address>
         <run_address>0x724e</run_address>
         <size>0x110</size>
         <input_file_ref idref="fl-4"/>
      </object_component>
      <object_component id="oc-230">
         <name>.debug_info</name>
         <load_address>0x735e</load_address>
         <run_address>0x735e</run_address>
         <size>0x53d</size>
         <input_file_ref idref="fl-4"/>
      </object_component>
      <object_component id="oc-1a2">
         <name>.debug_info</name>
         <load_address>0x789b</load_address>
         <run_address>0x789b</run_address>
         <size>0x270</size>
         <input_file_ref idref="fl-7"/>
      </object_component>
      <object_component id="oc-ef">
         <name>.debug_info</name>
         <load_address>0x7b0b</load_address>
         <run_address>0x7b0b</run_address>
         <size>0x23d</size>
         <input_file_ref idref="fl-7"/>
      </object_component>
      <object_component id="oc-103">
         <name>.debug_info</name>
         <load_address>0x7d48</load_address>
         <run_address>0x7d48</run_address>
         <size>0x4b5</size>
         <input_file_ref idref="fl-11"/>
      </object_component>
      <object_component id="oc-1f6">
         <name>.debug_info</name>
         <load_address>0x81fd</load_address>
         <run_address>0x81fd</run_address>
         <size>0x135</size>
         <input_file_ref idref="fl-12"/>
      </object_component>
      <object_component id="oc-161">
         <name>.debug_info</name>
         <load_address>0x8332</load_address>
         <run_address>0x8332</run_address>
         <size>0x110</size>
         <input_file_ref idref="fl-12"/>
      </object_component>
      <object_component id="oc-176">
         <name>.debug_info</name>
         <load_address>0x8442</load_address>
         <run_address>0x8442</run_address>
         <size>0x317</size>
         <input_file_ref idref="fl-13"/>
      </object_component>
      <object_component id="oc-164">
         <name>.debug_info</name>
         <load_address>0x8759</load_address>
         <run_address>0x8759</run_address>
         <size>0xed</size>
         <input_file_ref idref="fl-13"/>
      </object_component>
      <object_component id="oc-173">
         <name>.debug_info</name>
         <load_address>0x8846</load_address>
         <run_address>0x8846</run_address>
         <size>0x10f</size>
         <input_file_ref idref="fl-13"/>
      </object_component>
      <object_component id="oc-170">
         <name>.debug_info</name>
         <load_address>0x8955</load_address>
         <run_address>0x8955</run_address>
         <size>0xf9</size>
         <input_file_ref idref="fl-13"/>
      </object_component>
      <object_component id="oc-16d">
         <name>.debug_info</name>
         <load_address>0x8a4e</load_address>
         <run_address>0x8a4e</run_address>
         <size>0xf5</size>
         <input_file_ref idref="fl-13"/>
      </object_component>
      <object_component id="oc-16a">
         <name>.debug_info</name>
         <load_address>0x8b43</load_address>
         <run_address>0x8b43</run_address>
         <size>0x105</size>
         <input_file_ref idref="fl-13"/>
      </object_component>
      <object_component id="oc-167">
         <name>.debug_info</name>
         <load_address>0x8c48</load_address>
         <run_address>0x8c48</run_address>
         <size>0xfd</size>
         <input_file_ref idref="fl-13"/>
      </object_component>
      <object_component id="oc-dc">
         <name>.debug_info</name>
         <load_address>0x8d45</load_address>
         <run_address>0x8d45</run_address>
         <size>0x18dc</size>
         <input_file_ref idref="fl-13"/>
      </object_component>
      <object_component id="oc-22d">
         <name>.debug_info</name>
         <load_address>0xa621</load_address>
         <run_address>0xa621</run_address>
         <size>0x100</size>
         <input_file_ref idref="fl-14"/>
      </object_component>
      <object_component id="oc-1b0">
         <name>.debug_info</name>
         <load_address>0xa721</load_address>
         <run_address>0xa721</run_address>
         <size>0xfc</size>
         <input_file_ref idref="fl-14"/>
      </object_component>
      <object_component id="oc-1b8">
         <name>.debug_info</name>
         <load_address>0xa81d</load_address>
         <run_address>0xa81d</run_address>
         <size>0x500</size>
         <input_file_ref idref="fl-15"/>
      </object_component>
      <object_component id="oc-1a7">
         <name>.debug_info</name>
         <load_address>0xad1d</load_address>
         <run_address>0xad1d</run_address>
         <size>0xfb</size>
         <input_file_ref idref="fl-15"/>
      </object_component>
      <object_component id="oc-1a4">
         <name>.debug_info</name>
         <load_address>0xae18</load_address>
         <run_address>0xae18</run_address>
         <size>0x13d</size>
         <input_file_ref idref="fl-15"/>
      </object_component>
      <object_component id="oc-f4">
         <name>.debug_info</name>
         <load_address>0xaf55</load_address>
         <run_address>0xaf55</run_address>
         <size>0x19e0</size>
         <input_file_ref idref="fl-15"/>
      </object_component>
      <object_component id="oc-207">
         <name>.debug_info</name>
         <load_address>0xc935</load_address>
         <run_address>0xc935</run_address>
         <size>0xec</size>
         <input_file_ref idref="fl-17"/>
      </object_component>
      <object_component id="oc-17d">
         <name>.debug_info</name>
         <load_address>0xca21</load_address>
         <run_address>0xca21</run_address>
         <size>0x128</size>
         <input_file_ref idref="fl-17"/>
      </object_component>
      <object_component id="oc-180">
         <name>.debug_info</name>
         <load_address>0xcb49</load_address>
         <run_address>0xcb49</run_address>
         <size>0x2d5</size>
         <input_file_ref idref="fl-18"/>
      </object_component>
      <object_component id="oc-e2">
         <name>.debug_info</name>
         <load_address>0xce1e</load_address>
         <run_address>0xce1e</run_address>
         <size>0x49b</size>
         <input_file_ref idref="fl-18"/>
      </object_component>
      <object_component id="oc-1f1">
         <name>.debug_info</name>
         <load_address>0xd2b9</load_address>
         <run_address>0xd2b9</run_address>
         <size>0xe6</size>
         <input_file_ref idref="fl-19"/>
      </object_component>
      <object_component id="oc-151">
         <name>.debug_info</name>
         <load_address>0xd39f</load_address>
         <run_address>0xd39f</run_address>
         <size>0xf6</size>
         <input_file_ref idref="fl-19"/>
      </object_component>
      <object_component id="oc-155">
         <name>.debug_info</name>
         <load_address>0xd495</load_address>
         <run_address>0xd495</run_address>
         <size>0x2a9</size>
         <input_file_ref idref="fl-1a"/>
      </object_component>
      <object_component id="oc-d7">
         <name>.debug_info</name>
         <load_address>0xd73e</load_address>
         <run_address>0xd73e</run_address>
         <size>0xa5f</size>
         <input_file_ref idref="fl-1a"/>
      </object_component>
      <object_component id="oc-213">
         <name>.debug_info</name>
         <load_address>0xe19d</load_address>
         <run_address>0xe19d</run_address>
         <size>0xe4</size>
         <input_file_ref idref="fl-1b"/>
      </object_component>
      <object_component id="oc-18a">
         <name>.debug_info</name>
         <load_address>0xe281</load_address>
         <run_address>0xe281</run_address>
         <size>0xfc</size>
         <input_file_ref idref="fl-1b"/>
      </object_component>
      <object_component id="oc-196">
         <name>.debug_info</name>
         <load_address>0xe37d</load_address>
         <run_address>0xe37d</run_address>
         <size>0x2b1</size>
         <input_file_ref idref="fl-1c"/>
      </object_component>
      <object_component id="oc-187">
         <name>.debug_info</name>
         <load_address>0xe62e</load_address>
         <run_address>0xe62e</run_address>
         <size>0xf7</size>
         <input_file_ref idref="fl-1c"/>
      </object_component>
      <object_component id="oc-18d">
         <name>.debug_info</name>
         <load_address>0xe725</load_address>
         <run_address>0xe725</run_address>
         <size>0xf9</size>
         <input_file_ref idref="fl-1c"/>
      </object_component>
      <object_component id="oc-190">
         <name>.debug_info</name>
         <load_address>0xe81e</load_address>
         <run_address>0xe81e</run_address>
         <size>0xf1</size>
         <input_file_ref idref="fl-1c"/>
      </object_component>
      <object_component id="oc-193">
         <name>.debug_info</name>
         <load_address>0xe90f</load_address>
         <run_address>0xe90f</run_address>
         <size>0xf9</size>
         <input_file_ref idref="fl-1c"/>
      </object_component>
      <object_component id="oc-eb">
         <name>.debug_info</name>
         <load_address>0xea08</load_address>
         <run_address>0xea08</run_address>
         <size>0x117c</size>
         <input_file_ref idref="fl-1c"/>
      </object_component>
      <object_component id="oc-239">
         <name>.debug_info</name>
         <load_address>0xfb84</load_address>
         <run_address>0xfb84</run_address>
         <size>0xf4</size>
         <input_file_ref idref="fl-21"/>
      </object_component>
      <object_component id="oc-1bd">
         <name>.debug_info</name>
         <load_address>0xfc78</load_address>
         <run_address>0xfc78</run_address>
         <size>0x100</size>
         <input_file_ref idref="fl-21"/>
      </object_component>
      <object_component id="oc-1ba">
         <name>.debug_info</name>
         <load_address>0xfd78</load_address>
         <run_address>0xfd78</run_address>
         <size>0x51f</size>
         <input_file_ref idref="fl-22"/>
      </object_component>
      <object_component id="oc-fd">
         <name>.debug_info</name>
         <load_address>0x10297</load_address>
         <run_address>0x10297</run_address>
         <size>0x21a3</size>
         <input_file_ref idref="fl-22"/>
      </object_component>
      <object_component id="oc-19f">
         <name>.debug_info</name>
         <load_address>0x1243a</load_address>
         <run_address>0x1243a</run_address>
         <size>0x122</size>
         <input_file_ref idref="fl-de"/>
      </object_component>
      <object_component id="oc-95">
         <name>.debug_info</name>
         <load_address>0x1255c</load_address>
         <run_address>0x1255c</run_address>
         <size>0x2d4</size>
         <input_file_ref idref="fl-df"/>
      </object_component>
      <object_component id="oc-4d">
         <name>.debug_info</name>
         <load_address>0x12830</load_address>
         <run_address>0x12830</run_address>
         <size>0x1d2</size>
         <input_file_ref idref="fl-df"/>
      </object_component>
      <object_component id="oc-90">
         <name>.debug_info</name>
         <load_address>0x12a02</load_address>
         <run_address>0x12a02</run_address>
         <size>0x46</size>
         <input_file_ref idref="fl-df"/>
      </object_component>
      <object_component id="oc-cc">
         <name>.debug_info</name>
         <load_address>0x12a48</load_address>
         <run_address>0x12a48</run_address>
         <size>0x2c</size>
         <input_file_ref idref="fl-df"/>
      </object_component>
      <object_component id="oc-49">
         <name>.debug_info</name>
         <load_address>0x12a74</load_address>
         <run_address>0x12a74</run_address>
         <size>0x2a8</size>
         <input_file_ref idref="fl-e0"/>
      </object_component>
      <object_component id="oc-1e">
         <name>.debug_info</name>
         <load_address>0x12d1c</load_address>
         <run_address>0x12d1c</run_address>
         <size>0x1ea</size>
         <input_file_ref idref="fl-e0"/>
      </object_component>
      <object_component id="oc-44">
         <name>.debug_info</name>
         <load_address>0x12f06</load_address>
         <run_address>0x12f06</run_address>
         <size>0x46</size>
         <input_file_ref idref="fl-e0"/>
      </object_component>
      <object_component id="oc-88">
         <name>.debug_info</name>
         <load_address>0x12f4c</load_address>
         <run_address>0x12f4c</run_address>
         <size>0x2c</size>
         <input_file_ref idref="fl-e0"/>
      </object_component>
      <object_component id="oc-86">
         <name>.debug_info</name>
         <load_address>0x12f78</load_address>
         <run_address>0x12f78</run_address>
         <size>0x29e</size>
         <input_file_ref idref="fl-e1"/>
      </object_component>
      <object_component id="oc-16">
         <name>.debug_info</name>
         <load_address>0x13216</load_address>
         <run_address>0x13216</run_address>
         <size>0x250</size>
         <input_file_ref idref="fl-e1"/>
      </object_component>
      <object_component id="oc-34">
         <name>.debug_info</name>
         <load_address>0x13466</load_address>
         <run_address>0x13466</run_address>
         <size>0x60</size>
         <input_file_ref idref="fl-e1"/>
      </object_component>
      <object_component id="oc-c5">
         <name>.debug_info</name>
         <load_address>0x134c6</load_address>
         <run_address>0x134c6</run_address>
         <size>0x46</size>
         <input_file_ref idref="fl-e1"/>
      </object_component>
      <object_component id="oc-81">
         <name>.debug_info</name>
         <load_address>0x1350c</load_address>
         <run_address>0x1350c</run_address>
         <size>0x39</size>
         <input_file_ref idref="fl-e1"/>
      </object_component>
      <object_component id="oc-70">
         <name>.debug_info</name>
         <load_address>0x13545</load_address>
         <run_address>0x13545</run_address>
         <size>0x3b2</size>
         <input_file_ref idref="fl-e2"/>
      </object_component>
      <object_component id="oc-25">
         <name>.debug_info</name>
         <load_address>0x138f7</load_address>
         <run_address>0x138f7</run_address>
         <size>0x10c</size>
         <input_file_ref idref="fl-e2"/>
      </object_component>
      <object_component id="oc-24d">
         <name>.debug_info</name>
         <load_address>0x13a03</load_address>
         <run_address>0x13a03</run_address>
         <size>0x13f</size>
         <input_file_ref idref="fl-e2"/>
      </object_component>
      <object_component id="oc-109">
         <name>.debug_info</name>
         <load_address>0x13b42</load_address>
         <run_address>0x13b42</run_address>
         <size>0x168</size>
         <input_file_ref idref="fl-e2"/>
      </object_component>
      <object_component id="oc-23e">
         <name>.debug_info</name>
         <load_address>0x13caa</load_address>
         <run_address>0x13caa</run_address>
         <size>0x18e</size>
         <input_file_ref idref="fl-e2"/>
      </object_component>
      <object_component id="oc-244">
         <name>.debug_info</name>
         <load_address>0x13e38</load_address>
         <run_address>0x13e38</run_address>
         <size>0x19f</size>
         <input_file_ref idref="fl-e2"/>
      </object_component>
      <object_component id="oc-227">
         <name>.debug_info</name>
         <load_address>0x13fd7</load_address>
         <run_address>0x13fd7</run_address>
         <size>0x203</size>
         <input_file_ref idref="fl-e2"/>
      </object_component>
      <object_component id="oc-24a">
         <name>.debug_info</name>
         <load_address>0x141da</load_address>
         <run_address>0x141da</run_address>
         <size>0x1db</size>
         <input_file_ref idref="fl-e2"/>
      </object_component>
      <object_component id="oc-1c9">
         <name>.debug_info</name>
         <load_address>0x143b5</load_address>
         <run_address>0x143b5</run_address>
         <size>0x299</size>
         <input_file_ref idref="fl-e2"/>
      </object_component>
      <object_component id="oc-bb">
         <name>.debug_info</name>
         <load_address>0x1464e</load_address>
         <run_address>0x1464e</run_address>
         <size>0xb2</size>
         <input_file_ref idref="fl-e2"/>
      </object_component>
      <object_component id="oc-b6">
         <name>.debug_info</name>
         <load_address>0x14700</load_address>
         <run_address>0x14700</run_address>
         <size>0x2c</size>
         <input_file_ref idref="fl-e2"/>
      </object_component>
      <object_component id="oc-28">
         <name>.debug_info</name>
         <load_address>0x1472c</load_address>
         <run_address>0x1472c</run_address>
         <size>0x10b</size>
         <input_file_ref idref="fl-e3"/>
      </object_component>
      <object_component id="oc-5e">
         <name>.debug_info</name>
         <load_address>0x14837</load_address>
         <run_address>0x14837</run_address>
         <size>0x1a9</size>
         <input_file_ref idref="fl-e3"/>
      </object_component>
      <object_component id="oc-40">
         <name>.debug_info</name>
         <load_address>0x149e0</load_address>
         <run_address>0x149e0</run_address>
         <size>0x119</size>
         <input_file_ref idref="fl-e4"/>
      </object_component>
      <object_component id="oc-1da">
         <name>.debug_info</name>
         <load_address>0x14af9</load_address>
         <run_address>0x14af9</run_address>
         <size>0x4b3</size>
         <input_file_ref idref="fl-e6"/>
      </object_component>
      <object_component id="oc-11f">
         <name>.debug_info</name>
         <load_address>0x14fac</load_address>
         <run_address>0x14fac</run_address>
         <size>0x1a6</size>
         <input_file_ref idref="fl-e6"/>
      </object_component>
      <object_component id="oc-260">
         <name>.debug_info</name>
         <load_address>0x15152</load_address>
         <run_address>0x15152</run_address>
         <size>0x39</size>
         <input_file_ref idref="fl-e6"/>
      </object_component>
      <object_component id="oc-28d">
         <name>.debug_info</name>
         <load_address>0x1518b</load_address>
         <run_address>0x1518b</run_address>
         <size>0x39</size>
         <input_file_ref idref="fl-e6"/>
      </object_component>
      <object_component id="oc-265">
         <name>.debug_info</name>
         <load_address>0x151c4</load_address>
         <run_address>0x151c4</run_address>
         <size>0x39</size>
         <input_file_ref idref="fl-e6"/>
      </object_component>
      <object_component id="oc-26a">
         <name>.debug_info</name>
         <load_address>0x151fd</load_address>
         <run_address>0x151fd</run_address>
         <size>0xcd</size>
         <input_file_ref idref="fl-e6"/>
      </object_component>
      <object_component id="oc-9d">
         <name>.debug_info</name>
         <load_address>0x152ca</load_address>
         <run_address>0x152ca</run_address>
         <size>0x153</size>
         <input_file_ref idref="fl-e7"/>
      </object_component>
      <object_component id="oc-113">
         <name>.debug_info</name>
         <load_address>0x1541d</load_address>
         <run_address>0x1541d</run_address>
         <size>0x122</size>
         <input_file_ref idref="fl-e9"/>
      </object_component>
      <object_component id="oc-25a">
         <name>.debug_info</name>
         <load_address>0x1553f</load_address>
         <run_address>0x1553f</run_address>
         <size>0x2c9</size>
         <input_file_ref idref="fl-ea"/>
      </object_component>
      <object_component id="oc-1d4">
         <name>.debug_info</name>
         <load_address>0x15808</load_address>
         <run_address>0x15808</run_address>
         <size>0x11e</size>
         <input_file_ref idref="fl-ea"/>
      </object_component>
      <object_component id="oc-254">
         <name>.debug_info</name>
         <load_address>0x15926</load_address>
         <run_address>0x15926</run_address>
         <size>0x12e</size>
         <input_file_ref idref="fl-ea"/>
      </object_component>
      <object_component id="oc-2c9">
         <name>.debug_info</name>
         <load_address>0x15a54</load_address>
         <run_address>0x15a54</run_address>
         <size>0xa8</size>
      </object_component>
      <object_component id="oc-76">
         <name>.debug_line</name>
         <load_address>0x0</load_address>
         <run_address>0x0</run_address>
         <size>0x41</size>
         <input_file_ref idref="fl-2"/>
      </object_component>
      <object_component id="oc-31">
         <name>.debug_line</name>
         <load_address>0x41</load_address>
         <run_address>0x41</run_address>
         <size>0x41</size>
         <input_file_ref idref="fl-2"/>
      </object_component>
      <object_component id="oc-2f">
         <name>.debug_line</name>
         <load_address>0x82</load_address>
         <run_address>0x82</run_address>
         <size>0xa1</size>
         <input_file_ref idref="fl-2"/>
      </object_component>
      <object_component id="oc-7a">
         <name>.debug_line</name>
         <load_address>0x123</load_address>
         <run_address>0x123</run_address>
         <size>0x6f</size>
         <input_file_ref idref="fl-2"/>
      </object_component>
      <object_component id="oc-3c">
         <name>.debug_line</name>
         <load_address>0x192</load_address>
         <run_address>0x192</run_address>
         <size>0x20</size>
         <input_file_ref idref="fl-2"/>
      </object_component>
      <object_component id="oc-c3">
         <name>.debug_line</name>
         <load_address>0x1b2</load_address>
         <run_address>0x1b2</run_address>
         <size>0x73</size>
         <input_file_ref idref="fl-2"/>
      </object_component>
      <object_component id="oc-7f">
         <name>.debug_line</name>
         <load_address>0x225</load_address>
         <run_address>0x225</run_address>
         <size>0x70</size>
         <input_file_ref idref="fl-2"/>
      </object_component>
      <object_component id="oc-1ce">
         <name>.debug_line</name>
         <load_address>0x295</load_address>
         <run_address>0x295</run_address>
         <size>0x193</size>
         <input_file_ref idref="fl-3"/>
      </object_component>
      <object_component id="oc-a6">
         <name>.debug_line</name>
         <load_address>0x428</load_address>
         <run_address>0x428</run_address>
         <size>0x21e</size>
         <input_file_ref idref="fl-3"/>
      </object_component>
      <object_component id="oc-1b6">
         <name>.debug_line</name>
         <load_address>0x646</load_address>
         <run_address>0x646</run_address>
         <size>0x4d</size>
         <input_file_ref idref="fl-3"/>
      </object_component>
      <object_component id="oc-110">
         <name>.debug_line</name>
         <load_address>0x693</load_address>
         <run_address>0x693</run_address>
         <size>0x79</size>
         <input_file_ref idref="fl-3"/>
      </object_component>
      <object_component id="oc-15e">
         <name>.debug_line</name>
         <load_address>0x70c</load_address>
         <run_address>0x70c</run_address>
         <size>0x4f</size>
         <input_file_ref idref="fl-3"/>
      </object_component>
      <object_component id="oc-184">
         <name>.debug_line</name>
         <load_address>0x75b</load_address>
         <run_address>0x75b</run_address>
         <size>0x78</size>
         <input_file_ref idref="fl-3"/>
      </object_component>
      <object_component id="oc-17a">
         <name>.debug_line</name>
         <load_address>0x7d3</load_address>
         <run_address>0x7d3</run_address>
         <size>0x4d</size>
         <input_file_ref idref="fl-3"/>
      </object_component>
      <object_component id="oc-19a">
         <name>.debug_line</name>
         <load_address>0x820</load_address>
         <run_address>0x820</run_address>
         <size>0x4d</size>
         <input_file_ref idref="fl-3"/>
      </object_component>
      <object_component id="oc-1c4">
         <name>.debug_line</name>
         <load_address>0x86d</load_address>
         <run_address>0x86d</run_address>
         <size>0x89</size>
         <input_file_ref idref="fl-3"/>
      </object_component>
      <object_component id="oc-159">
         <name>.debug_line</name>
         <load_address>0x8f6</load_address>
         <run_address>0x8f6</run_address>
         <size>0x65</size>
         <input_file_ref idref="fl-3"/>
      </object_component>
      <object_component id="oc-20d">
         <name>.debug_line</name>
         <load_address>0x95b</load_address>
         <run_address>0x95b</run_address>
         <size>0x65</size>
         <input_file_ref idref="fl-3"/>
      </object_component>
      <object_component id="oc-27b">
         <name>.debug_line</name>
         <load_address>0x9c0</load_address>
         <run_address>0x9c0</run_address>
         <size>0x6b</size>
         <input_file_ref idref="fl-4"/>
      </object_component>
      <object_component id="oc-1ad">
         <name>.debug_line</name>
         <load_address>0xa2b</load_address>
         <run_address>0xa2b</run_address>
         <size>0x707</size>
         <input_file_ref idref="fl-4"/>
      </object_component>
      <object_component id="oc-27f">
         <name>.debug_line</name>
         <load_address>0x1132</load_address>
         <run_address>0x1132</run_address>
         <size>0x6b</size>
         <input_file_ref idref="fl-4"/>
      </object_component>
      <object_component id="oc-233">
         <name>.debug_line</name>
         <load_address>0x119d</load_address>
         <run_address>0x119d</run_address>
         <size>0x61</size>
         <input_file_ref idref="fl-4"/>
      </object_component>
      <object_component id="oc-21e">
         <name>.debug_line</name>
         <load_address>0x11fe</load_address>
         <run_address>0x11fe</run_address>
         <size>0x20</size>
         <input_file_ref idref="fl-7"/>
      </object_component>
      <object_component id="oc-f2">
         <name>.debug_line</name>
         <load_address>0x121e</load_address>
         <run_address>0x121e</run_address>
         <size>0x89</size>
         <input_file_ref idref="fl-7"/>
      </object_component>
      <object_component id="oc-101">
         <name>.debug_line</name>
         <load_address>0x12a7</load_address>
         <run_address>0x12a7</run_address>
         <size>0x18c</size>
         <input_file_ref idref="fl-11"/>
      </object_component>
      <object_component id="oc-274">
         <name>.debug_line</name>
         <load_address>0x1433</load_address>
         <run_address>0x1433</run_address>
         <size>0x72</size>
         <input_file_ref idref="fl-12"/>
      </object_component>
      <object_component id="oc-1f5">
         <name>.debug_line</name>
         <load_address>0x14a5</load_address>
         <run_address>0x14a5</run_address>
         <size>0x46</size>
         <input_file_ref idref="fl-12"/>
      </object_component>
      <object_component id="oc-204">
         <name>.debug_line</name>
         <load_address>0x14eb</load_address>
         <run_address>0x14eb</run_address>
         <size>0x94</size>
         <input_file_ref idref="fl-13"/>
      </object_component>
      <object_component id="oc-1f8">
         <name>.debug_line</name>
         <load_address>0x157f</load_address>
         <run_address>0x157f</run_address>
         <size>0x40</size>
         <input_file_ref idref="fl-13"/>
      </object_component>
      <object_component id="oc-202">
         <name>.debug_line</name>
         <load_address>0x15bf</load_address>
         <run_address>0x15bf</run_address>
         <size>0x40</size>
         <input_file_ref idref="fl-13"/>
      </object_component>
      <object_component id="oc-200">
         <name>.debug_line</name>
         <load_address>0x15ff</load_address>
         <run_address>0x15ff</run_address>
         <size>0x40</size>
         <input_file_ref idref="fl-13"/>
      </object_component>
      <object_component id="oc-1fe">
         <name>.debug_line</name>
         <load_address>0x163f</load_address>
         <run_address>0x163f</run_address>
         <size>0x40</size>
         <input_file_ref idref="fl-13"/>
      </object_component>
      <object_component id="oc-1fc">
         <name>.debug_line</name>
         <load_address>0x167f</load_address>
         <run_address>0x167f</run_address>
         <size>0x40</size>
         <input_file_ref idref="fl-13"/>
      </object_component>
      <object_component id="oc-1fa">
         <name>.debug_line</name>
         <load_address>0x16bf</load_address>
         <run_address>0x16bf</run_address>
         <size>0x40</size>
         <input_file_ref idref="fl-13"/>
      </object_component>
      <object_component id="oc-e0">
         <name>.debug_line</name>
         <load_address>0x16ff</load_address>
         <run_address>0x16ff</run_address>
         <size>0x975</size>
         <input_file_ref idref="fl-13"/>
      </object_component>
      <object_component id="oc-282">
         <name>.debug_line</name>
         <load_address>0x2074</load_address>
         <run_address>0x2074</run_address>
         <size>0x20</size>
         <input_file_ref idref="fl-14"/>
      </object_component>
      <object_component id="oc-22c">
         <name>.debug_line</name>
         <load_address>0x2094</load_address>
         <run_address>0x2094</run_address>
         <size>0x46</size>
         <input_file_ref idref="fl-14"/>
      </object_component>
      <object_component id="oc-22f">
         <name>.debug_line</name>
         <load_address>0x20da</load_address>
         <run_address>0x20da</run_address>
         <size>0xca</size>
         <input_file_ref idref="fl-15"/>
      </object_component>
      <object_component id="oc-222">
         <name>.debug_line</name>
         <load_address>0x21a4</load_address>
         <run_address>0x21a4</run_address>
         <size>0x40</size>
         <input_file_ref idref="fl-15"/>
      </object_component>
      <object_component id="oc-220">
         <name>.debug_line</name>
         <load_address>0x21e4</load_address>
         <run_address>0x21e4</run_address>
         <size>0x40</size>
         <input_file_ref idref="fl-15"/>
      </object_component>
      <object_component id="oc-f7">
         <name>.debug_line</name>
         <load_address>0x2224</load_address>
         <run_address>0x2224</run_address>
         <size>0x53b</size>
         <input_file_ref idref="fl-15"/>
      </object_component>
      <object_component id="oc-276">
         <name>.debug_line</name>
         <load_address>0x275f</load_address>
         <run_address>0x275f</run_address>
         <size>0x20</size>
         <input_file_ref idref="fl-17"/>
      </object_component>
      <object_component id="oc-206">
         <name>.debug_line</name>
         <load_address>0x277f</load_address>
         <run_address>0x277f</run_address>
         <size>0x4e</size>
         <input_file_ref idref="fl-17"/>
      </object_component>
      <object_component id="oc-209">
         <name>.debug_line</name>
         <load_address>0x27cd</load_address>
         <run_address>0x27cd</run_address>
         <size>0x65</size>
         <input_file_ref idref="fl-18"/>
      </object_component>
      <object_component id="oc-e5">
         <name>.debug_line</name>
         <load_address>0x2832</load_address>
         <run_address>0x2832</run_address>
         <size>0x238</size>
         <input_file_ref idref="fl-18"/>
      </object_component>
      <object_component id="oc-272">
         <name>.debug_line</name>
         <load_address>0x2a6a</load_address>
         <run_address>0x2a6a</run_address>
         <size>0x20</size>
         <input_file_ref idref="fl-19"/>
      </object_component>
      <object_component id="oc-1f0">
         <name>.debug_line</name>
         <load_address>0x2a8a</load_address>
         <run_address>0x2a8a</run_address>
         <size>0x48</size>
         <input_file_ref idref="fl-19"/>
      </object_component>
      <object_component id="oc-1f3">
         <name>.debug_line</name>
         <load_address>0x2ad2</load_address>
         <run_address>0x2ad2</run_address>
         <size>0x58</size>
         <input_file_ref idref="fl-1a"/>
      </object_component>
      <object_component id="oc-da">
         <name>.debug_line</name>
         <load_address>0x2b2a</load_address>
         <run_address>0x2b2a</run_address>
         <size>0x245</size>
         <input_file_ref idref="fl-1a"/>
      </object_component>
      <object_component id="oc-278">
         <name>.debug_line</name>
         <load_address>0x2d6f</load_address>
         <run_address>0x2d6f</run_address>
         <size>0x20</size>
         <input_file_ref idref="fl-1b"/>
      </object_component>
      <object_component id="oc-212">
         <name>.debug_line</name>
         <load_address>0x2d8f</load_address>
         <run_address>0x2d8f</run_address>
         <size>0x46</size>
         <input_file_ref idref="fl-1b"/>
      </object_component>
      <object_component id="oc-21b">
         <name>.debug_line</name>
         <load_address>0x2dd5</load_address>
         <run_address>0x2dd5</run_address>
         <size>0x76</size>
         <input_file_ref idref="fl-1c"/>
      </object_component>
      <object_component id="oc-210">
         <name>.debug_line</name>
         <load_address>0x2e4b</load_address>
         <run_address>0x2e4b</run_address>
         <size>0x40</size>
         <input_file_ref idref="fl-1c"/>
      </object_component>
      <object_component id="oc-215">
         <name>.debug_line</name>
         <load_address>0x2e8b</load_address>
         <run_address>0x2e8b</run_address>
         <size>0x40</size>
         <input_file_ref idref="fl-1c"/>
      </object_component>
      <object_component id="oc-217">
         <name>.debug_line</name>
         <load_address>0x2ecb</load_address>
         <run_address>0x2ecb</run_address>
         <size>0x40</size>
         <input_file_ref idref="fl-1c"/>
      </object_component>
      <object_component id="oc-219">
         <name>.debug_line</name>
         <load_address>0x2f0b</load_address>
         <run_address>0x2f0b</run_address>
         <size>0x40</size>
         <input_file_ref idref="fl-1c"/>
      </object_component>
      <object_component id="oc-e9">
         <name>.debug_line</name>
         <load_address>0x2f4b</load_address>
         <run_address>0x2f4b</run_address>
         <size>0x53b</size>
         <input_file_ref idref="fl-1c"/>
      </object_component>
      <object_component id="oc-284">
         <name>.debug_line</name>
         <load_address>0x3486</load_address>
         <run_address>0x3486</run_address>
         <size>0x20</size>
         <input_file_ref idref="fl-21"/>
      </object_component>
      <object_component id="oc-238">
         <name>.debug_line</name>
         <load_address>0x34a6</load_address>
         <run_address>0x34a6</run_address>
         <size>0x48</size>
         <input_file_ref idref="fl-21"/>
      </object_component>
      <object_component id="oc-236">
         <name>.debug_line</name>
         <load_address>0x34ee</load_address>
         <run_address>0x34ee</run_address>
         <size>0xef</size>
         <input_file_ref idref="fl-22"/>
      </object_component>
      <object_component id="oc-fa">
         <name>.debug_line</name>
         <load_address>0x35dd</load_address>
         <run_address>0x35dd</run_address>
         <size>0x700</size>
         <input_file_ref idref="fl-22"/>
      </object_component>
      <object_component id="oc-19d">
         <name>.debug_line</name>
         <load_address>0x3cdd</load_address>
         <run_address>0x3cdd</run_address>
         <size>0x43</size>
         <input_file_ref idref="fl-de"/>
      </object_component>
      <object_component id="oc-d2">
         <name>.debug_line</name>
         <load_address>0x3d20</load_address>
         <run_address>0x3d20</run_address>
         <size>0x92</size>
         <input_file_ref idref="fl-df"/>
      </object_component>
      <object_component id="oc-4f">
         <name>.debug_line</name>
         <load_address>0x3db2</load_address>
         <run_address>0x3db2</run_address>
         <size>0x4c</size>
         <input_file_ref idref="fl-df"/>
      </object_component>
      <object_component id="oc-93">
         <name>.debug_line</name>
         <load_address>0x3dfe</load_address>
         <run_address>0x3dfe</run_address>
         <size>0x34</size>
         <input_file_ref idref="fl-df"/>
      </object_component>
      <object_component id="oc-cf">
         <name>.debug_line</name>
         <load_address>0x3e32</load_address>
         <run_address>0x3e32</run_address>
         <size>0x92</size>
         <input_file_ref idref="fl-df"/>
      </object_component>
      <object_component id="oc-8e">
         <name>.debug_line</name>
         <load_address>0x3ec4</load_address>
         <run_address>0x3ec4</run_address>
         <size>0x20</size>
         <input_file_ref idref="fl-e0"/>
      </object_component>
      <object_component id="oc-1d">
         <name>.debug_line</name>
         <load_address>0x3ee4</load_address>
         <run_address>0x3ee4</run_address>
         <size>0x55</size>
         <input_file_ref idref="fl-e0"/>
      </object_component>
      <object_component id="oc-47">
         <name>.debug_line</name>
         <load_address>0x3f39</load_address>
         <run_address>0x3f39</run_address>
         <size>0x3a</size>
         <input_file_ref idref="fl-e0"/>
      </object_component>
      <object_component id="oc-8b">
         <name>.debug_line</name>
         <load_address>0x3f73</load_address>
         <run_address>0x3f73</run_address>
         <size>0x92</size>
         <input_file_ref idref="fl-e0"/>
      </object_component>
      <object_component id="oc-cb">
         <name>.debug_line</name>
         <load_address>0x4005</load_address>
         <run_address>0x4005</run_address>
         <size>0x20</size>
         <input_file_ref idref="fl-e1"/>
      </object_component>
      <object_component id="oc-19">
         <name>.debug_line</name>
         <load_address>0x4025</load_address>
         <run_address>0x4025</run_address>
         <size>0xa9</size>
         <input_file_ref idref="fl-e1"/>
      </object_component>
      <object_component id="oc-37">
         <name>.debug_line</name>
         <load_address>0x40ce</load_address>
         <run_address>0x40ce</run_address>
         <size>0x3a</size>
         <input_file_ref idref="fl-e1"/>
      </object_component>
      <object_component id="oc-c8">
         <name>.debug_line</name>
         <load_address>0x4108</load_address>
         <run_address>0x4108</run_address>
         <size>0x9a</size>
         <input_file_ref idref="fl-e1"/>
      </object_component>
      <object_component id="oc-84">
         <name>.debug_line</name>
         <load_address>0x41a2</load_address>
         <run_address>0x41a2</run_address>
         <size>0x96</size>
         <input_file_ref idref="fl-e1"/>
      </object_component>
      <object_component id="oc-b5">
         <name>.debug_line</name>
         <load_address>0x4238</load_address>
         <run_address>0x4238</run_address>
         <size>0x10f</size>
         <input_file_ref idref="fl-e2"/>
      </object_component>
      <object_component id="oc-6f">
         <name>.debug_line</name>
         <load_address>0x4347</load_address>
         <run_address>0x4347</run_address>
         <size>0x2c</size>
         <input_file_ref idref="fl-e2"/>
      </object_component>
      <object_component id="oc-289">
         <name>.debug_line</name>
         <load_address>0x4373</load_address>
         <run_address>0x4373</run_address>
         <size>0x2c</size>
         <input_file_ref idref="fl-e2"/>
      </object_component>
      <object_component id="oc-107">
         <name>.debug_line</name>
         <load_address>0x439f</load_address>
         <run_address>0x439f</run_address>
         <size>0x41</size>
         <input_file_ref idref="fl-e2"/>
      </object_component>
      <object_component id="oc-23c">
         <name>.debug_line</name>
         <load_address>0x43e0</load_address>
         <run_address>0x43e0</run_address>
         <size>0x50</size>
         <input_file_ref idref="fl-e2"/>
      </object_component>
      <object_component id="oc-242">
         <name>.debug_line</name>
         <load_address>0x4430</load_address>
         <run_address>0x4430</run_address>
         <size>0x55</size>
         <input_file_ref idref="fl-e2"/>
      </object_component>
      <object_component id="oc-225">
         <name>.debug_line</name>
         <load_address>0x4485</load_address>
         <run_address>0x4485</run_address>
         <size>0xd0</size>
         <input_file_ref idref="fl-e2"/>
      </object_component>
      <object_component id="oc-248">
         <name>.debug_line</name>
         <load_address>0x4555</load_address>
         <run_address>0x4555</run_address>
         <size>0x98</size>
         <input_file_ref idref="fl-e2"/>
      </object_component>
      <object_component id="oc-1c8">
         <name>.debug_line</name>
         <load_address>0x45ed</load_address>
         <run_address>0x45ed</run_address>
         <size>0x112</size>
         <input_file_ref idref="fl-e2"/>
      </object_component>
      <object_component id="oc-be">
         <name>.debug_line</name>
         <load_address>0x46ff</load_address>
         <run_address>0x46ff</run_address>
         <size>0x2c</size>
         <input_file_ref idref="fl-e2"/>
      </object_component>
      <object_component id="oc-b9">
         <name>.debug_line</name>
         <load_address>0x472b</load_address>
         <run_address>0x472b</run_address>
         <size>0x92</size>
         <input_file_ref idref="fl-e2"/>
      </object_component>
      <object_component id="oc-73">
         <name>.debug_line</name>
         <load_address>0x47bd</load_address>
         <run_address>0x47bd</run_address>
         <size>0x33</size>
         <input_file_ref idref="fl-e3"/>
      </object_component>
      <object_component id="oc-5d">
         <name>.debug_line</name>
         <load_address>0x47f0</load_address>
         <run_address>0x47f0</run_address>
         <size>0x45</size>
         <input_file_ref idref="fl-e3"/>
      </object_component>
      <object_component id="oc-42">
         <name>.debug_line</name>
         <load_address>0x4835</load_address>
         <run_address>0x4835</run_address>
         <size>0x88</size>
         <input_file_ref idref="fl-e4"/>
      </object_component>
      <object_component id="oc-25f">
         <name>.debug_line</name>
         <load_address>0x48bd</load_address>
         <run_address>0x48bd</run_address>
         <size>0xbf</size>
         <input_file_ref idref="fl-e6"/>
      </object_component>
      <object_component id="oc-122">
         <name>.debug_line</name>
         <load_address>0x497c</load_address>
         <run_address>0x497c</run_address>
         <size>0x6f</size>
         <input_file_ref idref="fl-e6"/>
      </object_component>
      <object_component id="oc-263">
         <name>.debug_line</name>
         <load_address>0x49eb</load_address>
         <run_address>0x49eb</run_address>
         <size>0x2e</size>
         <input_file_ref idref="fl-e6"/>
      </object_component>
      <object_component id="oc-290">
         <name>.debug_line</name>
         <load_address>0x4a19</load_address>
         <run_address>0x4a19</run_address>
         <size>0x9a</size>
         <input_file_ref idref="fl-e6"/>
      </object_component>
      <object_component id="oc-268">
         <name>.debug_line</name>
         <load_address>0x4ab3</load_address>
         <run_address>0x4ab3</run_address>
         <size>0x97</size>
         <input_file_ref idref="fl-e6"/>
      </object_component>
      <object_component id="oc-26d">
         <name>.debug_line</name>
         <load_address>0x4b4a</load_address>
         <run_address>0x4b4a</run_address>
         <size>0x93</size>
         <input_file_ref idref="fl-e6"/>
      </object_component>
      <object_component id="oc-a1">
         <name>.debug_line</name>
         <load_address>0x4bdd</load_address>
         <run_address>0x4bdd</run_address>
         <size>0x40</size>
         <input_file_ref idref="fl-e7"/>
      </object_component>
      <object_component id="oc-116">
         <name>.debug_line</name>
         <load_address>0x4c1d</load_address>
         <run_address>0x4c1d</run_address>
         <size>0x3c</size>
         <input_file_ref idref="fl-e9"/>
      </object_component>
      <object_component id="oc-28c">
         <name>.debug_line</name>
         <load_address>0x4c59</load_address>
         <run_address>0x4c59</run_address>
         <size>0x20</size>
         <input_file_ref idref="fl-ea"/>
      </object_component>
      <object_component id="oc-259">
         <name>.debug_line</name>
         <load_address>0x4c79</load_address>
         <run_address>0x4c79</run_address>
         <size>0x2b</size>
         <input_file_ref idref="fl-ea"/>
      </object_component>
      <object_component id="oc-257">
         <name>.debug_line</name>
         <load_address>0x4ca4</load_address>
         <run_address>0x4ca4</run_address>
         <size>0x3a</size>
         <input_file_ref idref="fl-ea"/>
      </object_component>
      <object_component id="oc-2e">
         <name>.debug_frame</name>
         <load_address>0x0</load_address>
         <run_address>0x0</run_address>
         <size>0x90</size>
         <input_file_ref idref="fl-2"/>
      </object_component>
      <object_component id="oc-a7">
         <name>.debug_frame</name>
         <load_address>0x90</load_address>
         <run_address>0x90</run_address>
         <size>0x16c</size>
         <input_file_ref idref="fl-3"/>
      </object_component>
      <object_component id="oc-1ae">
         <name>.debug_frame</name>
         <load_address>0x1fc</load_address>
         <run_address>0x1fc</run_address>
         <size>0x5a4</size>
         <input_file_ref idref="fl-4"/>
      </object_component>
      <object_component id="oc-ee">
         <name>.debug_frame</name>
         <load_address>0x7a0</load_address>
         <run_address>0x7a0</run_address>
         <size>0x7c</size>
         <input_file_ref idref="fl-7"/>
      </object_component>
      <object_component id="oc-100">
         <name>.debug_frame</name>
         <load_address>0x81c</load_address>
         <run_address>0x81c</run_address>
         <size>0xb8</size>
         <input_file_ref idref="fl-11"/>
      </object_component>
      <object_component id="oc-df">
         <name>.debug_frame</name>
         <load_address>0x8d4</load_address>
         <run_address>0x8d4</run_address>
         <size>0x32c</size>
         <input_file_ref idref="fl-13"/>
      </object_component>
      <object_component id="oc-f8">
         <name>.debug_frame</name>
         <load_address>0xc00</load_address>
         <run_address>0xc00</run_address>
         <size>0x2a4</size>
         <input_file_ref idref="fl-15"/>
      </object_component>
      <object_component id="oc-e6">
         <name>.debug_frame</name>
         <load_address>0xea4</load_address>
         <run_address>0xea4</run_address>
         <size>0xbc</size>
         <input_file_ref idref="fl-18"/>
      </object_component>
      <object_component id="oc-d6">
         <name>.debug_frame</name>
         <load_address>0xf60</load_address>
         <run_address>0xf60</run_address>
         <size>0xf0</size>
         <input_file_ref idref="fl-1a"/>
      </object_component>
      <object_component id="oc-ea">
         <name>.debug_frame</name>
         <load_address>0x1050</load_address>
         <run_address>0x1050</run_address>
         <size>0x1c4</size>
         <input_file_ref idref="fl-1c"/>
      </object_component>
      <object_component id="oc-fc">
         <name>.debug_frame</name>
         <load_address>0x1214</load_address>
         <run_address>0x1214</run_address>
         <size>0x3c8</size>
         <input_file_ref idref="fl-22"/>
      </object_component>
      <object_component id="oc-4b">
         <name>.debug_frame</name>
         <load_address>0x15dc</load_address>
         <run_address>0x15dc</run_address>
         <size>0x54</size>
         <input_file_ref idref="fl-df"/>
      </object_component>
      <object_component id="oc-20">
         <name>.debug_frame</name>
         <load_address>0x1630</load_address>
         <run_address>0x1630</run_address>
         <size>0x54</size>
         <input_file_ref idref="fl-e0"/>
      </object_component>
      <object_component id="oc-1a">
         <name>.debug_frame</name>
         <load_address>0x1684</load_address>
         <run_address>0x1684</run_address>
[...]
         <value>0x1af5</value>
         <object_component_ref idref="oc-db"/>
      </symbol>
      <symbol id="sm-3e6">
         <name>Gpt_EnableNotification</name>
         <value>0x9d9</value>
         <object_component_ref idref="oc-db"/>
      </symbol>
      <symbol id="sm-3e7">
         <name>Gpt_StopTimer</name>
         <value>0xc11</value>
         <object_component_ref idref="oc-db"/>
      </symbol>
      <symbol id="sm-3e8">
         <name>calculate_BitGuarding</name>
         <value>0x29b</value>
         <object_component_ref idref="oc-db"/>
      </symbol>
      <symbol id="sm-3e9">
         <name>GetTimerAddress</name>
         <value>0x2d7</value>
         <object_component_ref idref="oc-db"/>
      </symbol>
      <symbol id="sm-3ea">
         <name>Default_Function</name>
         <value>0x373</value>
         <object_component_ref idref="oc-db"/>
      </symbol>
      <symbol id="sm-3eb">
         <name>Gpt_DisableNotification</name>
         <value>0x879</value>
         <object_component_ref idref="oc-db"/>
      </symbol>
      <symbol id="sm-3ec">
         <name>Gpt_Notification_channel_Normal_4</name>
         <value>0x1565</value>
         <object_component_ref idref="oc-db"/>
      </symbol>
      <symbol id="sm-3ed">
         <name>Gpt_Notification_channel_Normal_5</name>
         <value>0x1681</value>
         <object_component_ref idref="oc-db"/>
      </symbol>
      <symbol id="sm-3ee">
         <name>Gpt_Notification_channel_Normal_2</name>
         <value>0x1325</value>
         <object_component_ref idref="oc-db"/>
      </symbol>
      <symbol id="sm-3ef">
         <name>Gpt_Notification_channel_Normal_3</name>
         <value>0x1441</value>
         <object_component_ref idref="oc-db"/>
      </symbol>
      <symbol id="sm-3f0">
         <name>Gpt_Notification_channel_Normal_0</name>
         <value>0x1111</value>
         <object_component_ref idref="oc-db"/>
      </symbol>
      <symbol id="sm-3f1">
         <name>Gpt_Notification_channel_Normal_1</name>
         <value>0x1215</value>
         <object_component_ref idref="oc-db"/>
      </symbol>
      <symbol id="sm-3f2">
         <name>Gpt_StartTimer</name>
         <value>0xae5</value>
         <object_component_ref idref="oc-db"/>
      </symbol>
      <symbol id="sm-3f3">
         <name>Gpt_GetPredefTimerValue</name>
         <value>0x1099</value>
         <object_component_ref idref="oc-db"/>
      </symbol>
      <symbol id="sm-3f4">
         <name>Gpt_GetTimeElapsed</name>
         <value>0xd1d</value>
         <object_component_ref idref="oc-db"/>
      </symbol>
      <symbol id="sm-3ff">
         <name>I2C_Container</name>
         <value>0x754c</value>
         <object_component_ref idref="oc-1af"/>
      </symbol>
      <symbol id="sm-4ba">
         <name>I2C_init</name>
         <value>0x465f</value>
         <object_component_ref idref="oc-f3"/>
      </symbol>
      <symbol id="sm-4bb">
         <name>I2C_Push_to_Transmit</name>
         <value>0x4ae5</value>
         <object_component_ref idref="oc-f3"/>
      </symbol>
      <symbol id="sm-4bc">
         <name>I2C_MasterSingleReceive</name>
         <value>0x4345</value>
         <object_component_ref idref="oc-f3"/>
      </symbol>
      <symbol id="sm-4bd">
         <name>App_I2C0_Tx_CallBack</name>
         <value>0x464f</value>
         <object_component_ref idref="oc-f3"/>
      </symbol>
      <symbol id="sm-4be">
         <name>App_I2C0_Rx_CallBack</name>
         <value>0x4651</value>
         <object_component_ref idref="oc-f3"/>
      </symbol>
      <symbol id="sm-4bf">
         <name>I2C_Pop_the_Received</name>
         <value>0x4b71</value>
         <object_component_ref idref="oc-f3"/>
      </symbol>
      <symbol id="sm-4c0">
         <name>App_I2C3_Tx_CallBack</name>
         <value>0x465b</value>
         <object_component_ref idref="oc-f3"/>
      </symbol>
      <symbol id="sm-4c1">
         <name>App_I2C3_Rx_CallBack</name>
         <value>0x465d</value>
         <object_component_ref idref="oc-f3"/>
      </symbol>
      <symbol id="sm-4c2">
         <name>I2C_MasterPoke_to_receive</name>
         <value>0x4a85</value>
         <object_component_ref idref="oc-f3"/>
      </symbol>
      <symbol id="sm-4c3">
         <name>I2C_SlaveReceive_one_Byte</name>
         <value>0x4643</value>
         <object_component_ref idref="oc-f3"/>
      </symbol>
      <symbol id="sm-4c4">
         <name>App_I2C1_Tx_CallBack</name>
         <value>0x4653</value>
         <object_component_ref idref="oc-f3"/>
      </symbol>
      <symbol id="sm-4c5">
         <name>App_I2C1_Rx_CallBack</name>
         <value>0x4655</value>
         <object_component_ref idref="oc-f3"/>
      </symbol>
      <symbol id="sm-4c6">
         <name>I2C_MasterTransmitMultibleBytes</name>
         <value>0x41b5</value>
         <object_component_ref idref="oc-f3"/>
      </symbol>
      <symbol id="sm-4c7">
         <name>I2C_MasterReceiveMultibleBytes</name>
         <value>0x440d</value>
         <object_component_ref idref="oc-f3"/>
      </symbol>
      <symbol id="sm-4c8">
         <name>App_I2C2_Tx_CallBack</name>
         <value>0x4657</value>
         <object_component_ref idref="oc-f3"/>
      </symbol>
      <symbol id="sm-4c9">
         <name>App_I2C2_Rx_CallBack</name>
         <value>0x4659</value>
         <object_component_ref idref="oc-f3"/>
      </symbol>
      <symbol id="sm-4ca">
         <name>I2C_MasterSingleTransmit</name>
         <value>0x40e5</value>
         <object_component_ref idref="oc-f3"/>
      </symbol>
      <symbol id="sm-4cb">
         <name>I2C_SlaveTransmit_one_Byte</name>
         <value>0x4637</value>
         <object_component_ref idref="oc-f3"/>
      </symbol>
      <symbol id="sm-4cc">
         <name>I2C_MasterPoke_to_transmit</name>
         <value>0x4a25</value>
         <object_component_ref idref="oc-f3"/>
      </symbol>
      <symbol id="sm-4d8">
         <name>Initialized_Interrupt_Container</name>
         <value>0x73fc</value>
         <object_component_ref idref="oc-17c"/>
      </symbol>
      <symbol id="sm-53e">
         <name>IntCtrl_ChangePriority</name>
         <value>0x62b9</value>
         <object_component_ref idref="oc-e1"/>
      </symbol>
      <symbol id="sm-53f">
         <name>IntCtrl_DisableInterrupt</name>
         <value>0x6035</value>
         <object_component_ref idref="oc-e1"/>
      </symbol>
      <symbol id="sm-540">
         <name>IntCtrl_Enable_Interrupt</name>
         <value>0x6185</value>
         <object_component_ref idref="oc-e1"/>
      </symbol>
      <symbol id="sm-541">
         <name>IntCtrl_Init</name>
         <value>0x5d19</value>
         <object_component_ref idref="oc-e1"/>
      </symbol>
      <symbol id="sm-54c">
         <name>ConfigPtr</name>
         <value>0x755b</value>
         <object_component_ref idref="oc-150"/>
      </symbol>
      <symbol id="sm-5a7">
         <name>SetPinInitialValue</name>
         <value>0x55f9</value>
         <object_component_ref idref="oc-d5"/>
      </symbol>
      <symbol id="sm-5a8">
         <name>Port_Init</name>
         <value>0x5835</value>
         <object_component_ref idref="oc-d5"/>
      </symbol>
      <symbol id="sm-5a9">
         <name>SetOutputCurrentValue</name>
         <value>0x5763</value>
         <object_component_ref idref="oc-d5"/>
      </symbol>
      <symbol id="sm-5aa">
         <name>SetAlternativeFunction</name>
         <value>0x56fb</value>
         <object_component_ref idref="oc-d5"/>
      </symbol>
      <symbol id="sm-5ab">
         <name>GetPortAddress</name>
         <value>0x57c3</value>
         <object_component_ref idref="oc-d5"/>
      </symbol>
      <symbol id="sm-5ac">
         <name>SetInternalAttach</name>
         <value>0x567d</value>
         <object_component_ref idref="oc-d5"/>
      </symbol>
      <symbol id="sm-5ad">
         <name>SetPinDirection</name>
         <value>0x563b</value>
         <object_component_ref idref="oc-d5"/>
      </symbol>
      <symbol id="sm-5b8">
         <name>PWM_Container</name>
         <value>0x74fc</value>
         <object_component_ref idref="oc-189"/>
      </symbol>
      <symbol id="sm-675">
         <name>pwm_update_generation_a</name>
         <value>0x28d5</value>
         <object_component_ref idref="oc-e7"/>
      </symbol>
      <symbol id="sm-676">
         <name>pwm_update_generation_b</name>
         <value>0x297b</value>
         <object_component_ref idref="oc-e7"/>
      </symbol>
      <symbol id="sm-677">
         <name>pwm_update_load</name>
         <value>0x2a21</value>
         <object_component_ref idref="oc-e7"/>
      </symbol>
      <symbol id="sm-678">
         <name>pwm_init</name>
         <value>0x1db9</value>
         <object_component_ref idref="oc-e7"/>
      </symbol>
      <symbol id="sm-679">
         <name>PWM_UpdateThresholds</name>
         <value>0x2aa3</value>
         <object_component_ref idref="oc-e7"/>
      </symbol>
      <symbol id="sm-67a">
         <name>pwm_AutomaticDutyCycle</name>
         <value>0x2b7d</value>
         <object_component_ref idref="oc-e7"/>
      </symbol>
      <symbol id="sm-67b">
         <name>pwm_change_mode</name>
         <value>0x2f3f</value>
         <object_component_ref idref="oc-e7"/>
      </symbol>
      <symbol id="sm-67c">
         <name>pwm_stop</name>
         <value>0x304b</value>
         <object_component_ref idref="oc-e7"/>
      </symbol>
      <symbol id="sm-67d">
         <name>pwm_update_comparator_a_percentage</name>
         <value>0x26f3</value>
         <object_component_ref idref="oc-e7"/>
      </symbol>
      <symbol id="sm-67e">
         <name>pwm_update_comparator_b_percentage</name>
         <value>0x27dd</value>
         <object_component_ref idref="oc-e7"/>
      </symbol>
      <symbol id="sm-67f">
         <name>pwm_enable</name>
         <value>0x30d7</value>
         <object_component_ref idref="oc-e7"/>
      </symbol>
      <symbol id="sm-680">
         <name>pwm_disable</name>
         <value>0x2fd3</value>
         <object_component_ref idref="oc-e7"/>
      </symbol>
      <symbol id="sm-681">
         <name>pwm_update_comparator_a</name>
         <value>0x252d</value>
         <object_component_ref idref="oc-e7"/>
      </symbol>
      <symbol id="sm-682">
         <name>pwm_update_comparator_b</name>
         <value>0x2615</value>
         <object_component_ref idref="oc-e7"/>
      </symbol>
      <symbol id="sm-691">
         <name>UART_Container</name>
         <value>0x7524</value>
         <object_component_ref idref="oc-1bc"/>
      </symbol>
      <symbol id="sm-760">
         <name>UART_Queue_Buffer</name>
         <value>0x20000324</value>
      </symbol>
      <symbol id="sm-761">
         <name>App_Uart3_Rx_CallBack</name>
         <value>0x34ed</value>
         <object_component_ref idref="oc-f9"/>
      </symbol>
      <symbol id="sm-762">
         <name>uart2_handler</name>
         <value>0x3d1d</value>
         <object_component_ref idref="oc-f9"/>
      </symbol>
      <symbol id="sm-763">
         <name>App_Uart3_Tx_CallBack</name>
         <value>0x34eb</value>
         <object_component_ref idref="oc-f9"/>
      </symbol>
      <symbol id="sm-764">
         <name>uart_receive_some_of_it</name>
         <value>0x33db</value>
         <object_component_ref idref="oc-f9"/>
      </symbol>
      <symbol id="sm-765">
         <name>uart0_handler</name>
         <value>0x3c8d</value>
         <object_component_ref idref="oc-f9"/>
      </symbol>
      <symbol id="sm-766">
         <name>App_Uart1_Rx_CallBack</name>
         <value>0x34e5</value>
         <object_component_ref idref="oc-f9"/>
      </symbol>
      <symbol id="sm-767">
         <name>UART_Pop_the_Received</name>
         <value>0x3c19</value>
         <object_component_ref idref="oc-f9"/>
      </symbol>
      <symbol id="sm-768">
         <name>App_Uart6_Rx_CallBack</name>
         <value>0x34f9</value>
         <object_component_ref idref="oc-f9"/>
      </symbol>
      <symbol id="sm-769">
         <name>UART_Poke_to_transmit</name>
         <value>0x3b15</value>
         <object_component_ref idref="oc-f9"/>
      </symbol>
      <symbol id="sm-76a">
         <name>App_Uart1_Tx_CallBack</name>
         <value>0x34e3</value>
         <object_component_ref idref="oc-f9"/>
      </symbol>
      <symbol id="sm-76b">
         <name>uart_transmit_some_of_it</name>
         <value>0x324d</value>
         <object_component_ref idref="oc-f9"/>
      </symbol>
      <symbol id="sm-76c">
         <name>uart6_handler</name>
         <value>0x3e41</value>
         <object_component_ref idref="oc-f9"/>
      </symbol>
      <symbol id="sm-76d">
         <name>App_Uart6_Tx_CallBack</name>
         <value>0x34f7</value>
         <object_component_ref idref="oc-f9"/>
      </symbol>
      <symbol id="sm-76e">
         <name>UART_Push_to_Transmit</name>
         <value>0x3b91</value>
         <object_component_ref idref="oc-f9"/>
      </symbol>
      <symbol id="sm-76f">
         <name>UART_Poke_to_receive</name>
         <value>0x3b4f</value>
         <object_component_ref idref="oc-f9"/>
      </symbol>
      <symbol id="sm-770">
         <name>uart_transmit_all_of_it</name>
         <value>0x31d9</value>
         <object_component_ref idref="oc-f9"/>
      </symbol>
      <symbol id="sm-771">
         <name>App_Uart4_Rx_CallBack</name>
         <value>0x34f1</value>
         <object_component_ref idref="oc-f9"/>
      </symbol>
      <symbol id="sm-772">
         <name>uart4_handler</name>
         <value>0x3db1</value>
         <object_component_ref idref="oc-f9"/>
      </symbol>
      <symbol id="sm-773">
         <name>uart3_handler</name>
         <value>0x3d65</value>
         <object_component_ref idref="oc-f9"/>
      </symbol>
      <symbol id="sm-774">
         <name>uart_receive_one_char</name>
         <value>0x32df</value>
         <object_component_ref idref="oc-f9"/>
      </symbol>
      <symbol id="sm-775">
         <name>App_Uart4_Tx_CallBack</name>
         <value>0x34ef</value>
         <object_component_ref idref="oc-f9"/>
      </symbol>
      <symbol id="sm-776">
         <name>uart_init</name>
         <value>0x3521</value>
         <object_component_ref idref="oc-f9"/>
      </symbol>
      <symbol id="sm-777">
         <name>uart1_handler</name>
         <value>0x3cd5</value>
         <object_component_ref idref="oc-f9"/>
      </symbol>
      <symbol id="sm-778">
         <name>App_Uart2_Rx_CallBack</name>
         <value>0x34e9</value>
         <object_component_ref idref="oc-f9"/>
      </symbol>
      <symbol id="sm-779">
         <name>App_Uart7_Rx_CallBack</name>
         <value>0x34fd</value>
         <object_component_ref idref="oc-f9"/>
      </symbol>
      <symbol id="sm-77a">
         <name>App_Uart2_Tx_CallBack</name>
         <value>0x34e7</value>
         <object_component_ref idref="oc-f9"/>
      </symbol>
      <symbol id="sm-77b">
         <name>uart7_handler</name>
         <value>0x3e8d</value>
         <object_component_ref idref="oc-f9"/>
      </symbol>
      <symbol id="sm-77c">
         <name>App_Uart0_Rx_CallBack</name>
         <value>0x34e1</value>
         <object_component_ref idref="oc-f9"/>
      </symbol>
      <symbol id="sm-77d">
         <name>uart_transmit_one_char</name>
         <value>0x3169</value>
         <object_component_ref idref="oc-f9"/>
      </symbol>
      <symbol id="sm-77e">
         <name>App_Uart5_Rx_CallBack</name>
         <value>0x34f5</value>
         <object_component_ref idref="oc-f9"/>
      </symbol>
      <symbol id="sm-77f">
         <name>App_Uart0_Tx_CallBack</name>
         <value>0x34df</value>
         <object_component_ref idref="oc-f9"/>
      </symbol>
      <symbol id="sm-780">
         <name>uart5_handler</name>
         <value>0x3df9</value>
         <object_component_ref idref="oc-f9"/>
      </symbol>
      <symbol id="sm-781">
         <name>uart_receive_all_of_it</name>
         <value>0x3359</value>
         <object_component_ref idref="oc-f9"/>
      </symbol>
      <symbol id="sm-78c">
         <name>__aeabi_lmul</name>
         <value>0x7285</value>
         <object_component_ref idref="oc-19c"/>
      </symbol>
      <symbol id="sm-7a5">
         <name>__TI_zero_init_nomemset</name>
         <value>0x724d</value>
         <object_component_ref idref="oc-4a"/>
      </symbol>
      <symbol id="sm-7bc">
         <name>__TI_decompress_none</name>
         <value>0x729d</value>
         <object_component_ref idref="oc-1b"/>
      </symbol>
      <symbol id="sm-7df">
         <name>__TI_decompress_lzss</name>
         <value>0x7145</value>
         <object_component_ref idref="oc-15"/>
      </symbol>
      <symbol id="sm-868">
         <name>_sys_memory</name>
         <value>0x200003b8</value>
         <object_component_ref idref="oc-24"/>
      </symbol>
      <symbol id="sm-869">
         <name>free</name>
         <value>0x6ea9</value>
         <object_component_ref idref="oc-223"/>
      </symbol>
      <symbol id="sm-86a">
         <name>memalign</name>
         <value>0x6da9</value>
         <object_component_ref idref="oc-1c6"/>
      </symbol>
      <symbol id="sm-86b">
         <name>malloc</name>
         <value>0x72b7</value>
         <object_component_ref idref="oc-105"/>
      </symbol>
      <symbol id="sm-86c">
         <name>aligned_alloc</name>
         <value>0x6da9</value>
         <object_component_ref idref="oc-1c6"/>
      </symbol>
      <symbol id="sm-87f">
         <name>__stack</name>
         <value>0x20000000</value>
         <object_component_ref idref="oc-27"/>
      </symbol>
      <symbol id="sm-880">
         <name>_c_int00_noargs</name>
         <value>0x71f1</value>
         <object_component_ref idref="oc-5c"/>
      </symbol>
      <symbol id="sm-89b">
         <name>memcpy</name>
         <value>0x7039</value>
         <object_component_ref idref="oc-3e"/>
      </symbol>
      <symbol id="sm-89c">
         <name>__aeabi_memcpy</name>
         <value>0x7039</value>
         <object_component_ref idref="oc-3e"/>
      </symbol>
      <symbol id="sm-89d">
         <name>__aeabi_memcpy8</name>
         <value>0x7039</value>
         <object_component_ref idref="oc-3e"/>
      </symbol>
      <symbol id="sm-89e">
         <name>__aeabi_memcpy4</name>
         <value>0x7039</value>
         <object_component_ref idref="oc-3e"/>
      </symbol>
      <symbol id="sm-8c7">
         <name>__TI_auto_init_nobinit_nopinit</name>
         <value>0x71ad</value>
         <object_component_ref idref="oc-11e"/>
      </symbol>
      <symbol id="sm-8d1">
         <name>_system_pre_init</name>
         <value>0x72bf</value>
         <object_component_ref idref="oc-9c"/>
      </symbol>
      <symbol id="sm-8dd">
         <name>C$$EXIT</name>
         <value>0x72c3</value>
         <object_component_ref idref="oc-112"/>
      </symbol>
      <symbol id="sm-8de">
         <name>abort</name>
         <value>0x72c3</value>
         <object_component_ref idref="oc-112"/>
      </symbol>
      <symbol id="sm-8f3">
         <name>_nop</name>
         <value>0x6da7</value>
         <object_component_ref idref="oc-252"/>
      </symbol>
      <symbol id="sm-8f4">
         <name>_lock</name>
         <value>0x2000030c</value>
         <object_component_ref idref="oc-1d3"/>
      </symbol>
      <symbol id="sm-8f5">
         <name>_unlock</name>
         <value>0x20000310</value>
         <object_component_ref idref="oc-1d3"/>
      </symbol>
      <symbol id="sm-8f7">
         <name>__TI_static_base__</name>
         <value>0x0</value>
      </symbol>
      <symbol id="sm-8fa">
         <name>__mpu_init</name>
         <value>0x0</value>
      </symbol>
      <symbol id="sm-8fb">
         <name>_system_post_cinit</name>
         <value>0x0</value>
      </symbol>
   </symbol_table>
   <title>Link successful</title>
</link_info>
