******************************************************************************
                  TI ARM Linker PC v20.2.7                     
******************************************************************************
>> Linked Sun Jan 22 02:15:13 2023

OUTPUT FILE NAME:   <TIVA_C_MCAL.out>
ENTRY POINT SYMBOL: "_c_int00_noargs"  address: 00006f3d


MEMORY CONFIGURATION

         name            origin    length      used     unused   attr    fill
----------------------  --------  ---------  --------  --------  ----  --------
  FLASH                 00000000   00040000  000072f1  00038d0f  R  X
  SRAM                  20000000   00008000  000003c1  00007c3f  RW X


SEGMENT ALLOCATION MAP

run origin  load origin   length   init length attrs members
----------  ----------- ---------- ----------- ----- -------
00000000    00000000    000072f8   000072f8    r-x
  00000000    00000000    0000026c   0000026c    r-- .intvecs
  0000026c    0000026c    00006da6   00006da6    r-x .text
  00007014    00007014    0000029f   0000029f    r-- .const
  000072b8    000072b8    00000040   00000040    r-- .cinit
20000000    20000000    000003c8   00000000    rw-
  20000000    20000000    00000200   00000000    rw- .stack
  20000200    20000200    00000121   00000000    rw- .data
  20000324    20000324    00000090   00000000    rw- .bss
  200003b8    200003b8    00000010   00000000    rw- .sysmem


SECTION ALLOCATION MAP

 output                                  attributes/
section   page    origin      length       input sections
--------  ----  ----------  ----------   ----------------
.intvecs   0    00000000    0000026c     
                  00000000    0000026c     tm4c123gh6pm_startup_ccs.obj (.intvecs)

.text      0    0000026c    00006da6     
                  0000026c    00001b30     GPT.obj (.text)
                  00001d9c    00001104     PWM.obj (.text)
                  00002ea0    00000df4     UART.obj (.text)
                  00003c94    00000cb4     I2C.obj (.text)
                  00004948    000009e8     Queue.obj (.text)
                  00005330    00000734     PORT.obj (.text)
                  00005a64    000006e0     IntCtrl.obj (.text)
                  00006144    000005e0     DIO.obj (.text)
                  00006724    000003ce     main.obj (.text)
                  00006af2    00000002     rtsv7M4_T_le_v4SPD16_eabi.lib : _lock.c.obj (.text:_nop)
                  00006af4    00000100                                   : memory.c.obj (.text:aligned_alloc)
                  00006bf4    000000e4                                   : memory.c.obj (.text:free)
                  00006cd8    000000ac     Std_Types_Helper.obj (.text)
                  00006d84    0000009c     rtsv7M4_T_le_v4SPD16_eabi.lib : memcpy_t2.asm.obj (.text)
                  00006e20    00000070                                   : memory.c.obj (.text:split)
                  00006e90    00000068                                   : copy_decompress_lzss.c.obj (.text:decompress:lzss:__TI_decompress_lzss)
                  00006ef8    00000044                                   : autoinit.c.obj (.text:__TI_auto_init_nobinit_nopinit:__TI_auto_init_nobinit_nopinit)
                  00006f3c    00000034                                   : boot_cortex_m.c.obj (.text:_c_int00_noargs:_c_int00_noargs)
                  00006f70    00000028                                   : memory.c.obj (.text:free_list_insert)
                  00006f98    0000001c                                   : copy_zero_init.c.obj (.text:decompress:ZI:__TI_zero_init_nomemset:__TI_zero_init_nomemset)
                  00006fb4    0000001c                                   : memory.c.obj (.text:free_list_remove)
                  00006fd0    00000018                                   : ll_mul_t2.asm.obj (.text)
                  00006fe8    0000000e                                   : copy_decompress_none.c.obj (.text:decompress:none:__TI_decompress_none)
                  00006ff6    0000000c     tm4c123gh6pm_startup_ccs.obj (.text)
                  00007002    00000008     rtsv7M4_T_le_v4SPD16_eabi.lib : memory.c.obj (.text:malloc)
                  0000700a    00000004                                   : pre_init.c.obj (.text:_system_pre_init)
                  0000700e    00000004                                   : exit.c.obj (.text:abort:abort)

.const     0    00007014    0000029f     
                  00007014    00000134     GPT_Lcfg.obj (.const:GPT_ConfigPtr_Container)
                  00007148    000000fe     IntCtrl_Lcfg.obj (.const:Initialized_Interrupt_Container)
                  00007246    00000002     --HOLE-- [fill = 0]
                  00007248    00000028     PWM_Lcfg.obj (.const:PWM_Container)
                  00007270    00000028     UART_Lcfg.obj (.const:UART_Container)
                  00007298    0000000f     I2C_Lcfg.obj (.const:I2C_Container)
                  000072a7    0000000c     PORT_Lcfg.obj (.const:ConfigPtr)

.cinit     0    000072b8    00000040     
                  000072b8    00000017     (.cinit..data.load) [load image, compression = lzss]
                  000072cf    00000001     --HOLE-- [fill = 0]
                  000072d0    0000000c     (__TI_handler_table)
                  000072dc    00000004     --HOLE-- [fill = 0]
                  000072e0    00000008     (.cinit..bss.load) [load image, compression = zero_init]
                  000072e8    00000010     (__TI_cinit_table)

.init_array 
*          0    00000000    00000000     UNINITIALIZED

.stack     0    20000000    00000200     UNINITIALIZED
                  20000000    00000004     rtsv7M4_T_le_v4SPD16_eabi.lib : boot_cortex_m.c.obj (.stack)
                  20000004    000001fc     --HOLE--

.data      0    20000200    00000121     UNINITIALIZED
                  20000200    0000003c     GPT.obj (.data:G_SW_PreScaler_RealCounter)
                  2000023c    0000003c     GPT.obj (.data:G_SW_PreScaling)
                  20000278    0000002c     GPT.obj (.data:G_BitShifting)
                  200002a4    0000002c     GPT.obj (.data:G_BitShiftingGuarding)
                  200002d0    0000002c     GPT.obj (.data:G_BitUsedGuarding)
                  200002fc    00000010     GPT.obj (.data)
                  2000030c    00000008     rtsv7M4_T_le_v4SPD16_eabi.lib : _lock.c.obj (.data:$O1$$)
                  20000314    00000008                                   : memory.c.obj (.data:$O1$$)
                  2000031c    00000002     I2C.obj (.data)
                  2000031e    00000002     PWM.obj (.data)
                  20000320    00000001     PORT.obj (.data)

.bss       0    20000324    00000090     UNINITIALIZED
                  20000324    00000040     (.common:UART_Queue_Buffer)
                  20000364    00000020     I2C.obj (.bss:I2C_Queue_Buffer)
                  20000384    00000010     PWM.obj (.bss:High_thresholds)
                  20000394    00000010     PWM.obj (.bss:Load_Values)
                  200003a4    00000010     PWM.obj (.bss:Low_thresholds)

.sysmem    0    200003b8    00000010     UNINITIALIZED
                  200003b8    00000010     rtsv7M4_T_le_v4SPD16_eabi.lib : memory.c.obj (.sysmem)

__llvm_prf_cnts 
*          0    20000000    00000000     UNINITIALIZED

MODULE SUMMARY

       Module                         code    ro data   rw data
       ------                         ----    -------   -------
    .\
       tm4c123gh6pm_startup_ccs.obj   12      620       0      
    +--+------------------------------+-------+---------+---------+
       Total:                         12      620       0      
                                                               
    .\App\
       main.obj                       974     0         0      
    +--+------------------------------+-------+---------+---------+
       Total:                         974     0         0      
                                                               
    .\Common\
       Std_Types_Helper.obj           172     0         0      
    +--+------------------------------+-------+---------+---------+
       Total:                         172     0         0      
                                                               
    .\Common\DataStructure\Queue\static\src\
       Queue.obj                      2536    0         0      
    +--+------------------------------+-------+---------+---------+
       Total:                         2536    0         0      
                                                               
    .\Mcal\DIO\Static\src\
       DIO.obj                        1504    0         0      
    +--+------------------------------+-------+---------+---------+
       Total:                         1504    0         0      
                                                               
    .\Mcal\GPT\Dynamic\src\
       GPT_Lcfg.obj                   0       308       0      
    +--+------------------------------+-------+---------+---------+
       Total:                         0       308       0      
                                                               
    .\Mcal\GPT\Static\src\
       GPT.obj                        6960    0         268    
    +--+------------------------------+-------+---------+---------+
       Total:                         6960    0         268    
                                                               
    .\Mcal\I2C\Dynamic\Src\
       I2C_Lcfg.obj                   0       15        0      
    +--+------------------------------+-------+---------+---------+
       Total:                         0       15        0      
                                                               
    .\Mcal\I2C\Static\Src\
       I2C.obj                        3252    0         34     
    +--+------------------------------+-------+---------+---------+
       Total:                         3252    0         34     
                                                               
    .\Mcal\IntCtrl\Dynamic\src\
       IntCtrl_Lcfg.obj               0       254       0      
    +--+------------------------------+-------+---------+---------+
       Total:                         0       254       0      
                                                               
    .\Mcal\IntCtrl\Static\src\
       IntCtrl.obj                    1760    0         0      
    +--+------------------------------+-------+---------+---------+
       Total:                         1760    0         0      
                                                               
    .\Mcal\PORT\Dynamic\src\
       PORT_Lcfg.obj                  0       12        0      
    +--+------------------------------+-------+---------+---------+
       Total:                         0       12        0      
                                                               
    .\Mcal\PORT\Static\src\
       PORT.obj                       1844    0         1      
    +--+------------------------------+-------+---------+---------+
       Total:                         1844    0         1      
                                                               
    .\Mcal\PWM\Dynamic\src\
       PWM_Lcfg.obj                   0       40        0      
    +--+------------------------------+-------+---------+---------+
       Total:                         0       40        0      
                                                               
    .\Mcal\PWM\Static\src\
       PWM.obj                        4356    0         50     
    +--+------------------------------+-------+---------+---------+
       Total:                         4356    0         50     
                                                               
    .\Mcal\UART\Dynamic\src\
       UART_Lcfg.obj                  0       40        0      
    +--+------------------------------+-------+---------+---------+
       Total:                         0       40        0      
                                                               
    .\Mcal\UART\Static\src\
       UART.obj                       3572    0         64     
    +--+------------------------------+-------+---------+---------+
       Total:                         3572    0         64     
                                                               
    C:\ti\ccs1210\ccs\tools\compiler\ti-cgt-arm_20.2.7.LTS\lib\rtsv7M4_T_le_v4SPD16_eabi.lib
       memory.c.obj                   672     0         8      
       memcpy_t2.asm.obj              156     0         0      
       copy_decompress_lzss.c.obj     104     0         0      
       autoinit.c.obj                 68      0         0      
       boot_cortex_m.c.obj            52      0         0      
       copy_zero_init.c.obj           28      0         0      
       ll_mul_t2.asm.obj              24      0         0      
       copy_decompress_none.c.obj     14      0         0      
       _lock.c.obj                    2       0         8      
       exit.c.obj                     4       0         0      
       pre_init.c.obj                 4       0         0      
    +--+------------------------------+-------+---------+---------+
       Total:                         1128    0         16     
                                                               
       Heap:                          0       0         16     
       Stack:                         0       0         512    
       Linker Generated:              0       59        0      
    +--+------------------------------+-------+---------+---------+
       Grand Total:                   28070   1348      961    


LINKER GENERATED COPY TABLES

__TI_cinit_table @ 000072e8 records: 2, size/record: 8, table size: 16
	.data: load addr=000072b8, load size=00000017 bytes, run addr=20000200, run size=00000121 bytes, compression=lzss
	.bss: load addr=000072e0, load size=00000008 bytes, run addr=20000324, run size=00000090 bytes, compression=zero_init


LINKER GENERATED HANDLER TABLE

__TI_handler_table @ 000072d0 records: 3, size/record: 4, table size: 12
	index: 0, handler: __TI_decompress_lzss
	index: 1, handler: __TI_decompress_none
	index: 2, handler: __TI_zero_init


GLOBAL SYMBOLS: SORTED ALPHABETICALLY BY Name 

address   name                                   
-------   ----                                   
000069dd  App_Function                           
00004389  App_I2C0_Rx_CallBack                   
00004387  App_I2C0_Tx_CallBack                   
0000438d  App_I2C1_Rx_CallBack                   
0000438b  App_I2C1_Tx_CallBack                   
00004391  App_I2C2_Rx_CallBack                   
0000438f  App_I2C2_Tx_CallBack                   
00004395  App_I2C3_Rx_CallBack                   
00004393  App_I2C3_Tx_CallBack                   
00003219  App_Uart0_Rx_CallBack                  
00003217  App_Uart0_Tx_CallBack                  
0000321d  App_Uart1_Rx_CallBack                  
0000321b  App_Uart1_Tx_CallBack                  
00003221  App_Uart2_Rx_CallBack                  
0000321f  App_Uart2_Tx_CallBack                  
00003225  App_Uart3_Rx_CallBack                  
00003223  App_Uart3_Tx_CallBack                  
00003229  App_Uart4_Rx_CallBack                  
00003227  App_Uart4_Tx_CallBack                  
0000322d  App_Uart5_Rx_CallBack                  
000069df  App_Uart5_Tx_CallBack                  
00003231  App_Uart6_Rx_CallBack                  
0000322f  App_Uart6_Tx_CallBack                  
00003235  App_Uart7_Rx_CallBack                  
000069e9  App_Uart7_Tx_CallBack                  
0000700f  C$$EXIT                                
000072a7  ConfigPtr                              
00000373  Default_Function                       
00006d45  Delay_ms                               
00006531  Dio_FlipChannel                        
00006145  Dio_ReadChannel                        
00006435  Dio_ReadPort                           
00006235  Dio_WriteChannel                       
000064b5  Dio_WritePort                          
00007014  GPT_ConfigPtr_Container                
0000550f  GetPortAddress                         
000002d7  GetTimerAddress                        
00000879  Gpt_DisableNotification                
000009d9  Gpt_EnableNotification                 
00001099  Gpt_GetPredefTimerValue                
00000d1d  Gpt_GetTimeElapsed                     
00000ec9  Gpt_GetTimeRemaining                   
000003a5  Gpt_Init                               
00001111  Gpt_Notification_channel_Normal_0      
00001215  Gpt_Notification_channel_Normal_1      
00001325  Gpt_Notification_channel_Normal_2      
00001441  Gpt_Notification_channel_Normal_3      
00001565  Gpt_Notification_channel_Normal_4      
00001681  Gpt_Notification_channel_Normal_5      
000017a1  Gpt_Notification_channel_Wide_0        
000018bd  Gpt_Notification_channel_Wide_1        
000019d5  Gpt_Notification_channel_Wide_2        
00001af5  Gpt_Notification_channel_Wide_3        
00001c15  Gpt_Notification_channel_Wide_4        
00001d19  Gpt_Notification_channel_Wide_5        
00000ae5  Gpt_StartTimer                         
00000c11  Gpt_StopTimer                          
00007298  I2C_Container                          
000047bd  I2C_MasterPoke_to_receive              
0000475d  I2C_MasterPoke_to_transmit             
00004145  I2C_MasterReceiveMultibleBytes         
0000407d  I2C_MasterSingleReceive                
00003e1d  I2C_MasterSingleTransmit               
00003eed  I2C_MasterTransmitMultibleBytes        
000048a9  I2C_Pop_the_Received                   
0000481d  I2C_Push_to_Transmit                   
0000437b  I2C_SlaveReceive_one_Byte              
0000436f  I2C_SlaveTransmit_one_Byte             
00004397  I2C_init                               
00007148  Initialized_Interrupt_Container        
00006005  IntCtrl_ChangePriority                 
00005d81  IntCtrl_DisableInterrupt               
00005ed1  IntCtrl_Enable_Interrupt               
00005a65  IntCtrl_Init                           
00007248  PWM_Container                          
000028b9  PWM_UpdateThresholds                   
00005581  Port_Init                              
0000505f  Queue_CleanUp_uint16_d                 
00004b4b  Queue_CleanUp_uint16_s                 
00004eb3  Queue_CleanUp_uint32_d                 
000049d5  Queue_CleanUp_uint32_s                 
00005213  Queue_CleanUp_uint8_d                  
00004cdf  Queue_CleanUp_uint8_s                  
00004fa9  Queue_Create_DYNAMIC_uint16            
00004df5  Queue_Create_DYNAMIC_uint32            
0000515f  Queue_Create_DYNAMIC_uint8             
00004acf  Queue_Create_STATIC_uint16             
00004949  Queue_Create_STATIC_uint32             
00004c63  Queue_Create_STATIC_uint8              
00004fe7  Queue_Destroy_DYNAMIC_uint16           
00004e3b  Queue_Destroy_DYNAMIC_uint32           
0000519d  Queue_Destroy_DYNAMIC_uint8            
00004af5  Queue_Destroy_STATIC_uint16            
0000496f  Queue_Destroy_STATIC_uint32            
00004c89  Queue_Destroy_STATIC_uint8             
00004ffd  Queue_Init_uint16_d                    
00004b05  Queue_Init_uint16_s                    
00004e51  Queue_Init_uint32_d                    
00004985  Queue_Init_uint32_s                    
000051b3  Queue_Init_uint8_d                     
00004c99  Queue_Init_uint8_s                     
000050af  Queue_getSize_uint16_d                 
00004ba1  Queue_getSize_uint16_s                 
00004f03  Queue_getSize_uint32_d                 
00004a2b  Queue_getSize_uint32_s                 
00005263  Queue_getSize_uint8_d                  
00004d35  Queue_getSize_uint8_s                  
000050d1  Queue_insert_uint16_d                  
00004bb1  Queue_insert_uint16_s                  
00004f25  Queue_insert_uint32_d                  
00004a3b  Queue_insert_uint32_s                  
00005285  Queue_insert_uint8_d                   
00004d45  Queue_insert_uint8_s                   
00005095  Queue_isEmpty_uint16_d                 
00004b83  Queue_isEmpty_uint16_s                 
00004ee9  Queue_isEmpty_uint32_d                 
00004a0d  Queue_isEmpty_uint32_s                 
00005249  Queue_isEmpty_uint8_d                  
00004d17  Queue_isEmpty_uint8_s                  
0000506d  Queue_isFull_uint16_d                  
00004b57  Queue_isFull_uint16_s                  
00004ec1  Queue_isFull_uint32_d                  
000049e1  Queue_isFull_uint32_s                  
00005221  Queue_isFull_uint8_d                   
00004ceb  Queue_isFull_uint8_s                   
00005115  Queue_remove_uint16_d                  
00004c11  Queue_remove_uint16_s                  
00004f65  Queue_remove_uint32_d                  
00004a83  Queue_remove_uint32_s                  
000052c7  Queue_remove_uint8_d                   
00004da5  Queue_remove_uint8_s                   
00006a37  Rcv_Msg                                
00006ff7  ResetISR                               
000068d3  Send_Msg_I2C0                          
000068f5  Send_Msg_I2C1                          
000069f3  Send_Msg_UART5                         
00006a15  Send_Msg_UART7                         
00005447  SetAlternativeFunction                 
000053b5  SetInternalAttach                      
000054af  SetOutputCurrentValue                  
00005373  SetPinDirection                        
00005331  SetPinInitialValue                     
00006771  Test_I2C_AlwaysFullBuffer_NoISR_Configs
0000672f  Test_PWM_Generation_NoISR_Configs      
00006917  Test_UART_AlwaysFullBuffer_ISR_Configs 
00007270  UART_Container                         
00003887  UART_Poke_to_receive                   
0000384d  UART_Poke_to_transmit                  
00003951  UART_Pop_the_Received                  
000038c9  UART_Push_to_Transmit                  
20000324  UART_Queue_Buffer                      
00006cd9  WriteUsingBB                           
20000200  __STACK_END                            
00000200  __STACK_SIZE                           
20000200  __STACK_TOP                            
00000010  __SYSMEM_SIZE                          
000072e8  __TI_CINIT_Base                        
000072f8  __TI_CINIT_Limit                       
000072d0  __TI_Handler_Table_Base                
000072dc  __TI_Handler_Table_Limit               
00006ef9  __TI_auto_init_nobinit_nopinit         
00006e91  __TI_decompress_lzss                   
00006fe9  __TI_decompress_none                   
ffffffff  __TI_pprof_out_hndl                    
ffffffff  __TI_prof_data_size                    
ffffffff  __TI_prof_data_start                   
00000000  __TI_static_base__                     
00006f99  __TI_zero_init_nomemset                
00006fd1  __aeabi_lmul                           
00006d85  __aeabi_memcpy                         
00006d85  __aeabi_memcpy4                        
00006d85  __aeabi_memcpy8                        
ffffffff  __binit__                              
ffffffff  __c_args__                             
UNDEFED   __mpu_init                             
20000000  __stack                                
20000000  __start___llvm_prf_cnts                
20000000  __stop___llvm_prf_cnts                 
00006f3d  _c_int00_noargs                        
2000030c  _lock                                  
00006af3  _nop                                   
200003b8  _sys_memory                            
UNDEFED   _system_post_cinit                     
0000700b  _system_pre_init                       
20000310  _unlock                                
0000700f  abort                                  
00006af5  aligned_alloc                          
ffffffff  binit                                  
0000029b  calculate_BitGuarding                  
0000026d  calculate_MaxBits                      
00006bf5  free                                   
00000000  g_pfnVectors                           
00006725  main                                   
00007003  malloc                                 
00006af5  memalign                               
00006d85  memcpy                                 
00002991  pwm_AutomaticDutyCycle                 
00002c77  pwm_change_mode                        
00002d0b  pwm_disable                            
00002e0f  pwm_enable                             
00001db9  pwm_init                               
00002d83  pwm_stop                               
0000231d  pwm_update_comparator_a                
00002509  pwm_update_comparator_a_percentage     
00002409  pwm_update_comparator_b                
000025f1  pwm_update_comparator_b_percentage     
000026eb  pwm_update_generation_a                
00002791  pwm_update_generation_b                
00002837  pwm_update_load                        
000039c5  uart0_handler                          
00003a0d  uart1_handler                          
00003a55  uart2_handler                          
00003a9d  uart3_handler                          
00003ae9  uart4_handler                          
00003b31  uart5_handler                          
00003b79  uart6_handler                          
00003bc5  uart7_handler                          
00003259  uart_init                              
00003091  uart_receive_all_of_it                 
00003017  uart_receive_one_char                  
00003113  uart_receive_some_of_it                
00002f11  uart_transmit_all_of_it                
00002ea1  uart_transmit_one_char                 
00002f85  uart_transmit_some_of_it               


GLOBAL SYMBOLS: SORTED BY Symbol Address 

address   name                                   
-------   ----                                   
00000000  __TI_static_base__                     
00000000  g_pfnVectors                           
00000010  __SYSMEM_SIZE                          
00000200  __STACK_SIZE                           
0000026d  calculate_MaxBits                      
0000029b  calculate_BitGuarding                  
000002d7  GetTimerAddress                        
00000373  Default_Function                       
000003a5  Gpt_Init                               
00000879  Gpt_DisableNotification                
000009d9  Gpt_EnableNotification                 
00000ae5  Gpt_StartTimer                         
00000c11  Gpt_StopTimer                          
00000d1d  Gpt_GetTimeElapsed                     
00000ec9  Gpt_GetTimeRemaining                   
00001099  Gpt_GetPredefTimerValue                
00001111  Gpt_Notification_channel_Normal_0      
00001215  Gpt_Notification_channel_Normal_1      
00001325  Gpt_Notification_channel_Normal_2      
00001441  Gpt_Notification_channel_Normal_3      
00001565  Gpt_Notification_channel_Normal_4      
00001681  Gpt_Notification_channel_Normal_5      
000017a1  Gpt_Notification_channel_Wide_0        
000018bd  Gpt_Notification_channel_Wide_1        
000019d5  Gpt_Notification_channel_Wide_2        
00001af5  Gpt_Notification_channel_Wide_3        
00001c15  Gpt_Notification_channel_Wide_4        
00001d19  Gpt_Notification_channel_Wide_5        
00001db9  pwm_init                               
0000231d  pwm_update_comparator_a                
00002409  pwm_update_comparator_b                
00002509  pwm_update_comparator_a_percentage     
000025f1  pwm_update_comparator_b_percentage     
000026eb  pwm_update_generation_a                
00002791  pwm_update_generation_b                
00002837  pwm_update_load                        
000028b9  PWM_UpdateThresholds                   
00002991  pwm_AutomaticDutyCycle                 
00002c77  pwm_change_mode                        
00002d0b  pwm_disable                            
00002d83  pwm_stop                               
00002e0f  pwm_enable                             
00002ea1  uart_transmit_one_char                 
00002f11  uart_transmit_all_of_it                
00002f85  uart_transmit_some_of_it               
00003017  uart_receive_one_char                  
00003091  uart_receive_all_of_it                 
00003113  uart_receive_some_of_it                
00003217  App_Uart0_Tx_CallBack                  
00003219  App_Uart0_Rx_CallBack                  
0000321b  App_Uart1_Tx_CallBack                  
0000321d  App_Uart1_Rx_CallBack                  
0000321f  App_Uart2_Tx_CallBack                  
00003221  App_Uart2_Rx_CallBack                  
00003223  App_Uart3_Tx_CallBack                  
00003225  App_Uart3_Rx_CallBack                  
00003227  App_Uart4_Tx_CallBack                  
00003229  App_Uart4_Rx_CallBack                  
0000322d  App_Uart5_Rx_CallBack                  
0000322f  App_Uart6_Tx_CallBack                  
00003231  App_Uart6_Rx_CallBack                  
00003235  App_Uart7_Rx_CallBack                  
00003259  uart_init                              
0000384d  UART_Poke_to_transmit                  
00003887  UART_Poke_to_receive                   
000038c9  UART_Push_to_Transmit                  
00003951  UART_Pop_the_Received                  
000039c5  uart0_handler                          
00003a0d  uart1_handler                          
00003a55  uart2_handler                          
00003a9d  uart3_handler                          
00003ae9  uart4_handler                          
00003b31  uart5_handler                          
00003b79  uart6_handler                          
00003bc5  uart7_handler                          
00003e1d  I2C_MasterSingleTransmit               
00003eed  I2C_MasterTransmitMultibleBytes        
0000407d  I2C_MasterSingleReceive                
00004145  I2C_MasterReceiveMultibleBytes         
0000436f  I2C_SlaveTransmit_one_Byte             
0000437b  I2C_SlaveReceive_one_Byte              
00004387  App_I2C0_Tx_CallBack                   
00004389  App_I2C0_Rx_CallBack                   
0000438b  App_I2C1_Tx_CallBack                   
0000438d  App_I2C1_Rx_CallBack                   
0000438f  App_I2C2_Tx_CallBack                   
00004391  App_I2C2_Rx_CallBack                   
00004393  App_I2C3_Tx_CallBack                   
00004395  App_I2C3_Rx_CallBack                   
00004397  I2C_init                               
0000475d  I2C_MasterPoke_to_transmit             
000047bd  I2C_MasterPoke_to_receive              
0000481d  I2C_Push_to_Transmit                   
000048a9  I2C_Pop_the_Received                   
00004949  Queue_Create_STATIC_uint32             
0000496f  Queue_Destroy_STATIC_uint32            
00004985  Queue_Init_uint32_s                    
000049d5  Queue_CleanUp_uint32_s                 
000049e1  Queue_isFull_uint32_s                  
00004a0d  Queue_isEmpty_uint32_s                 
00004a2b  Queue_getSize_uint32_s                 
00004a3b  Queue_insert_uint32_s                  
00004a83  Queue_remove_uint32_s                  
00004acf  Queue_Create_STATIC_uint16             
00004af5  Queue_Destroy_STATIC_uint16            
00004b05  Queue_Init_uint16_s                    
00004b4b  Queue_CleanUp_uint16_s                 
00004b57  Queue_isFull_uint16_s                  
00004b83  Queue_isEmpty_uint16_s                 
00004ba1  Queue_getSize_uint16_s                 
00004bb1  Queue_insert_uint16_s                  
00004c11  Queue_remove_uint16_s                  
00004c63  Queue_Create_STATIC_uint8              
00004c89  Queue_Destroy_STATIC_uint8             
00004c99  Queue_Init_uint8_s                     
00004cdf  Queue_CleanUp_uint8_s                  
00004ceb  Queue_isFull_uint8_s                   
00004d17  Queue_isEmpty_uint8_s                  
00004d35  Queue_getSize_uint8_s                  
00004d45  Queue_insert_uint8_s                   
00004da5  Queue_remove_uint8_s                   
00004df5  Queue_Create_DYNAMIC_uint32            
00004e3b  Queue_Destroy_DYNAMIC_uint32           
00004e51  Queue_Init_uint32_d                    
00004eb3  Queue_CleanUp_uint32_d                 
00004ec1  Queue_isFull_uint32_d                  
00004ee9  Queue_isEmpty_uint32_d                 
00004f03  Queue_getSize_uint32_d                 
00004f25  Queue_insert_uint32_d                  
00004f65  Queue_remove_uint32_d                  
00004fa9  Queue_Create_DYNAMIC_uint16            
00004fe7  Queue_Destroy_DYNAMIC_uint16           
00004ffd  Queue_Init_uint16_d                    
0000505f  Queue_CleanUp_uint16_d                 
0000506d  Queue_isFull_uint16_d                  
00005095  Queue_isEmpty_uint16_d                 
000050af  Queue_getSize_uint16_d                 
000050d1  Queue_insert_uint16_d                  
00005115  Queue_remove_uint16_d                  
0000515f  Queue_Create_DYNAMIC_uint8             
0000519d  Queue_Destroy_DYNAMIC_uint8            
000051b3  Queue_Init_uint8_d                     
00005213  Queue_CleanUp_uint8_d                  
00005221  Queue_isFull_uint8_d                   
00005249  Queue_isEmpty_uint8_d                  
00005263  Queue_getSize_uint8_d                  
00005285  Queue_insert_uint8_d                   
000052c7  Queue_remove_uint8_d                   
00005331  SetPinInitialValue                     
00005373  SetPinDirection                        
000053b5  SetInternalAttach                      
00005447  SetAlternativeFunction                 
000054af  SetOutputCurrentValue                  
0000550f  GetPortAddress                         
00005581  Port_Init                              
00005a65  IntCtrl_Init                           
00005d81  IntCtrl_DisableInterrupt               
00005ed1  IntCtrl_Enable_Interrupt               
00006005  IntCtrl_ChangePriority                 
00006145  Dio_ReadChannel                        
00006235  Dio_WriteChannel                       
00006435  Dio_ReadPort                           
000064b5  Dio_WritePort                          
00006531  Dio_FlipChannel                        
00006725  main                                   
0000672f  Test_PWM_Generation_NoISR_Configs      
00006771  Test_I2C_AlwaysFullBuffer_NoISR_Configs
000068d3  Send_Msg_I2C0                          
000068f5  Send_Msg_I2C1                          
00006917  Test_UART_AlwaysFullBuffer_ISR_Configs 
000069dd  App_Function                           
000069df  App_Uart5_Tx_CallBack                  
000069e9  App_Uart7_Tx_CallBack                  
000069f3  Send_Msg_UART5                         
00006a15  Send_Msg_UART7                         
00006a37  Rcv_Msg                                
00006af3  _nop                                   
00006af5  aligned_alloc                          
00006af5  memalign                               
00006bf5  free                                   
00006cd9  WriteUsingBB                           
00006d45  Delay_ms                               
00006d85  __aeabi_memcpy                         
00006d85  __aeabi_memcpy4                        
00006d85  __aeabi_memcpy8                        
00006d85  memcpy                                 
00006e91  __TI_decompress_lzss                   
00006ef9  __TI_auto_init_nobinit_nopinit         
00006f3d  _c_int00_noargs                        
00006f99  __TI_zero_init_nomemset                
00006fd1  __aeabi_lmul                           
00006fe9  __TI_decompress_none                   
00006ff7  ResetISR                               
00007003  malloc                                 
0000700b  _system_pre_init                       
0000700f  C$$EXIT                                
0000700f  abort                                  
00007014  GPT_ConfigPtr_Container                
00007148  Initialized_Interrupt_Container        
00007248  PWM_Container                          
00007270  UART_Container                         
00007298  I2C_Container                          
000072a7  ConfigPtr                              
000072d0  __TI_Handler_Table_Base                
000072dc  __TI_Handler_Table_Limit               
000072e8  __TI_CINIT_Base                        
000072f8  __TI_CINIT_Limit                       
20000000  __stack                                
20000000  __start___llvm_prf_cnts                
20000000  __stop___llvm_prf_cnts                 
20000200  __STACK_END                            
20000200  __STACK_TOP                            
2000030c  _lock                                  
20000310  _unlock                                
20000324  UART_Queue_Buffer                      
200003b8  _sys_memory                            
ffffffff  __TI_pprof_out_hndl                    
ffffffff  __TI_prof_data_size                    
ffffffff  __TI_prof_data_start                   
ffffffff  __binit__                              
ffffffff  __c_args__                             
ffffffff  binit                                  
UNDEFED   __mpu_init                             
UNDEFED   _system_post_cinit                     

[224 symbols]
