******************************************************************************
                  TI ARM Linker PC v20.2.7                     
******************************************************************************
>> Linked Tue Feb 14 13:09:22 2023

OUTPUT FILE NAME:   <TIVA_C_MCAL.out>
ENTRY POINT SYMBOL: "_c_int00_noargs"  address: 00007855


MEMORY CONFIGURATION

         name            origin    length      used     unused   attr    fill
----------------------  --------  ---------  --------  --------  ----  --------
  FLASH                 00000000   00040000  00007c09  000383f7  R  X
  SRAM                  20000000   00008000  000003c5  00007c3b  RW X


SEGMENT ALLOCATION MAP

run origin  load origin   length   init length attrs members
----------  ----------- ---------- ----------- ----- -------
00000000    00000000    00007c10   00007c10    r-x
  00000000    00000000    0000026c   0000026c    r-- .intvecs
  0000026c    0000026c    000076be   000076be    r-x .text
  0000792c    0000792c    0000029f   0000029f    r-- .const
  00007bd0    00007bd0    00000040   00000040    r-- .cinit
20000000    20000000    000003c8   00000000    rw-
  20000000    20000000    00000200   00000000    rw- .stack
  20000200    20000200    00000121   00000000    rw- .data
  20000324    20000324    00000094   00000000    rw- .bss
  200003b8    200003b8    00000010   00000000    rw- .sysmem


SECTION ALLOCATION MAP

 output                                  attributes/
section   page    origin      length       input sections
--------  ----  ----------  ----------   ----------------
.intvecs   0    00000000    0000026c     
                  00000000    0000026c     tm4c123gh6pm_startup_ccs.obj (.intvecs)

.text      0    0000026c    000076be     
                  0000026c    00001b30     GPT.obj (.text)
                  00001d9c    000013cc     PWM.obj (.text)
                  00003168    00000df4     UART.obj (.text)
                  00003f5c    00000cb4     I2C.obj (.text)
                  00004c10    000009e8     Queue.obj (.text)
                  000055f8    00000720     PORT.obj (.text)
                  00005d18    000006e0     IntCtrl.obj (.text)
                  000063f8    00000614     LCD.obj (.text)
                  00006a0c    000005e0     DIO.obj (.text)
                  00006fec    0000041e     main.obj (.text)
                  0000740a    00000002     rtsv7M4_T_le_v4SPD16_eabi.lib : _lock.c.obj (.text:_nop)
                  0000740c    00000100                                   : memory.c.obj (.text:aligned_alloc)
                  0000750c    000000e4                                   : memory.c.obj (.text:free)
                  000075f0    000000ac     Std_Types_Helper.obj (.text)
                  0000769c    0000009c     rtsv7M4_T_le_v4SPD16_eabi.lib : memcpy_t2.asm.obj (.text)
                  00007738    00000070                                   : memory.c.obj (.text:split)
                  000077a8    00000068                                   : copy_decompress_lzss.c.obj (.text:decompress:lzss:__TI_decompress_lzss)
                  00007810    00000044                                   : autoinit.c.obj (.text:__TI_auto_init_nobinit_nopinit:__TI_auto_init_nobinit_nopinit)
                  00007854    00000034                                   : boot_cortex_m.c.obj (.text:_c_int00_noargs:_c_int00_noargs)
                  00007888    00000028                                   : memory.c.obj (.text:free_list_insert)
                  000078b0    0000001c                                   : copy_zero_init.c.obj (.text:decompress:ZI:__TI_zero_init_nomemset:__TI_zero_init_nomemset)
                  000078cc    0000001c                                   : memory.c.obj (.text:free_list_remove)
                  000078e8    00000018                                   : ll_mul_t2.asm.obj (.text)
                  00007900    0000000e                                   : copy_decompress_none.c.obj (.text:decompress:none:__TI_decompress_none)
                  0000790e    0000000c     tm4c123gh6pm_startup_ccs.obj (.text)
                  0000791a    00000008     rtsv7M4_T_le_v4SPD16_eabi.lib : memory.c.obj (.text:malloc)
                  00007922    00000004                                   : pre_init.c.obj (.text:_system_pre_init)
                  00007926    00000004                                   : exit.c.obj (.text:abort:abort)

.const     0    0000792c    0000029f     
                  0000792c    00000134     GPT_Lcfg.obj (.const:GPT_ConfigPtr_Container)
                  00007a60    000000fe     IntCtrl_Lcfg.obj (.const:Initialized_Interrupt_Container)
                  00007b5e    00000002     --HOLE-- [fill = 0]
                  00007b60    00000028     PWM_Lcfg.obj (.const:PWM_Container)
                  00007b88    00000028     UART_Lcfg.obj (.const:UART_Container)
                  00007bb0    0000000f     I2C_Lcfg.obj (.const:I2C_Container)
                  00007bbf    0000000c     PORT_Lcfg.obj (.const:ConfigPtr)

.cinit     0    00007bd0    00000040     
                  00007bd0    00000017     (.cinit..data.load) [load image, compression = lzss]
                  00007be7    00000001     --HOLE-- [fill = 0]
                  00007be8    0000000c     (__TI_handler_table)
                  00007bf4    00000004     --HOLE-- [fill = 0]
                  00007bf8    00000008     (.cinit..bss.load) [load image, compression = zero_init]
                  00007c00    00000010     (__TI_cinit_table)

.init_array 
*          0    00000000    00000000     UNINITIALIZED

.stack     0    20000000    00000200     UNINITIALIZED
                  20000000    00000004     rtsv7M4_T_le_v4SPD16_eabi.lib : boot_cortex_m.c.obj (.stack)
                  20000004    000001fc     --HOLE--

.data      0    20000200    00000121     UNINITIALIZED
                  20000200    0000003c     GPT.obj (.data:G_SW_PreScaler_RealCounter)
                  2000023c    0000003c     GPT.obj (.data:G_SW_PreScaling)
                  20000278    0000002c     GPT.obj (.data:G_BitShifting)
                  200002a4    0000002c     GPT.obj (.data:G_BitShiftingGuarding)
                  200002d0    0000002c     GPT.obj (.data:G_BitUsedGuarding)
                  200002fc    00000010     GPT.obj (.data)
                  2000030c    00000008     rtsv7M4_T_le_v4SPD16_eabi.lib : _lock.c.obj (.data:$O1$$)
                  20000314    00000008                                   : memory.c.obj (.data:$O1$$)
                  2000031c    00000002     I2C.obj (.data)
                  2000031e    00000002     PWM.obj (.data)
                  20000320    00000001     PORT.obj (.data)

.bss       0    20000324    00000094     UNINITIALIZED
                  20000324    00000040     (.common:UART_Queue_Buffer)
                  20000364    00000020     I2C.obj (.bss:I2C_Queue_Buffer)
                  20000384    00000010     PWM.obj (.bss:High_thresholds)
                  20000394    00000010     PWM.obj (.bss:Load_Values)
                  200003a4    00000010     PWM.obj (.bss:Low_thresholds)
                  200003b4    00000004     (.common:Lcd_I2C_Config)

.sysmem    0    200003b8    00000010     UNINITIALIZED
                  200003b8    00000010     rtsv7M4_T_le_v4SPD16_eabi.lib : memory.c.obj (.sysmem)

__llvm_prf_cnts 
*          0    20000000    00000000     UNINITIALIZED

MODULE SUMMARY

       Module                         code    ro data   rw data
       ------                         ----    -------   -------
    .\
       tm4c123gh6pm_startup_ccs.obj   12      620       0      
    +--+------------------------------+-------+---------+---------+
       Total:                         12      620       0      
                                                               
    .\App\
       main.obj                       1054    0         0      
    +--+------------------------------+-------+---------+---------+
       Total:                         1054    0         0      
                                                               
    .\Common\
       Std_Types_Helper.obj           172     0         0      
    +--+------------------------------+-------+---------+---------+
       Total:                         172     0         0      
                                                               
    .\Common\DataStructure\Queue\static\src\
       Queue.obj                      2536    0         0      
    +--+------------------------------+-------+---------+---------+
       Total:                         2536    0         0      
                                                               
    .\HAL\LCD\Dynamic\src\
       LCD_Lcfg.obj                   0       0         4      
    +--+------------------------------+-------+---------+---------+
       Total:                         0       0         4      
                                                               
    .\HAL\LCD\Static\src\
       LCD.obj                        1556    0         0      
    +--+------------------------------+-------+---------+---------+
       Total:                         1556    0         0      
                                                               
    .\Mcal\DIO\Static\src\
       DIO.obj                        1504    0         0      
    +--+------------------------------+-------+---------+---------+
       Total:                         1504    0         0      
                                                               
    .\Mcal\GPT\Dynamic\src\
       GPT_Lcfg.obj                   0       308       0      
    +--+------------------------------+-------+---------+---------+
       Total:                         0       308       0      
                                                               
    .\Mcal\GPT\Static\src\
       GPT.obj                        6960    0         268    
    +--+------------------------------+-------+---------+---------+
       Total:                         6960    0         268    
                                                               
    .\Mcal\I2C\Dynamic\Src\
       I2C_Lcfg.obj                   0       15        0      
    +--+------------------------------+-------+---------+---------+
       Total:                         0       15        0      
                                                               
    .\Mcal\I2C\Static\Src\
       I2C.obj                        3252    0         34     
    +--+------------------------------+-------+---------+---------+
       Total:                         3252    0         34     
                                                               
    .\Mcal\IntCtrl\Dynamic\src\
       IntCtrl_Lcfg.obj               0       254       0      
    +--+------------------------------+-------+---------+---------+
       Total:                         0       254       0      
                                                               
    .\Mcal\IntCtrl\Static\src\
       IntCtrl.obj                    1760    0         0      
    +--+------------------------------+-------+---------+---------+
       Total:                         1760    0         0      
                                                               
    .\Mcal\PORT\Dynamic\src\
       PORT_Lcfg.obj                  0       12        0      
    +--+------------------------------+-------+---------+---------+
       Total:                         0       12        0      
                                                               
    .\Mcal\PORT\Static\src\
       PORT.obj                       1824    0         1      
    +--+------------------------------+-------+---------+---------+
       Total:                         1824    0         1      
                                                               
    .\Mcal\PWM\Dynamic\src\
       PWM_Lcfg.obj                   0       40        0      
    +--+------------------------------+-------+---------+---------+
       Total:                         0       40        0      
                                                               
    .\Mcal\PWM\Static\src\
       PWM.obj                        5068    0         50     
    +--+------------------------------+-------+---------+---------+
       Total:                         5068    0         50     
                                                               
    .\Mcal\UART\Dynamic\src\
       UART_Lcfg.obj                  0       40        0      
    +--+------------------------------+-------+---------+---------+
       Total:                         0       40        0      
                                                               
    .\Mcal\UART\Static\src\
       UART.obj                       3572    0         64     
    +--+------------------------------+-------+---------+---------+
       Total:                         3572    0         64     
                                                               
    C:\ti\ccs1210\ccs\tools\compiler\ti-cgt-arm_20.2.7.LTS\lib\rtsv7M4_T_le_v4SPD16_eabi.lib
       memory.c.obj                   672     0         8      
       memcpy_t2.asm.obj              156     0         0      
       copy_decompress_lzss.c.obj     104     0         0      
       autoinit.c.obj                 68      0         0      
       boot_cortex_m.c.obj            52      0         0      
       copy_zero_init.c.obj           28      0         0      
       ll_mul_t2.asm.obj              24      0         0      
       copy_decompress_none.c.obj     14      0         0      
       _lock.c.obj                    2       0         8      
       exit.c.obj                     4       0         0      
       pre_init.c.obj                 4       0         0      
    +--+------------------------------+-------+---------+---------+
       Total:                         1128    0         16     
                                                               
       Heap:                          0       0         16     
       Stack:                         0       0         512    
       Linker Generated:              0       59        0      
    +--+------------------------------+-------+---------+---------+
       Grand Total:                   30398   1348      965    


LINKER GENERATED COPY TABLES

__TI_cinit_table @ 00007c00 records: 2, size/record: 8, table size: 16
	.data: load addr=00007bd0, load size=00000017 bytes, run addr=20000200, run size=00000121 bytes, compression=lzss
	.bss: load addr=00007bf8, load size=00000008 bytes, run addr=20000324, run size=00000094 bytes, compression=zero_init


LINKER GENERATED HANDLER TABLE

__TI_handler_table @ 00007be8 records: 3, size/record: 4, table size: 12
	index: 0, handler: __TI_decompress_lzss
	index: 1, handler: __TI_decompress_none
	index: 2, handler: __TI_zero_init


GLOBAL SYMBOLS: SORTED ALPHABETICALLY BY Name 

address   name                                   
-------   ----                                   
000072ef  App_Function                           
00004651  App_I2C0_Rx_CallBack                   
0000464f  App_I2C0_Tx_CallBack                   
00004655  App_I2C1_Rx_CallBack                   
00004653  App_I2C1_Tx_CallBack                   
00004659  App_I2C2_Rx_CallBack                   
00004657  App_I2C2_Tx_CallBack                   
0000465d  App_I2C3_Rx_CallBack                   
0000465b  App_I2C3_Tx_CallBack                   
000034e1  App_Uart0_Rx_CallBack                  
000034df  App_Uart0_Tx_CallBack                  
000034e5  App_Uart1_Rx_CallBack                  
000034e3  App_Uart1_Tx_CallBack                  
000034e9  App_Uart2_Rx_CallBack                  
000034e7  App_Uart2_Tx_CallBack                  
000034ed  App_Uart3_Rx_CallBack                  
000034eb  App_Uart3_Tx_CallBack                  
000034f1  App_Uart4_Rx_CallBack                  
000034ef  App_Uart4_Tx_CallBack                  
000034f5  App_Uart5_Rx_CallBack                  
000072f1  App_Uart5_Tx_CallBack                  
000034f9  App_Uart6_Rx_CallBack                  
000034f7  App_Uart6_Tx_CallBack                  
000034fd  App_Uart7_Rx_CallBack                  
000072fb  App_Uart7_Tx_CallBack                  
00007927  C$$EXIT                                
00007bbf  ConfigPtr                              
00000373  Default_Function                       
0000765d  Delay_ms                               
00006df9  Dio_FlipChannel                        
00006a0d  Dio_ReadChannel                        
00006cfd  Dio_ReadPort                           
00006afd  Dio_WriteChannel                       
00006d7d  Dio_WritePort                          
0000792c  GPT_ConfigPtr_Container                
000057c3  GetPortAddress                         
000002d7  GetTimerAddress                        
00000879  Gpt_DisableNotification                
000009d9  Gpt_EnableNotification                 
00001099  Gpt_GetPredefTimerValue                
00000d1d  Gpt_GetTimeElapsed                     
00000ec9  Gpt_GetTimeRemaining                   
000003a5  Gpt_Init                               
00001111  Gpt_Notification_channel_Normal_0      
00001215  Gpt_Notification_channel_Normal_1      
00001325  Gpt_Notification_channel_Normal_2      
00001441  Gpt_Notification_channel_Normal_3      
00001565  Gpt_Notification_channel_Normal_4      
00001681  Gpt_Notification_channel_Normal_5      
000017a1  Gpt_Notification_channel_Wide_0        
000018bd  Gpt_Notification_channel_Wide_1        
000019d5  Gpt_Notification_channel_Wide_2        
00001af5  Gpt_Notification_channel_Wide_3        
00001c15  Gpt_Notification_channel_Wide_4        
00001d19  Gpt_Notification_channel_Wide_5        
00000ae5  Gpt_StartTimer                         
00000c11  Gpt_StopTimer                          
00007bb0  I2C_Container                          
00004a85  I2C_MasterPoke_to_receive              
00004a25  I2C_MasterPoke_to_transmit             
0000440d  I2C_MasterReceiveMultibleBytes         
00004345  I2C_MasterSingleReceive                
000040e5  I2C_MasterSingleTransmit               
000041b5  I2C_MasterTransmitMultibleBytes        
00004b71  I2C_Pop_the_Received                   
00004ae5  I2C_Push_to_Transmit                   
00004643  I2C_SlaveReceive_one_Byte              
00004637  I2C_SlaveTransmit_one_Byte             
0000465f  I2C_init                               
00007a60  Initialized_Interrupt_Container        
000062b9  IntCtrl_ChangePriority                 
00006035  IntCtrl_DisableInterrupt               
00006185  IntCtrl_Enable_Interrupt               
00005d19  IntCtrl_Init                           
000069df  LCD_CleanUp                            
000063f9  LCD_Create                             
00006687  LCD_DIO_Read_Cmd_Function              
00006771  LCD_DIO_Read_Data_Function             
000065b7  LCD_DIO_Write_Cmd_Function             
000066b1  LCD_DIO_Write_Data_Function            
00006875  LCD_I2C_Read_Cmd_Function              
00006997  LCD_I2C_Read_Data_Function             
000067a1  LCD_I2C_Write_Cmd_Function             
0000689d  LCD_I2C_Write_Data_Function            
000069ad  LCD_Init                               
20000324  Lcd_DIO_Config                         
200003b4  Lcd_I2C_Config                         
00007b60  PWM_Container                          
00002aa3  PWM_UpdateThresholds                   
00005835  Port_Init                              
00005327  Queue_CleanUp_uint16_d                 
00004e13  Queue_CleanUp_uint16_s                 
0000517b  Queue_CleanUp_uint32_d                 
00004c9d  Queue_CleanUp_uint32_s                 
000054db  Queue_CleanUp_uint8_d                  
00004fa7  Queue_CleanUp_uint8_s                  
00005271  Queue_Create_DYNAMIC_uint16            
000050bd  Queue_Create_DYNAMIC_uint32            
00005427  Queue_Create_DYNAMIC_uint8             
00004d97  Queue_Create_STATIC_uint16             
00004c11  Queue_Create_STATIC_uint32             
00004f2b  Queue_Create_STATIC_uint8              
000052af  Queue_Destroy_DYNAMIC_uint16           
00005103  Queue_Destroy_DYNAMIC_uint32           
00005465  Queue_Destroy_DYNAMIC_uint8            
00004dbd  Queue_Destroy_STATIC_uint16            
00004c37  Queue_Destroy_STATIC_uint32            
00004f51  Queue_Destroy_STATIC_uint8             
000052c5  Queue_Init_uint16_d                    
00004dcd  Queue_Init_uint16_s                    
00005119  Queue_Init_uint32_d                    
00004c4d  Queue_Init_uint32_s                    
0000547b  Queue_Init_uint8_d                     
00004f61  Queue_Init_uint8_s                     
00005377  Queue_getSize_uint16_d                 
00004e69  Queue_getSize_uint16_s                 
000051cb  Queue_getSize_uint32_d                 
00004cf3  Queue_getSize_uint32_s                 
0000552b  Queue_getSize_uint8_d                  
00004ffd  Queue_getSize_uint8_s                  
00005399  Queue_insert_uint16_d                  
00004e79  Queue_insert_uint16_s                  
000051ed  Queue_insert_uint32_d                  
00004d03  Queue_insert_uint32_s                  
0000554d  Queue_insert_uint8_d                   
0000500d  Queue_insert_uint8_s                   
0000535d  Queue_isEmpty_uint16_d                 
00004e4b  Queue_isEmpty_uint16_s                 
000051b1  Queue_isEmpty_uint32_d                 
00004cd5  Queue_isEmpty_uint32_s                 
00005511  Queue_isEmpty_uint8_d                  
00004fdf  Queue_isEmpty_uint8_s                  
00005335  Queue_isFull_uint16_d                  
00004e1f  Queue_isFull_uint16_s                  
00005189  Queue_isFull_uint32_d                  
00004ca9  Queue_isFull_uint32_s                  
000054e9  Queue_isFull_uint8_d                   
00004fb3  Queue_isFull_uint8_s                   
000053dd  Queue_remove_uint16_d                  
00004ed9  Queue_remove_uint16_s                  
0000522d  Queue_remove_uint32_d                  
00004d4b  Queue_remove_uint32_s                  
0000558f  Queue_remove_uint8_d                   
0000506d  Queue_remove_uint8_s                   
0000734f  Rcv_Msg                                
0000790f  ResetISR                               
000071e5  Send_Msg_I2C0                          
00007207  Send_Msg_I2C1                          
0000730b  Send_Msg_UART5                         
0000732d  Send_Msg_UART7                         
000056fb  SetAlternativeFunction                 
0000567d  SetInternalAttach                      
00005763  SetOutputCurrentValue                  
0000563b  SetPinDirection                        
000055f9  SetPinInitialValue                     
00007083  Test_I2C_AlwaysFullBuffer_NoISR_Configs
00006fed  Test_I2C_LCD                           
00007041  Test_PWM_Generation_NoISR_Configs      
00007229  Test_UART_AlwaysFullBuffer_ISR_Configs 
00007b88  UART_Container                         
00003b4f  UART_Poke_to_receive                   
00003b15  UART_Poke_to_transmit                  
00003c19  UART_Pop_the_Received                  
00003b91  UART_Push_to_Transmit                  
20000324  UART_Queue_Buffer                      
000075f1  WriteUsingBB                           
20000200  __STACK_END                            
00000200  __STACK_SIZE                           
20000200  __STACK_TOP                            
00000010  __SYSMEM_SIZE                          
00007c00  __TI_CINIT_Base                        
00007c10  __TI_CINIT_Limit                       
00007be8  __TI_Handler_Table_Base                
00007bf4  __TI_Handler_Table_Limit               
00007811  __TI_auto_init_nobinit_nopinit         
000077a9  __TI_decompress_lzss                   
00007901  __TI_decompress_none                   
ffffffff  __TI_pprof_out_hndl                    
ffffffff  __TI_prof_data_size                    
ffffffff  __TI_prof_data_start                   
00000000  __TI_static_base__                     
000078b1  __TI_zero_init_nomemset                
000078e9  __aeabi_lmul                           
0000769d  __aeabi_memcpy                         
0000769d  __aeabi_memcpy4                        
0000769d  __aeabi_memcpy8                        
ffffffff  __binit__                              
ffffffff  __c_args__                             
UNDEFED   __mpu_init                             
20000000  __stack                                
20000000  __start___llvm_prf_cnts                
20000000  __stop___llvm_prf_cnts                 
00007855  _c_int00_noargs                        
2000030c  _lock                                  
0000740b  _nop                                   
200003b8  _sys_memory                            
UNDEFED   _system_post_cinit                     
00007923  _system_pre_init                       
20000310  _unlock                                
00007927  abort                                  
0000740d  aligned_alloc                          
ffffffff  binit                                  
0000029b  calculate_BitGuarding                  
0000026d  calculate_MaxBits                      
0000750d  free                                   
00000000  g_pfnVectors                           
00007037  main                                   
0000791b  malloc                                 
0000740d  memalign                               
0000769d  memcpy                                 
00002b7d  pwm_AutomaticDutyCycle                 
00002f3f  pwm_change_mode                        
00002fd3  pwm_disable                            
000030d7  pwm_enable                             
00001db9  pwm_init                               
0000304b  pwm_stop                               
0000252d  pwm_update_comparator_a                
000026f3  pwm_update_comparator_a_percentage     
00002615  pwm_update_comparator_b                
000027dd  pwm_update_comparator_b_percentage     
000028d5  pwm_update_generation_a                
0000297b  pwm_update_generation_b                
00002a21  pwm_update_load                        
00003c8d  uart0_handler                          
00003cd5  uart1_handler                          
00003d1d  uart2_handler                          
00003d65  uart3_handler                          
00003db1  uart4_handler                          
00003df9  uart5_handler                          
00003e41  uart6_handler                          
00003e8d  uart7_handler                          
00003521  uart_init                              
00003359  uart_receive_all_of_it                 
000032df  uart_receive_one_char                  
000033db  uart_receive_some_of_it                
000031d9  uart_transmit_all_of_it                
00003169  uart_transmit_one_char                 
0000324d  uart_transmit_some_of_it               


GLOBAL SYMBOLS: SORTED BY Symbol Address 

address   name                                   
-------   ----                                   
00000000  __TI_static_base__                     
00000000  g_pfnVectors                           
00000010  __SYSMEM_SIZE                          
00000200  __STACK_SIZE                           
0000026d  calculate_MaxBits                      
0000029b  calculate_BitGuarding                  
000002d7  GetTimerAddress                        
00000373  Default_Function                       
000003a5  Gpt_Init                               
00000879  Gpt_DisableNotification                
000009d9  Gpt_EnableNotification                 
00000ae5  Gpt_StartTimer                         
00000c11  Gpt_StopTimer                          
00000d1d  Gpt_GetTimeElapsed                     
00000ec9  Gpt_GetTimeRemaining                   
00001099  Gpt_GetPredefTimerValue                
00001111  Gpt_Notification_channel_Normal_0      
00001215  Gpt_Notification_channel_Normal_1      
00001325  Gpt_Notification_channel_Normal_2      
00001441  Gpt_Notification_channel_Normal_3      
00001565  Gpt_Notification_channel_Normal_4      
00001681  Gpt_Notification_channel_Normal_5      
000017a1  Gpt_Notification_channel_Wide_0        
000018bd  Gpt_Notification_channel_Wide_1        
000019d5  Gpt_Notification_channel_Wide_2        
00001af5  Gpt_Notification_channel_Wide_3        
00001c15  Gpt_Notification_channel_Wide_4        
00001d19  Gpt_Notification_channel_Wide_5        
00001db9  pwm_init                               
0000252d  pwm_update_comparator_a                
00002615  pwm_update_comparator_b                
000026f3  pwm_update_comparator_a_percentage     
000027dd  pwm_update_comparator_b_percentage     
000028d5  pwm_update_generation_a                
0000297b  pwm_update_generation_b                
00002a21  pwm_update_load                        
00002aa3  PWM_UpdateThresholds                   
00002b7d  pwm_AutomaticDutyCycle                 
00002f3f  pwm_change_mode                        
00002fd3  pwm_disable                            
0000304b  pwm_stop                               
000030d7  pwm_enable                             
00003169  uart_transmit_one_char                 
000031d9  uart_transmit_all_of_it                
0000324d  uart_transmit_some_of_it               
000032df  uart_receive_one_char                  
00003359  uart_receive_all_of_it                 
000033db  uart_receive_some_of_it                
000034df  App_Uart0_Tx_CallBack                  
000034e1  App_Uart0_Rx_CallBack                  
000034e3  App_Uart1_Tx_CallBack                  
000034e5  App_Uart1_Rx_CallBack                  
000034e7  App_Uart2_Tx_CallBack                  
000034e9  App_Uart2_Rx_CallBack                  
000034eb  App_Uart3_Tx_CallBack                  
000034ed  App_Uart3_Rx_CallBack                  
000034ef  App_Uart4_Tx_CallBack                  
000034f1  App_Uart4_Rx_CallBack                  
000034f5  App_Uart5_Rx_CallBack                  
000034f7  App_Uart6_Tx_CallBack                  
000034f9  App_Uart6_Rx_CallBack                  
000034fd  App_Uart7_Rx_CallBack                  
00003521  uart_init                              
00003b15  UART_Poke_to_transmit                  
00003b4f  UART_Poke_to_receive                   
00003b91  UART_Push_to_Transmit                  
00003c19  UART_Pop_the_Received                  
00003c8d  uart0_handler                          
00003cd5  uart1_handler                          
00003d1d  uart2_handler                          
00003d65  uart3_handler                          
00003db1  uart4_handler                          
00003df9  uart5_handler                          
00003e41  uart6_handler                          
00003e8d  uart7_handler                          
000040e5  I2C_MasterSingleTransmit               
000041b5  I2C_MasterTransmitMultibleBytes        
00004345  I2C_MasterSingleReceive                
0000440d  I2C_MasterReceiveMultibleBytes         
00004637  I2C_SlaveTransmit_one_Byte             
00004643  I2C_SlaveReceive_one_Byte              
0000464f  App_I2C0_Tx_CallBack                   
00004651  App_I2C0_Rx_CallBack                   
00004653  App_I2C1_Tx_CallBack                   
00004655  App_I2C1_Rx_CallBack                   
00004657  App_I2C2_Tx_CallBack                   
00004659  App_I2C2_Rx_CallBack                   
0000465b  App_I2C3_Tx_CallBack                   
0000465d  App_I2C3_Rx_CallBack                   
0000465f  I2C_init                               
00004a25  I2C_MasterPoke_to_transmit             
00004a85  I2C_MasterPoke_to_receive              
00004ae5  I2C_Push_to_Transmit                   
00004b71  I2C_Pop_the_Received                   
00004c11  Queue_Create_STATIC_uint32             
00004c37  Queue_Destroy_STATIC_uint32            
00004c4d  Queue_Init_uint32_s                    
00004c9d  Queue_CleanUp_uint32_s                 
00004ca9  Queue_isFull_uint32_s                  
00004cd5  Queue_isEmpty_uint32_s                 
00004cf3  Queue_getSize_uint32_s                 
00004d03  Queue_insert_uint32_s                  
00004d4b  Queue_remove_uint32_s                  
00004d97  Queue_Create_STATIC_uint16             
00004dbd  Queue_Destroy_STATIC_uint16            
00004dcd  Queue_Init_uint16_s                    
00004e13  Queue_CleanUp_uint16_s                 
00004e1f  Queue_isFull_uint16_s                  
00004e4b  Queue_isEmpty_uint16_s                 
00004e69  Queue_getSize_uint16_s                 
00004e79  Queue_insert_uint16_s                  
00004ed9  Queue_remove_uint16_s                  
00004f2b  Queue_Create_STATIC_uint8              
00004f51  Queue_Destroy_STATIC_uint8             
00004f61  Queue_Init_uint8_s                     
00004fa7  Queue_CleanUp_uint8_s                  
00004fb3  Queue_isFull_uint8_s                   
00004fdf  Queue_isEmpty_uint8_s                  
00004ffd  Queue_getSize_uint8_s                  
0000500d  Queue_insert_uint8_s                   
0000506d  Queue_remove_uint8_s                   
000050bd  Queue_Create_DYNAMIC_uint32            
00005103  Queue_Destroy_DYNAMIC_uint32           
00005119  Queue_Init_uint32_d                    
0000517b  Queue_CleanUp_uint32_d                 
00005189  Queue_isFull_uint32_d                  
000051b1  Queue_isEmpty_uint32_d                 
000051cb  Queue_getSize_uint32_d                 
000051ed  Queue_insert_uint32_d                  
0000522d  Queue_remove_uint32_d                  
00005271  Queue_Create_DYNAMIC_uint16            
000052af  Queue_Destroy_DYNAMIC_uint16           
000052c5  Queue_Init_uint16_d                    
00005327  Queue_CleanUp_uint16_d                 
00005335  Queue_isFull_uint16_d                  
0000535d  Queue_isEmpty_uint16_d                 
00005377  Queue_getSize_uint16_d                 
00005399  Queue_insert_uint16_d                  
000053dd  Queue_remove_uint16_d                  
00005427  Queue_Create_DYNAMIC_uint8             
00005465  Queue_Destroy_DYNAMIC_uint8            
0000547b  Queue_Init_uint8_d                     
000054db  Queue_CleanUp_uint8_d                  
000054e9  Queue_isFull_uint8_d                   
00005511  Queue_isEmpty_uint8_d                  
0000552b  Queue_getSize_uint8_d                  
0000554d  Queue_insert_uint8_d                   
0000558f  Queue_remove_uint8_d                   
000055f9  SetPinInitialValue                     
0000563b  SetPinDirection                        
0000567d  SetInternalAttach                      
000056fb  SetAlternativeFunction                 
00005763  SetOutputCurrentValue                  
000057c3  GetPortAddress                         
00005835  Port_Init                              
00005d19  IntCtrl_Init                           
00006035  IntCtrl_DisableInterrupt               
00006185  IntCtrl_Enable_Interrupt               
000062b9  IntCtrl_ChangePriority                 
000063f9  LCD_Create                             
000065b7  LCD_DIO_Write_Cmd_Function             
00006687  LCD_DIO_Read_Cmd_Function              
000066b1  LCD_DIO_Write_Data_Function            
00006771  LCD_DIO_Read_Data_Function             
000067a1  LCD_I2C_Write_Cmd_Function             
00006875  LCD_I2C_Read_Cmd_Function              
0000689d  LCD_I2C_Write_Data_Function            
00006997  LCD_I2C_Read_Data_Function             
000069ad  LCD_Init                               
000069df  LCD_CleanUp                            
00006a0d  Dio_ReadChannel                        
00006afd  Dio_WriteChannel                       
00006cfd  Dio_ReadPort                           
00006d7d  Dio_WritePort                          
00006df9  Dio_FlipChannel                        
00006fed  Test_I2C_LCD                           
00007037  main                                   
00007041  Test_PWM_Generation_NoISR_Configs      
00007083  Test_I2C_AlwaysFullBuffer_NoISR_Configs
000071e5  Send_Msg_I2C0                          
00007207  Send_Msg_I2C1                          
00007229  Test_UART_AlwaysFullBuffer_ISR_Configs 
000072ef  App_Function                           
000072f1  App_Uart5_Tx_CallBack                  
000072fb  App_Uart7_Tx_CallBack                  
0000730b  Send_Msg_UART5                         
0000732d  Send_Msg_UART7                         
0000734f  Rcv_Msg                                
0000740b  _nop                                   
0000740d  aligned_alloc                          
0000740d  memalign                               
0000750d  free                                   
000075f1  WriteUsingBB                           
0000765d  Delay_ms                               
0000769d  __aeabi_memcpy                         
0000769d  __aeabi_memcpy4                        
0000769d  __aeabi_memcpy8                        
0000769d  memcpy                                 
000077a9  __TI_decompress_lzss                   
00007811  __TI_auto_init_nobinit_nopinit         
00007855  _c_int00_noargs                        
000078b1  __TI_zero_init_nomemset                
000078e9  __aeabi_lmul                           
00007901  __TI_decompress_none                   
0000790f  ResetISR                               
0000791b  malloc                                 
00007923  _system_pre_init                       
00007927  C$$EXIT                                
00007927  abort                                  
0000792c  GPT_ConfigPtr_Container                
00007a60  Initialized_Interrupt_Container        
00007b60  PWM_Container                          
00007b88  UART_Container                         
00007bb0  I2C_Container                          
00007bbf  ConfigPtr                              
00007be8  __TI_Handler_Table_Base                
00007bf4  __TI_Handler_Table_Limit               
00007c00  __TI_CINIT_Base                        
00007c10  __TI_CINIT_Limit                       
20000000  __stack                                
20000000  __start___llvm_prf_cnts                
20000000  __stop___llvm_prf_cnts                 
20000200  __STACK_END                            
20000200  __STACK_TOP                            
2000030c  _lock                                  
20000310  _unlock                                
20000324  Lcd_DIO_Config                         
20000324  UART_Queue_Buffer                      
200003b4  Lcd_I2C_Config                         
200003b8  _sys_memory                            
ffffffff  __TI_pprof_out_hndl                    
ffffffff  __TI_prof_data_size                    
ffffffff  __TI_prof_data_start                   
ffffffff  __binit__                              
ffffffff  __c_args__                             
ffffffff  binit                                  
UNDEFED   __mpu_init                             
UNDEFED   _system_post_cinit                     

[238 symbols]
