<?xml version="1.0" encoding="ISO-8859-1" ?>
<link_info>
   <banner>TI ARM Linker PC v20.2.7.LTS</banner>
   <copyright>Copyright (c) 1996-2018 Texas Instruments Incorporated</copyright>
   <link_time>0x63f376c1</link_time>
   <link_errors>0x0</link_errors>
   <output_file>TIVA_C_MCAL.out</output_file>
   <entry_point>
      <name>_c_int00_noargs</name>
      <address>0x7219</address>
   </entry_point>
   <input_file_list>
      <input_file id="fl-2">
         <path>.\</path>
         <kind>object</kind>
         <file>tm4c123gh6pm_startup_ccs.obj</file>
         <name>tm4c123gh6pm_startup_ccs.obj</name>
      </input_file>
      <input_file id="fl-3">
         <path>.\App\</path>
         <kind>object</kind>
         <file>main.obj</file>
         <name>main.obj</name>
      </input_file>
      <input_file id="fl-4">
         <path>.\Common\DataStructure\Queue\static\src\</path>
         <kind>object</kind>
         <file>Queue.obj</file>
         <name>Queue.obj</name>
      </input_file>
      <input_file id="fl-5">
         <path>.\Common\DataStructure\Stack\Dynamic\src\</path>
         <kind>object</kind>
         <file>Stack_Lcfg.obj</file>
         <name>Stack_Lcfg.obj</name>
      </input_file>
      <input_file id="fl-6">
         <path>.\Common\DataStructure\Stack\Static\src\</path>
         <kind>object</kind>
         <file>Stack.obj</file>
         <name>Stack.obj</name>
      </input_file>
      <input_file id="fl-7">
         <path>.\Common\</path>
         <kind>object</kind>
         <file>Std_Types_Helper.obj</file>
         <name>Std_Types_Helper.obj</name>
      </input_file>
      <input_file id="fl-8">
         <path>.\HAL\LCD\Dynamic\src\</path>
         <kind>object</kind>
         <file>LCD_Lcfg.obj</file>
         <name>LCD_Lcfg.obj</name>
      </input_file>
      <input_file id="fl-9">
         <path>.\HAL\LCD\Static\src\</path>
         <kind>object</kind>
         <file>LCD.obj</file>
         <name>LCD.obj</name>
      </input_file>
      <input_file id="fl-a">
         <path>.\HAL\MP3\Dynamic\src\</path>
         <kind>object</kind>
         <file>MP3_Lcfg.obj</file>
         <name>MP3_Lcfg.obj</name>
      </input_file>
      <input_file id="fl-b">
         <path>.\HAL\MP3\Static\src\</path>
         <kind>object</kind>
         <file>MP3.obj</file>
         <name>MP3.obj</name>
      </input_file>
      <input_file id="fl-c">
         <path>.\HAL\Sensor\Dynamic\src\</path>
         <kind>object</kind>
         <file>Sensor_Lcfg.obj</file>
         <name>Sensor_Lcfg.obj</name>
      </input_file>
      <input_file id="fl-d">
         <path>.\HAL\Sensor\Static\src\</path>
         <kind>object</kind>
         <file>Sensor.obj</file>
         <name>Sensor.obj</name>
      </input_file>
      <input_file id="fl-e">
         <path>.\Mcal\ADC\Dynamic\src\</path>
         <kind>object</kind>
         <file>ADC_Lcfg.obj</file>
         <name>ADC_Lcfg.obj</name>
      </input_file>
      <input_file id="fl-f">
         <path>.\Mcal\ADC\Static\src\</path>
         <kind>object</kind>
         <file>ADC.obj</file>
         <name>ADC.obj</name>
      </input_file>
      <input_file id="fl-10">
         <path>.\Mcal\DIO\Dynamic\src\</path>
         <kind>object</kind>
         <file>DIO_Lcfg.obj</file>
         <name>DIO_Lcfg.obj</name>
      </input_file>
      <input_file id="fl-11">
         <path>.\Mcal\DIO\Static\src\</path>
         <kind>object</kind>
         <file>DIO.obj</file>
         <name>DIO.obj</name>
      </input_file>
      <input_file id="fl-12">
         <path>.\Mcal\GPT\Dynamic\src\</path>
         <kind>object</kind>
         <file>GPT_Lcfg.obj</file>
         <name>GPT_Lcfg.obj</name>
      </input_file>
      <input_file id="fl-13">
         <path>.\Mcal\GPT\Static\src\</path>
         <kind>object</kind>
         <file>GPT.obj</file>
         <name>GPT.obj</name>
      </input_file>
      <input_file id="fl-14">
         <path>.\Mcal\I2C\Dynamic\Src\</path>
         <kind>object</kind>
         <file>I2C_Lcfg.obj</file>
         <name>I2C_Lcfg.obj</name>
      </input_file>
      <input_file id="fl-15">
         <path>.\Mcal\I2C\Static\Src\</path>
         <kind>object</kind>
         <file>I2C.obj</file>
         <name>I2C.obj</name>
      </input_file>
      <input_file id="fl-16">
         <path>.\Mcal\I2C\Trying\</path>
         <kind>object</kind>
         <file>i2c_try.obj</file>
         <name>i2c_try.obj</name>
      </input_file>
      <input_file id="fl-17">
         <path>.\Mcal\IntCtrl\Dynamic\src\</path>
         <kind>object</kind>
         <file>IntCtrl_Lcfg.obj</file>
         <name>IntCtrl_Lcfg.obj</name>
      </input_file>
      <input_file id="fl-18">
         <path>.\Mcal\IntCtrl\Static\src\</path>
         <kind>object</kind>
         <file>IntCtrl.obj</file>
         <name>IntCtrl.obj</name>
      </input_file>
      <input_file id="fl-19">
         <path>.\Mcal\PORT\Dynamic\src\</path>
         <kind>object</kind>
         <file>PORT_Lcfg.obj</file>
         <name>PORT_Lcfg.obj</name>
      </input_file>
      <input_file id="fl-1a">
         <path>.\Mcal\PORT\Static\src\</path>
         <kind>object</kind>
         <file>PORT.obj</file>
         <name>PORT.obj</name>
      </input_file>
      <input_file id="fl-1b">
         <path>.\Mcal\PWM\Dynamic\src\</path>
         <kind>object</kind>
         <file>PWM_Lcfg.obj</file>
         <name>PWM_Lcfg.obj</name>
      </input_file>
      <input_file id="fl-1c">
         <path>.\Mcal\PWM\Static\src\</path>
         <kind>object</kind>
         <file>PWM.obj</file>
         <name>PWM.obj</name>
      </input_file>
      <input_file id="fl-1d">
         <path>.\Mcal\SysCtl\Dynamic\src\</path>
         <kind>object</kind>
         <file>SysCtl_Lcfg.obj</file>
         <name>SysCtl_Lcfg.obj</name>
      </input_file>
      <input_file id="fl-1e">
         <path>.\Mcal\SysCtl\Static\src\</path>
         <kind>object</kind>
         <file>SysCtl.obj</file>
         <name>SysCtl.obj</name>
      </input_file>
      <input_file id="fl-1f">
         <path>.\Mcal\SysTick\Dynamic\src\</path>
         <kind>object</kind>
         <file>SysTick_Lcfg.obj</file>
         <name>SysTick_Lcfg.obj</name>
      </input_file>
      <input_file id="fl-20">
         <path>.\Mcal\SysTick\Static\src\</path>
         <kind>object</kind>
         <file>SysTick.obj</file>
         <name>SysTick.obj</name>
      </input_file>
      <input_file id="fl-21">
         <path>.\Mcal\UART\Dynamic\src\</path>
         <kind>object</kind>
         <file>UART_Lcfg.obj</file>
         <name>UART_Lcfg.obj</name>
      </input_file>
      <input_file id="fl-22">
         <path>.\Mcal\UART\Static\src\</path>
         <kind>object</kind>
         <file>UART.obj</file>
         <name>UART.obj</name>
      </input_file>
      <input_file id="fl-23">
         <path>.\Mcal\WDT\Dynamic\src\</path>
         <kind>object</kind>
         <file>WDT_Lcfg.obj</file>
         <name>WDT_Lcfg.obj</name>
      </input_file>
      <input_file id="fl-24">
         <path>.\Mcal\WDT\Static\src\</path>
         <kind>object</kind>
         <file>WDT.obj</file>
         <name>WDT.obj</name>
      </input_file>
      <input_file id="fl-28">
         <kind>object</kind>
         <file>&lt;internal&gt;</file>
         <name>&lt;internal&gt;</name>
      </input_file>
      <input_file id="fl-de">
         <path>C:\ti\ccs1210\ccs\tools\compiler\ti-cgt-arm_20.2.7.LTS\lib\</path>
         <kind>archive</kind>
         <file>rtsv7M4_T_le_v4SPD16_eabi.lib</file>
         <name>ll_mul_t2.asm.obj</name>
      </input_file>
      <input_file id="fl-df">
         <path>C:\ti\ccs1210\ccs\tools\compiler\ti-cgt-arm_20.2.7.LTS\lib\</path>
         <kind>archive</kind>
         <file>rtsv7M4_T_le_v4SPD16_eabi.lib</file>
         <name>copy_zero_init.c.obj</name>
      </input_file>
      <input_file id="fl-e0">
         <path>C:\ti\ccs1210\ccs\tools\compiler\ti-cgt-arm_20.2.7.LTS\lib\</path>
         <kind>archive</kind>
         <file>rtsv7M4_T_le_v4SPD16_eabi.lib</file>
         <name>copy_decompress_none.c.obj</name>
      </input_file>
      <input_file id="fl-e1">
         <path>C:\ti\ccs1210\ccs\tools\compiler\ti-cgt-arm_20.2.7.LTS\lib\</path>
         <kind>archive</kind>
         <file>rtsv7M4_T_le_v4SPD16_eabi.lib</file>
         <name>copy_decompress_lzss.c.obj</name>
      </input_file>
      <input_file id="fl-e2">
         <path>C:\ti\ccs1210\ccs\tools\compiler\ti-cgt-arm_20.2.7.LTS\lib\</path>
         <kind>archive</kind>
         <file>rtsv7M4_T_le_v4SPD16_eabi.lib</file>
         <name>memory.c.obj</name>
      </input_file>
      <input_file id="fl-e3">
         <path>C:\ti\ccs1210\ccs\tools\compiler\ti-cgt-arm_20.2.7.LTS\lib\</path>
         <kind>archive</kind>
         <file>rtsv7M4_T_le_v4SPD16_eabi.lib</file>
         <name>boot_cortex_m.c.obj</name>
      </input_file>
      <input_file id="fl-e4">
         <path>C:\ti\ccs1210\ccs\tools\compiler\ti-cgt-arm_20.2.7.LTS\lib\</path>
         <kind>archive</kind>
         <file>rtsv7M4_T_le_v4SPD16_eabi.lib</file>
         <name>memcpy_t2.asm.obj</name>
      </input_file>
      <input_file id="fl-e5">
         <path>C:\ti\ccs1210\ccs\tools\compiler\ti-cgt-arm_20.2.7.LTS\lib\</path>
         <kind>archive</kind>
         <file>rtsv7M4_T_le_v4SPD16_eabi.lib</file>
         <name>memset_t2.asm.obj</name>
      </input_file>
      <input_file id="fl-e6">
         <path>C:\ti\ccs1210\ccs\tools\compiler\ti-cgt-arm_20.2.7.LTS\lib\</path>
         <kind>archive</kind>
         <file>rtsv7M4_T_le_v4SPD16_eabi.lib</file>
         <name>autoinit.c.obj</name>
      </input_file>
      <input_file id="fl-e7">
         <path>C:\ti\ccs1210\ccs\tools\compiler\ti-cgt-arm_20.2.7.LTS\lib\</path>
         <kind>archive</kind>
         <file>rtsv7M4_T_le_v4SPD16_eabi.lib</file>
         <name>pre_init.c.obj</name>
      </input_file>
      <input_file id="fl-e8">
         <path>C:\ti\ccs1210\ccs\tools\compiler\ti-cgt-arm_20.2.7.LTS\lib\</path>
         <kind>archive</kind>
         <file>rtsv7M4_T_le_v4SPD16_eabi.lib</file>
         <name>cpy_tbl.c.obj</name>
      </input_file>
      <input_file id="fl-e9">
         <path>C:\ti\ccs1210\ccs\tools\compiler\ti-cgt-arm_20.2.7.LTS\lib\</path>
         <kind>archive</kind>
         <file>rtsv7M4_T_le_v4SPD16_eabi.lib</file>
         <name>exit.c.obj</name>
      </input_file>
      <input_file id="fl-ea">
         <path>C:\ti\ccs1210\ccs\tools\compiler\ti-cgt-arm_20.2.7.LTS\lib\</path>
         <kind>archive</kind>
         <file>rtsv7M4_T_le_v4SPD16_eabi.lib</file>
         <name>_lock.c.obj</name>
      </input_file>
      <input_file id="fl-eb">
         <path>C:\ti\ccs1210\ccs\tools\compiler\ti-cgt-arm_20.2.7.LTS\lib\</path>
         <kind>archive</kind>
         <file>rtsv7M4_T_le_v4SPD16_eabi.lib</file>
         <name>args_main.c.obj</name>
      </input_file>
   </input_file_list>
   <object_component_list>
      <object_component id="oc-12">
         <name>.intvecs</name>
         <load_address>0x0</load_address>
         <run_address>0x0</run_address>
         <size>0x26c</size>
         <input_file_ref idref="fl-2"/>
      </object_component>
      <object_component id="oc-db">
         <name>.text</name>
         <load_address>0x26c</load_address>
         <run_address>0x26c</run_address>
         <size>0x1b30</size>
         <input_file_ref idref="fl-13"/>
      </object_component>
      <object_component id="oc-ff">
         <name>.text</name>
         <load_address>0x1d9c</load_address>
         <run_address>0x1d9c</run_address>
         <size>0xdf4</size>
         <input_file_ref idref="fl-22"/>
      </object_component>
      <object_component id="oc-f9">
         <name>.text</name>
         <load_address>0x2b90</load_address>
         <run_address>0x2b90</run_address>
         <size>0xd94</size>
         <input_file_ref idref="fl-1c"/>
      </object_component>
      <object_component id="oc-e7">
         <name>.text</name>
         <load_address>0x3924</load_address>
         <run_address>0x3924</run_address>
         <size>0xcb4</size>
         <input_file_ref idref="fl-15"/>
      </object_component>
      <object_component id="oc-192">
         <name>.text</name>
         <load_address>0x45d8</load_address>
         <run_address>0x45d8</run_address>
         <size>0x9e8</size>
         <input_file_ref idref="fl-4"/>
      </object_component>
      <object_component id="oc-d5">
         <name>.text</name>
         <load_address>0x4fc0</load_address>
         <run_address>0x4fc0</run_address>
         <size>0x720</size>
         <input_file_ref idref="fl-1a"/>
      </object_component>
      <object_component id="oc-e1">
         <name>.text</name>
         <load_address>0x56e0</load_address>
         <run_address>0x56e0</run_address>
         <size>0x6e0</size>
         <input_file_ref idref="fl-18"/>
      </object_component>
      <object_component id="oc-ed">
         <name>.text</name>
         <load_address>0x5dc0</load_address>
         <run_address>0x5dc0</run_address>
         <size>0x614</size>
         <input_file_ref idref="fl-9"/>
      </object_component>
      <object_component id="oc-105">
         <name>.text</name>
         <load_address>0x63d4</load_address>
         <run_address>0x63d4</run_address>
         <size>0x5e0</size>
         <input_file_ref idref="fl-11"/>
      </object_component>
      <object_component id="oc-a2">
         <name>.text</name>
         <load_address>0x69b4</load_address>
         <run_address>0x69b4</run_address>
         <size>0x41a</size>
         <input_file_ref idref="fl-3"/>
      </object_component>
      <object_component id="oc-263">
         <name>.text:_nop</name>
         <load_address>0x6dce</load_address>
         <run_address>0x6dce</run_address>
         <size>0x2</size>
         <input_file_ref idref="fl-ea"/>
      </object_component>
      <object_component id="oc-1d7">
         <name>.text:aligned_alloc</name>
         <load_address>0x6dd0</load_address>
         <run_address>0x6dd0</run_address>
         <size>0x100</size>
         <input_file_ref idref="fl-e2"/>
      </object_component>
      <object_component id="oc-1a6">
         <name>.text:free</name>
         <load_address>0x6ed0</load_address>
         <run_address>0x6ed0</run_address>
         <size>0xe4</size>
         <input_file_ref idref="fl-e2"/>
      </object_component>
      <object_component id="oc-f3">
         <name>.text</name>
         <load_address>0x6fb4</load_address>
         <run_address>0x6fb4</run_address>
         <size>0xac</size>
         <input_file_ref idref="fl-7"/>
      </object_component>
      <object_component id="oc-3e">
         <name>.text</name>
         <load_address>0x7060</load_address>
         <run_address>0x7060</run_address>
         <size>0x9c</size>
         <input_file_ref idref="fl-e4"/>
      </object_component>
      <object_component id="oc-257">
         <name>.text:split</name>
         <load_address>0x70fc</load_address>
         <run_address>0x70fc</run_address>
         <size>0x70</size>
         <input_file_ref idref="fl-e2"/>
      </object_component>
      <object_component id="oc-15">
         <name>.text:decompress:lzss:__TI_decompress_lzss</name>
         <load_address>0x716c</load_address>
         <run_address>0x716c</run_address>
         <size>0x68</size>
         <input_file_ref idref="fl-e1"/>
      </object_component>
      <object_component id="oc-124">
         <name>.text:__TI_auto_init_nobinit_nopinit:__TI_auto_init_nobinit_nopinit</name>
         <load_address>0x71d4</load_address>
         <run_address>0x71d4</run_address>
         <size>0x44</size>
         <input_file_ref idref="fl-e6"/>
      </object_component>
      <object_component id="oc-5c">
         <name>.text:_c_int00_noargs:_c_int00_noargs</name>
         <load_address>0x7218</load_address>
         <run_address>0x7218</run_address>
         <size>0x34</size>
         <input_file_ref idref="fl-e3"/>
      </object_component>
      <object_component id="oc-23d">
         <name>.text:free_list_insert</name>
         <load_address>0x724c</load_address>
         <run_address>0x724c</run_address>
         <size>0x28</size>
         <input_file_ref idref="fl-e2"/>
      </object_component>
      <object_component id="oc-4a">
         <name>.text:decompress:ZI:__TI_zero_init_nomemset:__TI_zero_init_nomemset</name>
         <load_address>0x7274</load_address>
         <run_address>0x7274</run_address>
         <size>0x1c</size>
         <input_file_ref idref="fl-df"/>
      </object_component>
      <object_component id="oc-237">
         <name>.text:free_list_remove</name>
         <load_address>0x7290</load_address>
         <run_address>0x7290</run_address>
         <size>0x1c</size>
         <input_file_ref idref="fl-e2"/>
      </object_component>
      <object_component id="oc-1b3">
         <name>.text</name>
         <load_address>0x72ac</load_address>
         <run_address>0x72ac</run_address>
         <size>0x18</size>
         <input_file_ref idref="fl-de"/>
      </object_component>
      <object_component id="oc-1b">
         <name>.text:decompress:none:__TI_decompress_none</name>
         <load_address>0x72c4</load_address>
         <run_address>0x72c4</run_address>
         <size>0xe</size>
         <input_file_ref idref="fl-e0"/>
      </object_component>
      <object_component id="oc-2a">
         <name>.text</name>
         <load_address>0x72d2</load_address>
         <run_address>0x72d2</run_address>
         <size>0xc</size>
         <input_file_ref idref="fl-2"/>
      </object_component>
      <object_component id="oc-10b">
         <name>.text:malloc</name>
         <load_address>0x72de</load_address>
         <run_address>0x72de</run_address>
         <size>0x8</size>
         <input_file_ref idref="fl-e2"/>
      </object_component>
      <object_component id="oc-9c">
         <name>.text:_system_pre_init</name>
         <load_address>0x72e6</load_address>
         <run_address>0x72e6</run_address>
         <size>0x4</size>
         <input_file_ref idref="fl-e7"/>
      </object_component>
      <object_component id="oc-118">
         <name>.text:abort:abort</name>
         <load_address>0x72ea</load_address>
         <run_address>0x72ea</run_address>
         <size>0x4</size>
         <input_file_ref idref="fl-e9"/>
      </object_component>
      <object_component id="oc-166">
         <name>.const:GPT_ConfigPtr_Container</name>
         <load_address>0x72f0</load_address>
         <run_address>0x72f0</run_address>
         <size>0x134</size>
         <input_file_ref idref="fl-12"/>
      </object_component>
      <object_component id="oc-182">
         <name>.const:Initialized_Interrupt_Container</name>
         <load_address>0x7424</load_address>
         <run_address>0x7424</run_address>
         <size>0xfe</size>
         <input_file_ref idref="fl-17"/>
      </object_component>
      <object_component id="oc-1cd">
         <name>.const:UART_Container</name>
         <load_address>0x7524</load_address>
         <run_address>0x7524</run_address>
         <size>0x28</size>
         <input_file_ref idref="fl-21"/>
      </object_component>
      <object_component id="oc-1bd">
         <name>.const:PWM_Container</name>
         <load_address>0x754c</load_address>
         <run_address>0x754c</run_address>
         <size>0x1c</size>
         <input_file_ref idref="fl-1b"/>
      </object_component>
      <object_component id="oc-198">
         <name>.const:I2C_Container</name>
         <load_address>0x7568</load_address>
         <run_address>0x7568</run_address>
         <size>0xf</size>
         <input_file_ref idref="fl-14"/>
      </object_component>
      <object_component id="oc-156">
         <name>.const:ConfigPtr</name>
         <load_address>0x7577</load_address>
         <run_address>0x7577</run_address>
         <size>0x6</size>
         <input_file_ref idref="fl-19"/>
      </object_component>
      <object_component id="oc-2cf">
         <name>.cinit..data.load</name>
         <load_address>0x7580</load_address>
         <run_address>0x7580</run_address>
         <size>0x17</size>
      </object_component>
      <object_component id="oc-2cd">
         <name>__TI_handler_table</name>
         <load_address>0x7598</load_address>
         <run_address>0x7598</run_address>
         <size>0xc</size>
      </object_component>
      <object_component id="oc-2d0">
         <name>.cinit..bss.load</name>
         <load_address>0x75a8</load_address>
         <run_address>0x75a8</run_address>
         <size>0x8</size>
      </object_component>
      <object_component id="oc-2ce">
         <name>__TI_cinit_table</name>
         <load_address>0x75b0</load_address>
         <run_address>0x75b0</run_address>
         <size>0x10</size>
      </object_component>
      <object_component id="oc-169">
         <name>.data</name>
         <load_address>0x200002fc</load_address>
         <run_address>0x200002fc</run_address>
         <size>0x10</size>
         <input_file_ref idref="fl-13"/>
      </object_component>
      <object_component id="oc-178">
         <name>.data:G_SW_PreScaler_RealCounter</name>
         <load_address>0x20000200</load_address>
         <run_address>0x20000200</run_address>
         <size>0x3c</size>
         <input_file_ref idref="fl-13"/>
      </object_component>
      <object_component id="oc-175">
         <name>.data:G_SW_PreScaling</name>
         <load_address>0x2000023c</load_address>
         <run_address>0x2000023c</run_address>
         <size>0x3c</size>
         <input_file_ref idref="fl-13"/>
      </object_component>
      <object_component id="oc-172">
         <name>.data:G_BitShifting</name>
         <load_address>0x20000278</load_address>
         <run_address>0x20000278</run_address>
         <size>0x2c</size>
         <input_file_ref idref="fl-13"/>
      </object_component>
      <object_component id="oc-16f">
         <name>.data:G_BitShiftingGuarding</name>
         <load_address>0x200002a4</load_address>
         <run_address>0x200002a4</run_address>
         <size>0x2c</size>
         <input_file_ref idref="fl-13"/>
      </object_component>
      <object_component id="oc-16c">
         <name>.data:G_BitUsedGuarding</name>
         <load_address>0x200002d0</load_address>
         <run_address>0x200002d0</run_address>
         <size>0x2c</size>
         <input_file_ref idref="fl-13"/>
      </object_component>
      <object_component id="oc-18c">
         <name>.data</name>
         <load_address>0x2000031c</load_address>
         <run_address>0x2000031c</run_address>
         <size>0x2</size>
         <input_file_ref idref="fl-15"/>
      </object_component>
      <object_component id="oc-159">
         <name>.data</name>
         <load_address>0x20000320</load_address>
         <run_address>0x20000320</run_address>
         <size>0x1</size>
         <input_file_ref idref="fl-1a"/>
      </object_component>
      <object_component id="oc-1c0">
         <name>.data</name>
         <load_address>0x2000031e</load_address>
         <run_address>0x2000031e</run_address>
         <size>0x2</size>
         <input_file_ref idref="fl-1c"/>
      </object_component>
      <object_component id="oc-25d">
         <name>.data:$O1$$</name>
         <load_address>0x20000314</load_address>
         <run_address>0x20000314</run_address>
         <size>0x8</size>
         <input_file_ref idref="fl-e2"/>
      </object_component>
      <object_component id="oc-1e9">
         <name>.data:$O1$$</name>
         <load_address>0x2000030c</load_address>
         <run_address>0x2000030c</run_address>
         <size>0x8</size>
         <input_file_ref idref="fl-ea"/>
      </object_component>
      <object_component id="oc-18f">
         <name>.bss:I2C_Queue_Buffer</name>
         <uninitialized>true</uninitialized>
         <run_address>0x20000364</run_address>
         <size>0x20</size>
         <input_file_ref idref="fl-15"/>
      </object_component>
      <object_component id="oc-1ba">
         <name>.bss:Load_Values</name>
         <uninitialized>true</uninitialized>
         <run_address>0x20000384</run_address>
         <size>0x20</size>
         <input_file_ref idref="fl-1c"/>
      </object_component>
      <object_component id="oc-1a2">
         <name>.common:Lcd_I2C_Config</name>
         <uninitialized>true</uninitialized>
         <run_address>0x200003a4</run_address>
         <size>0x4</size>
      </object_component>
      <object_component id="oc-1a5">
         <name>.common:Lcd_DIO_Config</name>
         <uninitialized>true</uninitialized>
         <run_address>0x20000324</run_address>
         <size>0x0</size>
      </object_component>
      <object_component id="oc-1ca">
         <name>.common:UART_Queue_Buffer</name>
         <uninitialized>true</uninitialized>
         <run_address>0x20000324</run_address>
         <size>0x40</size>
      </object_component>
      <object_component id="oc-24">
         <name>.sysmem</name>
         <uninitialized>true</uninitialized>
         <run_address>0x200003a8</run_address>
         <size>0x10</size>
         <input_file_ref idref="fl-e2"/>
      </object_component>
      <object_component id="oc-2d3">
         <name>.sysmem</name>
         <uninitialized>true</uninitialized>
         <run_address>0x200003a8</run_address>
         <size>0x0</size>
      </object_component>
      <object_component id="oc-27">
         <name>.stack</name>
         <uninitialized>true</uninitialized>
         <run_address>0x20000000</run_address>
         <size>0x4</size>
         <input_file_ref idref="fl-e3"/>
      </object_component>
      <object_component id="oc-2d2">
         <name>.stack</name>
         <uninitialized>true</uninitialized>
         <run_address>0x20000000</run_address>
         <size>0x0</size>
      </object_component>
      <object_component id="oc-32">
         <name>.debug_info</name>
         <load_address>0x0</load_address>
         <run_address>0x0</run_address>
         <size>0x2b6</size>
         <input_file_ref idref="fl-2"/>
      </object_component>
      <object_component id="oc-13">
         <name>.debug_info</name>
         <load_address>0x2b6</load_address>
         <run_address>0x2b6</run_address>
         <size>0xf5</size>
         <input_file_ref idref="fl-2"/>
      </object_component>
      <object_component id="oc-2e">
         <name>.debug_info</name>
         <load_address>0x3ab</load_address>
         <run_address>0x3ab</run_address>
         <size>0x271</size>
         <input_file_ref idref="fl-2"/>
      </object_component>
      <object_component id="oc-77">
         <name>.debug_info</name>
         <load_address>0x61c</load_address>
         <run_address>0x61c</run_address>
         <size>0x26b</size>
         <input_file_ref idref="fl-2"/>
      </object_component>
      <object_component id="oc-39">
         <name>.debug_info</name>
         <load_address>0x887</load_address>
         <run_address>0x887</run_address>
         <size>0x84</size>
         <input_file_ref idref="fl-2"/>
      </object_component>
      <object_component id="oc-c0">
         <name>.debug_info</name>
         <load_address>0x90b</load_address>
         <run_address>0x90b</run_address>
         <size>0x2a4</size>
         <input_file_ref idref="fl-2"/>
      </object_component>
      <object_component id="oc-7c">
         <name>.debug_info</name>
         <load_address>0xbaf</load_address>
         <run_address>0xbaf</run_address>
         <size>0xbb</size>
         <input_file_ref idref="fl-2"/>
      </object_component>
      <object_component id="oc-112">
         <name>.debug_info</name>
         <load_address>0xc6a</load_address>
         <run_address>0xc6a</run_address>
         <size>0x640</size>
         <input_file_ref idref="fl-3"/>
      </object_component>
      <object_component id="oc-a3">
         <name>.debug_info</name>
         <load_address>0x12aa</load_address>
         <run_address>0x12aa</run_address>
         <size>0xd4a</size>
         <input_file_ref idref="fl-3"/>
      </object_component>
      <object_component id="oc-19c">
         <name>.debug_info</name>
         <load_address>0x1ff4</load_address>
         <run_address>0x1ff4</run_address>
         <size>0x380</size>
         <input_file_ref idref="fl-3"/>
      </object_component>
      <object_component id="oc-1ae">
         <name>.debug_info</name>
         <load_address>0x2374</load_address>
         <run_address>0x2374</run_address>
         <size>0x2bb</size>
         <input_file_ref idref="fl-3"/>
      </object_component>
      <object_component id="oc-113">
         <name>.debug_info</name>
         <load_address>0x262f</load_address>
         <run_address>0x262f</run_address>
         <size>0x34a</size>
         <input_file_ref idref="fl-3"/>
      </object_component>
      <object_component id="oc-161">
         <name>.debug_info</name>
         <load_address>0x2979</load_address>
         <run_address>0x2979</run_address>
         <size>0x3c9</size>
         <input_file_ref idref="fl-3"/>
      </object_component>
      <object_component id="oc-187">
         <name>.debug_info</name>
         <load_address>0x2d42</load_address>
         <run_address>0x2d42</run_address>
         <size>0x3d7</size>
         <input_file_ref idref="fl-3"/>
      </object_component>
      <object_component id="oc-17d">
         <name>.debug_info</name>
         <load_address>0x3119</load_address>
         <run_address>0x3119</run_address>
         <size>0x25a</size>
         <input_file_ref idref="fl-3"/>
      </object_component>
      <object_component id="oc-1c5">
         <name>.debug_info</name>
         <load_address>0x3373</load_address>
         <run_address>0x3373</run_address>
         <size>0x2b2</size>
         <input_file_ref idref="fl-3"/>
      </object_component>
      <object_component id="oc-1d2">
         <name>.debug_info</name>
         <load_address>0x3625</load_address>
         <run_address>0x3625</run_address>
         <size>0x245</size>
         <input_file_ref idref="fl-3"/>
      </object_component>
      <object_component id="oc-15c">
         <name>.debug_info</name>
         <load_address>0x386a</load_address>
         <run_address>0x386a</run_address>
         <size>0xd9</size>
         <input_file_ref idref="fl-3"/>
      </object_component>
      <object_component id="oc-220">
         <name>.debug_info</name>
         <load_address>0x3943</load_address>
         <run_address>0x3943</run_address>
         <size>0xa0</size>
         <input_file_ref idref="fl-3"/>
      </object_component>
      <object_component id="oc-1e0">
         <name>.debug_info</name>
         <load_address>0x39e3</load_address>
         <run_address>0x39e3</run_address>
         <size>0x110</size>
         <input_file_ref idref="fl-3"/>
      </object_component>
      <object_component id="oc-22a">
         <name>.debug_info</name>
         <load_address>0x3af3</load_address>
         <run_address>0x3af3</run_address>
         <size>0x4cd</size>
         <input_file_ref idref="fl-4"/>
      </object_component>
      <object_component id="oc-193">
         <name>.debug_info</name>
         <load_address>0x3fc0</load_address>
         <run_address>0x3fc0</run_address>
         <size>0x37ae</size>
         <input_file_ref idref="fl-4"/>
      </object_component>
      <object_component id="oc-230">
         <name>.debug_info</name>
         <load_address>0x776e</load_address>
         <run_address>0x776e</run_address>
         <size>0x53d</size>
         <input_file_ref idref="fl-4"/>
      </object_component>
      <object_component id="oc-1b9">
         <name>.debug_info</name>
         <load_address>0x7cab</load_address>
         <run_address>0x7cab</run_address>
         <size>0x270</size>
         <input_file_ref idref="fl-7"/>
      </object_component>
      <object_component id="oc-f6">
         <name>.debug_info</name>
         <load_address>0x7f1b</load_address>
         <run_address>0x7f1b</run_address>
         <size>0x23d</size>
         <input_file_ref idref="fl-7"/>
      </object_component>
      <object_component id="oc-1a3">
         <name>.debug_info</name>
         <load_address>0x8158</load_address>
         <run_address>0x8158</run_address>
         <size>0x1bf</size>
         <input_file_ref idref="fl-8"/>
      </object_component>
      <object_component id="oc-1ad">
         <name>.debug_info</name>
         <load_address>0x8317</load_address>
         <run_address>0x8317</run_address>
         <size>0x4c1</size>
         <input_file_ref idref="fl-9"/>
      </object_component>
      <object_component id="oc-ee">
         <name>.debug_info</name>
         <load_address>0x87d8</load_address>
         <run_address>0x87d8</run_address>
         <size>0xfc2</size>
         <input_file_ref idref="fl-9"/>
      </object_component>
      <object_component id="oc-107">
         <name>.debug_info</name>
         <load_address>0x979a</load_address>
         <run_address>0x979a</run_address>
         <size>0x4b5</size>
         <input_file_ref idref="fl-11"/>
      </object_component>
      <object_component id="oc-20c">
         <name>.debug_info</name>
         <load_address>0x9c4f</load_address>
         <run_address>0x9c4f</run_address>
         <size>0x135</size>
         <input_file_ref idref="fl-12"/>
      </object_component>
      <object_component id="oc-167">
         <name>.debug_info</name>
         <load_address>0x9d84</load_address>
         <run_address>0x9d84</run_address>
         <size>0x110</size>
         <input_file_ref idref="fl-12"/>
      </object_component>
      <object_component id="oc-17c">
         <name>.debug_info</name>
         <load_address>0x9e94</load_address>
         <run_address>0x9e94</run_address>
         <size>0x317</size>
         <input_file_ref idref="fl-13"/>
      </object_component>
      <object_component id="oc-16a">
         <name>.debug_info</name>
         <load_address>0xa1ab</load_address>
         <run_address>0xa1ab</run_address>
         <size>0xed</size>
         <input_file_ref idref="fl-13"/>
      </object_component>
      <object_component id="oc-179">
         <name>.debug_info</name>
         <load_address>0xa298</load_address>
         <run_address>0xa298</run_address>
         <size>0x10f</size>
         <input_file_ref idref="fl-13"/>
      </object_component>
      <object_component id="oc-176">
         <name>.debug_info</name>
         <load_address>0xa3a7</load_address>
         <run_address>0xa3a7</run_address>
         <size>0xf9</size>
         <input_file_ref idref="fl-13"/>
      </object_component>
      <object_component id="oc-173">
         <name>.debug_info</name>
         <load_address>0xa4a0</load_address>
         <run_address>0xa4a0</run_address>
         <size>0xf5</size>
         <input_file_ref idref="fl-13"/>
      </object_component>
      <object_component id="oc-170">
         <name>.debug_info</name>
         <load_address>0xa595</load_address>
         <run_address>0xa595</run_address>
         <size>0x105</size>
         <input_file_ref idref="fl-13"/>
      </object_component>
      <object_component id="oc-16d">
         <name>.debug_info</name>
         <load_address>0xa69a</load_address>
         <run_address>0xa69a</run_address>
         <size>0xfd</size>
         <input_file_ref idref="fl-13"/>
      </object_component>
      <object_component id="oc-dc">
         <name>.debug_info</name>
         <load_address>0xa797</load_address>
         <run_address>0xa797</run_address>
         <size>0x18dc</size>
         <input_file_ref idref="fl-13"/>
      </object_component>
      <object_component id="oc-22d">
         <name>.debug_info</name>
         <load_address>0xc073</load_address>
         <run_address>0xc073</run_address>
         <size>0x100</size>
         <input_file_ref idref="fl-14"/>
      </object_component>
      <object_component id="oc-199">
         <name>.debug_info</name>
         <load_address>0xc173</load_address>
         <run_address>0xc173</run_address>
         <size>0xfc</size>
         <input_file_ref idref="fl-14"/>
      </object_component>
      <object_component id="oc-1a1">
         <name>.debug_info</name>
         <load_address>0xc26f</load_address>
         <run_address>0xc26f</run_address>
         <size>0x500</size>
         <input_file_ref idref="fl-15"/>
      </object_component>
      <object_component id="oc-190">
         <name>.debug_info</name>
         <load_address>0xc76f</load_address>
         <run_address>0xc76f</run_address>
         <size>0xfb</size>
         <input_file_ref idref="fl-15"/>
      </object_component>
      <object_component id="oc-18d">
         <name>.debug_info</name>
         <load_address>0xc86a</load_address>
         <run_address>0xc86a</run_address>
         <size>0x13d</size>
         <input_file_ref idref="fl-15"/>
      </object_component>
      <object_component id="oc-eb">
         <name>.debug_info</name>
         <load_address>0xc9a7</load_address>
         <run_address>0xc9a7</run_address>
         <size>0x19e0</size>
         <input_file_ref idref="fl-15"/>
      </object_component>
      <object_component id="oc-21d">
         <name>.debug_info</name>
         <load_address>0xe387</load_address>
         <run_address>0xe387</run_address>
         <size>0xec</size>
         <input_file_ref idref="fl-17"/>
      </object_component>
      <object_component id="oc-183">
         <name>.debug_info</name>
         <load_address>0xe473</load_address>
         <run_address>0xe473</run_address>
         <size>0x128</size>
         <input_file_ref idref="fl-17"/>
      </object_component>
      <object_component id="oc-186">
         <name>.debug_info</name>
         <load_address>0xe59b</load_address>
         <run_address>0xe59b</run_address>
         <size>0x2d5</size>
         <input_file_ref idref="fl-18"/>
      </object_component>
      <object_component id="oc-e2">
         <name>.debug_info</name>
         <load_address>0xe870</load_address>
         <run_address>0xe870</run_address>
         <size>0x49b</size>
         <input_file_ref idref="fl-18"/>
      </object_component>
      <object_component id="oc-207">
         <name>.debug_info</name>
         <load_address>0xed0b</load_address>
         <run_address>0xed0b</run_address>
         <size>0xe6</size>
         <input_file_ref idref="fl-19"/>
      </object_component>
      <object_component id="oc-157">
         <name>.debug_info</name>
         <load_address>0xedf1</load_address>
         <run_address>0xedf1</run_address>
         <size>0xf6</size>
         <input_file_ref idref="fl-19"/>
      </object_component>
      <object_component id="oc-15b">
         <name>.debug_info</name>
         <load_address>0xeee7</load_address>
         <run_address>0xeee7</run_address>
         <size>0x2a9</size>
         <input_file_ref idref="fl-1a"/>
      </object_component>
      <object_component id="oc-d7">
         <name>.debug_info</name>
         <load_address>0xf190</load_address>
         <run_address>0xf190</run_address>
         <size>0xa5f</size>
         <input_file_ref idref="fl-1a"/>
      </object_component>
      <object_component id="oc-24d">
         <name>.debug_info</name>
         <load_address>0xfbef</load_address>
         <run_address>0xfbef</run_address>
         <size>0xe4</size>
         <input_file_ref idref="fl-1b"/>
      </object_component>
      <object_component id="oc-1be">
         <name>.debug_info</name>
         <load_address>0xfcd3</load_address>
         <run_address>0xfcd3</run_address>
         <size>0xfc</size>
         <input_file_ref idref="fl-1b"/>
      </object_component>
      <object_component id="oc-1c4">
         <name>.debug_info</name>
         <load_address>0xfdcf</load_address>
         <run_address>0xfdcf</run_address>
         <size>0x2b1</size>
         <input_file_ref idref="fl-1c"/>
      </object_component>
      <object_component id="oc-1bb">
         <name>.debug_info</name>
         <load_address>0x10080</load_address>
         <run_address>0x10080</run_address>
         <size>0xf1</size>
         <input_file_ref idref="fl-1c"/>
      </object_component>
      <object_component id="oc-1c1">
         <name>.debug_info</name>
         <load_address>0x10171</load_address>
         <run_address>0x10171</run_address>
         <size>0xf9</size>
         <input_file_ref idref="fl-1c"/>
      </object_component>
      <object_component id="oc-fa">
         <name>.debug_info</name>
         <load_address>0x1026a</load_address>
         <run_address>0x1026a</run_address>
         <size>0xbef</size>
         <input_file_ref idref="fl-1c"/>
      </object_component>
      <object_component id="oc-256">
         <name>.debug_info</name>
         <load_address>0x10e59</load_address>
         <run_address>0x10e59</run_address>
         <size>0xf4</size>
         <input_file_ref idref="fl-21"/>
      </object_component>
      <object_component id="oc-1ce">
         <name>.debug_info</name>
         <load_address>0x10f4d</load_address>
         <run_address>0x10f4d</run_address>
         <size>0x100</size>
         <input_file_ref idref="fl-21"/>
      </object_component>
      <object_component id="oc-1cb">
         <name>.debug_info</name>
         <load_address>0x1104d</load_address>
         <run_address>0x1104d</run_address>
         <size>0x51f</size>
         <input_file_ref idref="fl-22"/>
      </object_component>
      <object_component id="oc-101">
         <name>.debug_info</name>
         <load_address>0x1156c</load_address>
         <run_address>0x1156c</run_address>
         <size>0x21a3</size>
         <input_file_ref idref="fl-22"/>
      </object_component>
      <object_component id="oc-1b4">
         <name>.debug_info</name>
         <load_address>0x1370f</load_address>
         <run_address>0x1370f</run_address>
         <size>0x122</size>
         <input_file_ref idref="fl-de"/>
      </object_component>
      <object_component id="oc-95">
         <name>.debug_info</name>
         <load_address>0x13831</load_address>
         <run_address>0x13831</run_address>
         <size>0x2d4</size>
         <input_file_ref idref="fl-df"/>
      </object_component>
      <object_component id="oc-4c">
         <name>.debug_info</name>
         <load_address>0x13b05</load_address>
         <run_address>0x13b05</run_address>
         <size>0x1d2</size>
         <input_file_ref idref="fl-df"/>
      </object_component>
      <object_component id="oc-90">
         <name>.debug_info</name>
         <load_address>0x13cd7</load_address>
         <run_address>0x13cd7</run_address>
         <size>0x46</size>
         <input_file_ref idref="fl-df"/>
      </object_component>
      <object_component id="oc-cc">
         <name>.debug_info</name>
         <load_address>0x13d1d</load_address>
         <run_address>0x13d1d</run_address>
         <size>0x2c</size>
         <input_file_ref idref="fl-df"/>
      </object_component>
      <object_component id="oc-49">
         <name>.debug_info</name>
         <load_address>0x13d49</load_address>
         <run_address>0x13d49</run_address>
         <size>0x2a8</size>
         <input_file_ref idref="fl-e0"/>
      </object_component>
      <object_component id="oc-1c">
         <name>.debug_info</name>
         <load_address>0x13ff1</load_address>
         <run_address>0x13ff1</run_address>
         <size>0x1ea</size>
         <input_file_ref idref="fl-e0"/>
      </object_component>
      <object_component id="oc-44">
         <name>.debug_info</name>
         <load_address>0x141db</load_address>
         <run_address>0x141db</run_address>
         <size>0x46</size>
         <input_file_ref idref="fl-e0"/>
      </object_component>
      <object_component id="oc-88">
         <name>.debug_info</name>
         <load_address>0x14221</load_address>
         <run_address>0x14221</run_address>
         <size>0x2c</size>
         <input_file_ref idref="fl-e0"/>
      </object_component>
      <object_component id="oc-86">
         <name>.debug_info</name>
         <load_address>0x1424d</load_address>
         <run_address>0x1424d</run_address>
         <size>0x29e</size>
         <input_file_ref idref="fl-e1"/>
      </object_component>
      <object_component id="oc-17">
         <name>.debug_info</name>
         <load_address>0x144eb</load_address>
         <run_address>0x144eb</run_address>
         <size>0x250</size>
         <input_file_ref idref="fl-e1"/>
      </object_component>
      <object_component id="oc-34">
         <name>.debug_info</name>
         <load_address>0x1473b</load_address>
         <run_address>0x1473b</run_address>
         <size>0x60</size>
         <input_file_ref idref="fl-e1"/>
      </object_component>
      <object_component id="oc-c5">
         <name>.debug_info</name>
         <load_address>0x1479b</load_address>
         <run_address>0x1479b</run_address>
         <size>0x46</size>
         <input_file_ref idref="fl-e1"/>
      </object_component>
      <object_component id="oc-81">
         <name>.debug_info</name>
         <load_address>0x147e1</load_address>
         <run_address>0x147e1</run_address>
         <size>0x39</size>
         <input_file_ref idref="fl-e1"/>
      </object_component>
      <object_component id="oc-70">
         <name>.debug_info</name>
         <load_address>0x1481a</load_address>
         <run_address>0x1481a</run_address>
         <size>0x3b2</size>
         <input_file_ref idref="fl-e2"/>
      </object_component>
      <object_component id="oc-25">
         <name>.debug_info</name>
         <load_address>0x14bcc</load_address>
         <run_address>0x14bcc</run_address>
         <size>0x10c</size>
         <input_file_ref idref="fl-e2"/>
      </object_component>
      <object_component id="oc-25e">
         <name>.debug_info</name>
         <load_address>0x14cd8</load_address>
         <run_address>0x14cd8</run_address>
         <size>0x13f</size>
         <input_file_ref idref="fl-e2"/>
      </object_component>
      <object_component id="oc-10f">
         <name>.debug_info</name>
         <load_address>0x14e17</load_address>
         <run_address>0x14e17</run_address>
         <size>0x168</size>
         <input_file_ref idref="fl-e2"/>
      </object_component>
      <object_component id="oc-23b">
         <name>.debug_info</name>
         <load_address>0x14f7f</load_address>
         <run_address>0x14f7f</run_address>
         <size>0x18e</size>
         <input_file_ref idref="fl-e2"/>
      </object_component>
      <object_component id="oc-240">
         <name>.debug_info</name>
         <load_address>0x1510d</load_address>
         <run_address>0x1510d</run_address>
         <size>0x19f</size>
         <input_file_ref idref="fl-e2"/>
      </object_component>
      <object_component id="oc-1a9">
         <name>.debug_info</name>
         <load_address>0x152ac</load_address>
         <run_address>0x152ac</run_address>
         <size>0x203</size>
         <input_file_ref idref="fl-e2"/>
      </object_component>
      <object_component id="oc-259">
         <name>.debug_info</name>
         <load_address>0x154af</load_address>
         <run_address>0x154af</run_address>
         <size>0x1db</size>
         <input_file_ref idref="fl-e2"/>
      </object_component>
      <object_component id="oc-1da">
         <name>.debug_info</name>
         <load_address>0x1568a</load_address>
         <run_address>0x1568a</run_address>
         <size>0x299</size>
         <input_file_ref idref="fl-e2"/>
      </object_component>
      <object_component id="oc-bb">
         <name>.debug_info</name>
         <load_address>0x15923</load_address>
         <run_address>0x15923</run_address>
         <size>0xb2</size>
         <input_file_ref idref="fl-e2"/>
      </object_component>
      <object_component id="oc-b6">
         <name>.debug_info</name>
         <load_address>0x159d5</load_address>
         <run_address>0x159d5</run_address>
         <size>0x2c</size>
         <input_file_ref idref="fl-e2"/>
      </object_component>
      <object_component id="oc-28">
         <name>.debug_info</name>
         <load_address>0x15a01</load_address>
         <run_address>0x15a01</run_address>
         <size>0x10b</size>
         <input_file_ref idref="fl-e3"/>
      </object_component>
      <object_component id="oc-60">
         <name>.debug_info</name>
         <load_address>0x15b0c</load_address>
         <run_address>0x15b0c</run_address>
         <size>0x1a9</size>
         <input_file_ref idref="fl-e3"/>
      </object_component>
      <object_component id="oc-40">
         <name>.debug_info</name>
         <load_address>0x15cb5</load_address>
         <run_address>0x15cb5</run_address>
         <size>0x119</size>
         <input_file_ref idref="fl-e4"/>
      </object_component>
      <object_component id="oc-1f0">
         <name>.debug_info</name>
         <load_address>0x15dce</load_address>
         <run_address>0x15dce</run_address>
         <size>0x4b3</size>
         <input_file_ref idref="fl-e6"/>
      </object_component>
      <object_component id="oc-128">
         <name>.debug_info</name>
         <load_address>0x16281</load_address>
         <run_address>0x16281</run_address>
         <size>0x1a6</size>
         <input_file_ref idref="fl-e6"/>
      </object_component>
      <object_component id="oc-271">
         <name>.debug_info</name>
         <load_address>0x16427</load_address>
         <run_address>0x16427</run_address>
         <size>0x39</size>
         <input_file_ref idref="fl-e6"/>
      </object_component>
      <object_component id="oc-298">
         <name>.debug_info</name>
         <load_address>0x16460</load_address>
         <run_address>0x16460</run_address>
         <size>0x39</size>
         <input_file_ref idref="fl-e6"/>
      </object_component>
      <object_component id="oc-276">
         <name>.debug_info</name>
         <load_address>0x16499</load_address>
         <run_address>0x16499</run_address>
         <size>0x39</size>
         <input_file_ref idref="fl-e6"/>
      </object_component>
      <object_component id="oc-27b">
         <name>.debug_info</name>
         <load_address>0x164d2</load_address>
         <run_address>0x164d2</run_address>
         <size>0xcd</size>
         <input_file_ref idref="fl-e6"/>
      </object_component>
      <object_component id="oc-a0">
         <name>.debug_info</name>
         <load_address>0x1659f</load_address>
         <run_address>0x1659f</run_address>
         <size>0x153</size>
         <input_file_ref idref="fl-e7"/>
      </object_component>
      <object_component id="oc-119">
         <name>.debug_info</name>
         <load_address>0x166f2</load_address>
         <run_address>0x166f2</run_address>
         <size>0x122</size>
         <input_file_ref idref="fl-e9"/>
      </object_component>
      <object_component id="oc-26b">
         <name>.debug_info</name>
         <load_address>0x16814</load_address>
         <run_address>0x16814</run_address>
         <size>0x2c9</size>
         <input_file_ref idref="fl-ea"/>
      </object_component>
      <object_component id="oc-1ea">
         <name>.debug_info</name>
         <load_address>0x16add</load_address>
         <run_address>0x16add</run_address>
         <size>0x11e</size>
         <input_file_ref idref="fl-ea"/>
      </object_component>
      <object_component id="oc-264">
         <name>.debug_info</name>
         <load_address>0x16bfb</load_address>
         <run_address>0x16bfb</run_address>
         <size>0x12e</size>
         <input_file_ref idref="fl-ea"/>
      </object_component>
      <object_component id="oc-2d4">
         <name>.debug_info</name>
         <load_address>0x16d29</load_address>
         <run_address>0x16d29</run_address>
         <size>0xa8</size>
      </object_component>
      <object_component id="oc-76">
         <name>.debug_line</name>
         <load_address>0x0</load_address>
         <run_address>0x0</run_address>
         <size>0x41</size>
         <input_file_ref idref="fl-2"/>
      </object_component>
      <object_component id="oc-31">
         <name>.debug_line</name>
         <load_address>0x41</load_address>
         <run_address>0x41</run_address>
         <size>0x41</size>
         <input_file_ref idref="fl-2"/>
      </object_component>
      <object_component id="oc-2d">
         <name>.debug_line</name>
         <load_address>0x82</load_address>
         <run_address>0x82</run_address>
         <size>0xa1</size>
         <input_file_ref idref="fl-2"/>
      </object_component>
      <object_component id="oc-7a">
         <name>.debug_line</name>
         <load_address>0x123</load_address>
         <run_address>0x123</run_address>
         <size>0x6f</size>
         <input_file_ref idref="fl-2"/>
      </object_component>
      <object_component id="oc-3c">
         <name>.debug_line</name>
         <load_address>0x192</load_address>
         <run_address>0x192</run_address>
         <size>0x20</size>
         <input_file_ref idref="fl-2"/>
      </object_component>
      <object_component id="oc-c3">
         <name>.debug_line</name>
         <load_address>0x1b2</load_address>
         <run_address>0x1b2</run_address>
         <size>0x73</size>
         <input_file_ref idref="fl-2"/>
      </object_component>
      <object_component id="oc-7f">
         <name>.debug_line</name>
         <load_address>0x225</load_address>
         <run_address>0x225</run_address>
         <size>0x70</size>
         <input_file_ref idref="fl-2"/>
      </object_component>
      <object_component id="oc-1df">
         <name>.debug_line</name>
         <load_address>0x295</load_address>
         <run_address>0x295</run_address>
         <size>0x1f3</size>
         <input_file_ref idref="fl-3"/>
      </object_component>
      <object_component id="oc-a6">
         <name>.debug_line</name>
         <load_address>0x488</load_address>
         <run_address>0x488</run_address>
         <size>0x248</size>
         <input_file_ref idref="fl-3"/>
      </object_component>
      <object_component id="oc-19f">
         <name>.debug_line</name>
         <load_address>0x6d0</load_address>
         <run_address>0x6d0</run_address>
         <size>0x4d</size>
         <input_file_ref idref="fl-3"/>
      </object_component>
      <object_component id="oc-1b1">
         <name>.debug_line</name>
         <load_address>0x71d</load_address>
         <run_address>0x71d</run_address>
         <size>0x4c</size>
         <input_file_ref idref="fl-3"/>
      </object_component>
      <object_component id="oc-116">
         <name>.debug_line</name>
         <load_address>0x769</load_address>
         <run_address>0x769</run_address>
         <size>0x79</size>
         <input_file_ref idref="fl-3"/>
      </object_component>
      <object_component id="oc-164">
         <name>.debug_line</name>
         <load_address>0x7e2</load_address>
         <run_address>0x7e2</run_address>
         <size>0x4f</size>
         <input_file_ref idref="fl-3"/>
      </object_component>
      <object_component id="oc-18a">
         <name>.debug_line</name>
         <load_address>0x831</load_address>
         <run_address>0x831</run_address>
         <size>0x78</size>
         <input_file_ref idref="fl-3"/>
      </object_component>
      <object_component id="oc-180">
         <name>.debug_line</name>
         <load_address>0x8a9</load_address>
         <run_address>0x8a9</run_address>
         <size>0x4d</size>
         <input_file_ref idref="fl-3"/>
      </object_component>
      <object_component id="oc-1c8">
         <name>.debug_line</name>
         <load_address>0x8f6</load_address>
         <run_address>0x8f6</run_address>
         <size>0x4d</size>
         <input_file_ref idref="fl-3"/>
      </object_component>
      <object_component id="oc-1d5">
         <name>.debug_line</name>
         <load_address>0x943</load_address>
         <run_address>0x943</run_address>
         <size>0x89</size>
         <input_file_ref idref="fl-3"/>
      </object_component>
      <object_component id="oc-15f">
         <name>.debug_line</name>
         <load_address>0x9cc</load_address>
         <run_address>0x9cc</run_address>
         <size>0x65</size>
         <input_file_ref idref="fl-3"/>
      </object_component>
      <object_component id="oc-223">
         <name>.debug_line</name>
         <load_address>0xa31</load_address>
         <run_address>0xa31</run_address>
         <size>0x65</size>
         <input_file_ref idref="fl-3"/>
      </object_component>
      <object_component id="oc-1e3">
         <name>.debug_line</name>
         <load_address>0xa96</load_address>
         <run_address>0xa96</run_address>
         <size>0x6b</size>
         <input_file_ref idref="fl-3"/>
      </object_component>
      <object_component id="oc-289">
         <name>.debug_line</name>
         <load_address>0xb01</load_address>
         <run_address>0xb01</run_address>
         <size>0x6b</size>
         <input_file_ref idref="fl-4"/>
      </object_component>
      <object_component id="oc-196">
         <name>.debug_line</name>
         <load_address>0xb6c</load_address>
         <run_address>0xb6c</run_address>
         <size>0x707</size>
         <input_file_ref idref="fl-4"/>
      </object_component>
      <object_component id="oc-233">
         <name>.debug_line</name>
         <load_address>0x1273</load_address>
         <run_address>0x1273</run_address>
         <size>0x61</size>
         <input_file_ref idref="fl-4"/>
      </object_component>
      <object_component id="oc-248">
         <name>.debug_line</name>
         <load_address>0x12d4</load_address>
         <run_address>0x12d4</run_address>
         <size>0x20</size>
         <input_file_ref idref="fl-7"/>
      </object_component>
      <object_component id="oc-f5">
         <name>.debug_line</name>
         <load_address>0x12f4</load_address>
         <run_address>0x12f4</run_address>
         <size>0x89</size>
         <input_file_ref idref="fl-7"/>
      </object_component>
      <object_component id="oc-236">
         <name>.debug_line</name>
         <load_address>0x137d</load_address>
         <run_address>0x137d</run_address>
         <size>0x45</size>
         <input_file_ref idref="fl-8"/>
      </object_component>
      <object_component id="oc-245">
         <name>.debug_line</name>
         <load_address>0x13c2</load_address>
         <run_address>0x13c2</run_address>
         <size>0x1ad</size>
         <input_file_ref idref="fl-9"/>
      </object_component>
      <object_component id="oc-f2">
         <name>.debug_line</name>
         <load_address>0x156f</load_address>
         <run_address>0x156f</run_address>
         <size>0x254</size>
         <input_file_ref idref="fl-9"/>
      </object_component>
      <object_component id="oc-106">
         <name>.debug_line</name>
         <load_address>0x17c3</load_address>
         <run_address>0x17c3</run_address>
         <size>0x18c</size>
         <input_file_ref idref="fl-11"/>
      </object_component>
      <object_component id="oc-285">
         <name>.debug_line</name>
         <load_address>0x194f</load_address>
         <run_address>0x194f</run_address>
         <size>0x72</size>
         <input_file_ref idref="fl-12"/>
      </object_component>
      <object_component id="oc-20b">
         <name>.debug_line</name>
         <load_address>0x19c1</load_address>
         <run_address>0x19c1</run_address>
         <size>0x46</size>
         <input_file_ref idref="fl-12"/>
      </object_component>
      <object_component id="oc-21a">
         <name>.debug_line</name>
         <load_address>0x1a07</load_address>
         <run_address>0x1a07</run_address>
         <size>0x94</size>
         <input_file_ref idref="fl-13"/>
      </object_component>
      <object_component id="oc-20e">
         <name>.debug_line</name>
         <load_address>0x1a9b</load_address>
         <run_address>0x1a9b</run_address>
         <size>0x40</size>
         <input_file_ref idref="fl-13"/>
      </object_component>
      <object_component id="oc-218">
         <name>.debug_line</name>
         <load_address>0x1adb</load_address>
         <run_address>0x1adb</run_address>
         <size>0x40</size>
         <input_file_ref idref="fl-13"/>
      </object_component>
      <object_component id="oc-216">
         <name>.debug_line</name>
         <load_address>0x1b1b</load_address>
         <run_address>0x1b1b</run_address>
         <size>0x40</size>
         <input_file_ref idref="fl-13"/>
      </object_component>
      <object_component id="oc-214">
         <name>.debug_line</name>
         <load_address>0x1b5b</load_address>
         <run_address>0x1b5b</run_address>
         <size>0x40</size>
         <input_file_ref idref="fl-13"/>
      </object_component>
      <object_component id="oc-212">
         <name>.debug_line</name>
         <load_address>0x1b9b</load_address>
         <run_address>0x1b9b</run_address>
         <size>0x40</size>
         <input_file_ref idref="fl-13"/>
      </object_component>
      <object_component id="oc-210">
         <name>.debug_line</name>
         <load_address>0x1bdb</load_address>
         <run_address>0x1bdb</run_address>
         <size>0x40</size>
         <input_file_ref idref="fl-13"/>
      </object_component>
      <object_component id="oc-df">
         <name>.debug_line</name>
         <load_address>0x1c1b</load_address>
         <run_address>0x1c1b</run_address>
         <size>0x975</size>
         <input_file_ref idref="fl-13"/>
      </object_component>
      <object_component id="oc-28b">
         <name>.debug_line</name>
         <load_address>0x2590</load_address>
         <run_address>0x2590</run_address>
         <size>0x20</size>
         <input_file_ref idref="fl-14"/>
      </object_component>
      <object_component id="oc-22c">
         <name>.debug_line</name>
         <load_address>0x25b0</load_address>
         <run_address>0x25b0</run_address>
         <size>0x46</size>
         <input_file_ref idref="fl-14"/>
      </object_component>
      <object_component id="oc-22f">
         <name>.debug_line</name>
         <load_address>0x25f6</load_address>
         <run_address>0x25f6</run_address>
         <size>0xca</size>
         <input_file_ref idref="fl-15"/>
      </object_component>
      <object_component id="oc-228">
         <name>.debug_line</name>
         <load_address>0x26c0</load_address>
         <run_address>0x26c0</run_address>
         <size>0x40</size>
         <input_file_ref idref="fl-15"/>
      </object_component>
      <object_component id="oc-226">
         <name>.debug_line</name>
         <load_address>0x2700</load_address>
         <run_address>0x2700</run_address>
         <size>0x40</size>
         <input_file_ref idref="fl-15"/>
      </object_component>
      <object_component id="oc-e9">
         <name>.debug_line</name>
         <load_address>0x2740</load_address>
         <run_address>0x2740</run_address>
         <size>0x53b</size>
         <input_file_ref idref="fl-15"/>
      </object_component>
      <object_component id="oc-287">
         <name>.debug_line</name>
         <load_address>0x2c7b</load_address>
         <run_address>0x2c7b</run_address>
         <size>0x20</size>
         <input_file_ref idref="fl-17"/>
      </object_component>
      <object_component id="oc-21c">
         <name>.debug_line</name>
         <load_address>0x2c9b</load_address>
         <run_address>0x2c9b</run_address>
         <size>0x4e</size>
         <input_file_ref idref="fl-17"/>
      </object_component>
      <object_component id="oc-21f">
         <name>.debug_line</name>
         <load_address>0x2ce9</load_address>
         <run_address>0x2ce9</run_address>
         <size>0x65</size>
         <input_file_ref idref="fl-18"/>
      </object_component>
      <object_component id="oc-e6">
         <name>.debug_line</name>
         <load_address>0x2d4e</load_address>
         <run_address>0x2d4e</run_address>
         <size>0x238</size>
         <input_file_ref idref="fl-18"/>
      </object_component>
      <object_component id="oc-283">
         <name>.debug_line</name>
         <load_address>0x2f86</load_address>
         <run_address>0x2f86</run_address>
         <size>0x20</size>
         <input_file_ref idref="fl-19"/>
      </object_component>
      <object_component id="oc-206">
         <name>.debug_line</name>
         <load_address>0x2fa6</load_address>
         <run_address>0x2fa6</run_address>
         <size>0x48</size>
         <input_file_ref idref="fl-19"/>
      </object_component>
      <object_component id="oc-209">
         <name>.debug_line</name>
         <load_address>0x2fee</load_address>
         <run_address>0x2fee</run_address>
         <size>0x58</size>
         <input_file_ref idref="fl-1a"/>
      </object_component>
      <object_component id="oc-da">
         <name>.debug_line</name>
         <load_address>0x3046</load_address>
         <run_address>0x3046</run_address>
         <size>0x245</size>
         <input_file_ref idref="fl-1a"/>
      </object_component>
      <object_component id="oc-28f">
         <name>.debug_line</name>
         <load_address>0x328b</load_address>
         <run_address>0x328b</run_address>
         <size>0x20</size>
         <input_file_ref idref="fl-1b"/>
      </object_component>
      <object_component id="oc-24c">
         <name>.debug_line</name>
         <load_address>0x32ab</load_address>
         <run_address>0x32ab</run_address>
         <size>0x46</size>
         <input_file_ref idref="fl-1b"/>
      </object_component>
      <object_component id="oc-251">
         <name>.debug_line</name>
         <load_address>0x32f1</load_address>
         <run_address>0x32f1</run_address>
         <size>0x76</size>
         <input_file_ref idref="fl-1c"/>
      </object_component>
      <object_component id="oc-24a">
         <name>.debug_line</name>
         <load_address>0x3367</load_address>
         <run_address>0x3367</run_address>
         <size>0x40</size>
         <input_file_ref idref="fl-1c"/>
      </object_component>
      <object_component id="oc-24f">
         <name>.debug_line</name>
         <load_address>0x33a7</load_address>
         <run_address>0x33a7</run_address>
         <size>0x40</size>
         <input_file_ref idref="fl-1c"/>
      </object_component>
      <object_component id="oc-fd">
         <name>.debug_line</name>
         <load_address>0x33e7</load_address>
         <run_address>0x33e7</run_address>
         <size>0x3d1</size>
         <input_file_ref idref="fl-1c"/>
      </object_component>
      <object_component id="oc-291">
         <name>.debug_line</name>
         <load_address>0x37b8</load_address>
         <run_address>0x37b8</run_address>
         <size>0x20</size>
         <input_file_ref idref="fl-21"/>
      </object_component>
      <object_component id="oc-255">
         <name>.debug_line</name>
         <load_address>0x37d8</load_address>
         <run_address>0x37d8</run_address>
         <size>0x48</size>
         <input_file_ref idref="fl-21"/>
      </object_component>
      <object_component id="oc-253">
         <name>.debug_line</name>
         <load_address>0x3820</load_address>
         <run_address>0x3820</run_address>
         <size>0xef</size>
         <input_file_ref idref="fl-22"/>
      </object_component>
      <object_component id="oc-104">
         <name>.debug_line</name>
         <load_address>0x390f</load_address>
         <run_address>0x390f</run_address>
         <size>0x700</size>
         <input_file_ref idref="fl-22"/>
      </object_component>
      <object_component id="oc-1b7">
         <name>.debug_line</name>
         <load_address>0x400f</load_address>
         <run_address>0x400f</run_address>
         <size>0x43</size>
         <input_file_ref idref="fl-de"/>
      </object_component>
      <object_component id="oc-d2">
         <name>.debug_line</name>
         <load_address>0x4052</load_address>
         <run_address>0x4052</run_address>
         <size>0x92</size>
         <input_file_ref idref="fl-df"/>
      </object_component>
      <object_component id="oc-4b">
         <name>.debug_line</name>
         <load_address>0x40e4</load_address>
         <run_address>0x40e4</run_address>
         <size>0x4c</size>
         <input_file_ref idref="fl-df"/>
      </object_component>
      <object_component id="oc-93">
         <name>.debug_line</name>
         <load_address>0x4130</load_address>
         <run_address>0x4130</run_address>
         <size>0x34</size>
         <input_file_ref idref="fl-df"/>
      </object_component>
      <object_component id="oc-cf">
         <name>.debug_line</name>
         <load_address>0x4164</load_address>
         <run_address>0x4164</run_address>
         <size>0x92</size>
         <input_file_ref idref="fl-df"/>
      </object_component>
      <object_component id="oc-8e">
         <name>.debug_line</name>
         <load_address>0x41f6</load_address>
         <run_address>0x41f6</run_address>
         <size>0x20</size>
         <input_file_ref idref="fl-e0"/>
      </object_component>
      <object_component id="oc-1f">
         <name>.debug_line</name>
         <load_address>0x4216</load_address>
         <run_address>0x4216</run_address>
         <size>0x55</size>
         <input_file_ref idref="fl-e0"/>
      </object_component>
      <object_component id="oc-47">
         <name>.debug_line</name>
         <load_address>0x426b</load_address>
         <run_address>0x426b</run_address>
         <size>0x3a</size>
         <input_file_ref idref="fl-e0"/>
      </object_component>
      <object_component id="oc-8b">
         <name>.debug_line</name>
         <load_address>0x42a5</load_address>
         <run_address>0x42a5</run_address>
         <size>0x92</size>
         <input_file_ref idref="fl-e0"/>
      </object_component>
      <object_component id="oc-cb">
         <name>.debug_line</name>
         <load_address>0x4337</load_address>
         <run_address>0x4337</run_address>
         <size>0x20</size>
         <input_file_ref idref="fl-e1"/>
      </object_component>
      <object_component id="oc-16">
         <name>.debug_line</name>
         <load_address>0x4357</load_address>
         <run_address>0x4357</run_address>
         <size>0xa9</size>
         <input_file_ref idref="fl-e1"/>
      </object_component>
      <object_component id="oc-37">
         <name>.debug_line</name>
         <load_address>0x4400</load_address>
         <run_address>0x4400</run_address>
         <size>0x3a</size>
         <input_file_ref idref="fl-e1"/>
      </object_component>
      <object_component id="oc-c8">
         <name>.debug_line</name>
         <load_address>0x443a</load_address>
         <run_address>0x443a</run_address>
         <size>0x9a</size>
         <input_file_ref idref="fl-e1"/>
      </object_component>
      <object_component id="oc-84">
         <name>.debug_line</name>
         <load_address>0x44d4</load_address>
         <run_address>0x44d4</run_address>
         <size>0x96</size>
         <input_file_ref idref="fl-e1"/>
      </object_component>
      <object_component id="oc-b5">
         <name>.debug_line</name>
         <load_address>0x456a</load_address>
         <run_address>0x456a</run_address>
         <size>0x10f</size>
         <input_file_ref idref="fl-e2"/>
      </object_component>
      <object_component id="oc-6f">
         <name>.debug_line</name>
         <load_address>0x4679</load_address>
         <run_address>0x4679</run_address>
         <size>0x2c</size>
         <input_file_ref idref="fl-e2"/>
      </object_component>
      <object_component id="oc-294">
         <name>.debug_line</name>
         <load_address>0x46a5</load_address>
         <run_address>0x46a5</run_address>
         <size>0x2c</size>
         <input_file_ref idref="fl-e2"/>
      </object_component>
      <object_component id="oc-10d">
         <name>.debug_line</name>
         <load_address>0x46d1</load_address>
         <run_address>0x46d1</run_address>
         <size>0x41</size>
         <input_file_ref idref="fl-e2"/>
      </object_component>
      <object_component id="oc-239">
         <name>.debug_line</name>
         <load_address>0x4712</load_address>
         <run_address>0x4712</run_address>
         <size>0x50</size>
         <input_file_ref idref="fl-e2"/>
      </object_component>
      <object_component id="oc-23f">
         <name>.debug_line</name>
         <load_address>0x4762</load_address>
         <run_address>0x4762</run_address>
         <size>0x55</size>
         <input_file_ref idref="fl-e2"/>
      </object_component>
      <object_component id="oc-1a8">
         <name>.debug_line</name>
         <load_address>0x47b7</load_address>
         <run_address>0x47b7</run_address>
         <size>0xd0</size>
         <input_file_ref idref="fl-e2"/>
      </object_component>
      <object_component id="oc-25b">
         <name>.debug_line</name>
         <load_address>0x4887</load_address>
         <run_address>0x4887</run_address>
         <size>0x98</size>
         <input_file_ref idref="fl-e2"/>
      </object_component>
      <object_component id="oc-1d9">
         <name>.debug_line</name>
         <load_address>0x491f</load_address>
         <run_address>0x491f</run_address>
         <size>0x112</size>
         <input_file_ref idref="fl-e2"/>
      </object_component>
      <object_component id="oc-be">
         <name>.debug_line</name>
         <load_address>0x4a31</load_address>
         <run_address>0x4a31</run_address>
         <size>0x2c</size>
         <input_file_ref idref="fl-e2"/>
      </object_component>
      <object_component id="oc-b9">
         <name>.debug_line</name>
         <load_address>0x4a5d</load_address>
         <run_address>0x4a5d</run_address>
         <size>0x92</size>
         <input_file_ref idref="fl-e2"/>
      </object_component>
      <object_component id="oc-73">
         <name>.debug_line</name>
         <load_address>0x4aef</load_address>
         <run_address>0x4aef</run_address>
         <size>0x33</size>
         <input_file_ref idref="fl-e3"/>
      </object_component>
      <object_component id="oc-5f">
         <name>.debug_line</name>
         <load_address>0x4b22</load_address>
         <run_address>0x4b22</run_address>
         <size>0x45</size>
         <input_file_ref idref="fl-e3"/>
      </object_component>
      <object_component id="oc-42">
         <name>.debug_line</name>
         <load_address>0x4b67</load_address>
         <run_address>0x4b67</run_address>
         <size>0x88</size>
         <input_file_ref idref="fl-e4"/>
      </object_component>
      <object_component id="oc-270">
         <name>.debug_line</name>
         <load_address>0x4bef</load_address>
         <run_address>0x4bef</run_address>
         <size>0xbf</size>
         <input_file_ref idref="fl-e6"/>
      </object_component>
      <object_component id="oc-127">
         <name>.debug_line</name>
         <load_address>0x4cae</load_address>
         <run_address>0x4cae</run_address>
         <size>0x6f</size>
         <input_file_ref idref="fl-e6"/>
      </object_component>
      <object_component id="oc-274">
         <name>.debug_line</name>
         <load_address>0x4d1d</load_address>
         <run_address>0x4d1d</run_address>
         <size>0x2e</size>
         <input_file_ref idref="fl-e6"/>
      </object_component>
      <object_component id="oc-29b">
         <name>.debug_line</name>
         <load_address>0x4d4b</load_address>
         <run_address>0x4d4b</run_address>
         <size>0x9a</size>
         <input_file_ref idref="fl-e6"/>
      </object_component>
      <object_component id="oc-279">
         <name>.debug_line</name>
         <load_address>0x4de5</load_address>
         <run_address>0x4de5</run_address>
         <size>0x97</size>
         <input_file_ref idref="fl-e6"/>
      </object_component>
      <object_component id="oc-27e">
         <name>.debug_line</name>
         <load_address>0x4e7c</load_address>
         <run_address>0x4e7c</run_address>
         <size>0x93</size>
         <input_file_ref idref="fl-e6"/>
      </object_component>
      <object_component id="oc-9f">
         <name>.debug_line</name>
         <load_address>0x4f0f</load_address>
         <run_address>0x4f0f</run_address>
         <size>0x40</size>
         <input_file_ref idref="fl-e7"/>
      </object_component>
      <object_component id="oc-11c">
         <name>.debug_line</name>
         <load_address>0x4f4f</load_address>
         <run_address>0x4f4f</run_address>
         <size>0x3c</size>
         <input_file_ref idref="fl-e9"/>
      </object_component>
      <object_component id="oc-297">
         <name>.debug_line</name>
         <load_address>0x4f8b</load_address>
         <run_address>0x4f8b</run_address>
         <size>0x20</size>
         <input_file_ref idref="fl-ea"/>
      </object_component>
      <object_component id="oc-26a">
         <name>.debug_line</name>
         <load_address>0x4fab</load_address>
         <run_address>0x4fab</run_address>
         <size>0x2b</size>
         <input_file_ref idref="fl-ea"/>
      </object_component>
      <object_component id="oc-268">
         <name>.debug_line</name>
         <load_address>0x4fd6</load_address>
         <run_address>0x4fd6</run_address>
         <size>0x3a</size>
         <input_file_ref idref="fl-ea"/>
      </object_component>
      <object_component id="oc-2c">
         <name>.debug_frame</name>
         <load_address>0x0</load_address>
         <run_address>0x0</run_address>
         <size>0x90</size>
         <input_file_ref idref="fl-2"/>
      </object_component>
      <object_component id="oc-a7">
         <name>.debug_frame</name>
         <load_address>0x90</load_address>
         <run_address>0x90</run_address>
         <size>0x184</size>
         <input_file_ref idref="fl-3"/>
      </object_component>
      <object_component id="oc-197">
         <name>.debug_frame</name>
         <load_address>0x214</load_address>
         <run_address>0x214</run_address>
         <size>0x5a4</size>
         <input_file_ref idref="fl-4"/>
      </object_component>
      <object_component id="oc-f8">
         <name>.debug_frame</name>
         <load_address>0x7b8</load_address>
         <run_address>0x7b8</run_address>
         <size>0x7c</size>
         <input_file_ref idref="fl-7"/>
      </object_component>
      <object_component id="oc-f1">
         <name>.debug_frame</name>
         <load_address>0x834</load_address>
         <run_address>0x834</run_address>
         <size>0x174</size>
         <input_file_ref idref="fl-9"/>
      </object_component>
      <object_component id="oc-10a">
         <name>.debug_frame</name>
         <load_address>0x9a8</load_address>
         <run_address>0x9a8</run_address>
         <size>0xb8</size>
         <input_file_ref idref="fl-11"/>
      </object_component>
      <object_component id="oc-e0">
         <name>.debug_frame</name>
         <load_address>0xa60</load_address>
         <run_address>0xa60</run_address>
         <size>0x32c</size>
         <input_file_ref idref="fl-13"/>
      </object_component>
      <object_component id="oc-e8">
         <name>.debug_frame</name>
         <load_address>0xd8c</load_address>
         <run_address>0xd8c</run_address>
         <size>0x2a4</size>
         <input_file_ref idref="fl-15"/>
      </object_component>
      <object_component id="oc-e5">
         <name>.debug_frame</name>
         <load_address>0x1030</load_address>
         <run_address>0x1030</run_address>
         <size>0xbc</size>
         <input_file_ref idref="fl-18"/>
      </object_component>
[...]
      </symbol>
      <symbol id="sm-433">
         <name>Gpt_Notification_channel_Wide_0</name>
         <value>0x17a1</value>
         <object_component_ref idref="oc-db"/>
      </symbol>
      <symbol id="sm-434">
         <name>Gpt_Notification_channel_Wide_1</name>
         <value>0x18bd</value>
         <object_component_ref idref="oc-db"/>
      </symbol>
      <symbol id="sm-435">
         <name>Gpt_Notification_channel_Wide_2</name>
         <value>0x19d5</value>
         <object_component_ref idref="oc-db"/>
      </symbol>
      <symbol id="sm-436">
         <name>Gpt_Notification_channel_Wide_3</name>
         <value>0x1af5</value>
         <object_component_ref idref="oc-db"/>
      </symbol>
      <symbol id="sm-437">
         <name>Gpt_EnableNotification</name>
         <value>0x9d9</value>
         <object_component_ref idref="oc-db"/>
      </symbol>
      <symbol id="sm-438">
         <name>Gpt_StopTimer</name>
         <value>0xc11</value>
         <object_component_ref idref="oc-db"/>
      </symbol>
      <symbol id="sm-439">
         <name>calculate_BitGuarding</name>
         <value>0x29b</value>
         <object_component_ref idref="oc-db"/>
      </symbol>
      <symbol id="sm-43a">
         <name>GetTimerAddress</name>
         <value>0x2d7</value>
         <object_component_ref idref="oc-db"/>
      </symbol>
      <symbol id="sm-43b">
         <name>Default_Function</name>
         <value>0x373</value>
         <object_component_ref idref="oc-db"/>
      </symbol>
      <symbol id="sm-43c">
         <name>Gpt_DisableNotification</name>
         <value>0x879</value>
         <object_component_ref idref="oc-db"/>
      </symbol>
      <symbol id="sm-43d">
         <name>Gpt_Notification_channel_Normal_4</name>
         <value>0x1565</value>
         <object_component_ref idref="oc-db"/>
      </symbol>
      <symbol id="sm-43e">
         <name>Gpt_Notification_channel_Normal_5</name>
         <value>0x1681</value>
         <object_component_ref idref="oc-db"/>
      </symbol>
      <symbol id="sm-43f">
         <name>Gpt_Notification_channel_Normal_2</name>
         <value>0x1325</value>
         <object_component_ref idref="oc-db"/>
      </symbol>
      <symbol id="sm-440">
         <name>Gpt_Notification_channel_Normal_3</name>
         <value>0x1441</value>
         <object_component_ref idref="oc-db"/>
      </symbol>
      <symbol id="sm-441">
         <name>Gpt_Notification_channel_Normal_0</name>
         <value>0x1111</value>
         <object_component_ref idref="oc-db"/>
      </symbol>
      <symbol id="sm-442">
         <name>Gpt_Notification_channel_Normal_1</name>
         <value>0x1215</value>
         <object_component_ref idref="oc-db"/>
      </symbol>
      <symbol id="sm-443">
         <name>Gpt_StartTimer</name>
         <value>0xae5</value>
         <object_component_ref idref="oc-db"/>
      </symbol>
      <symbol id="sm-444">
         <name>Gpt_GetPredefTimerValue</name>
         <value>0x1099</value>
         <object_component_ref idref="oc-db"/>
      </symbol>
      <symbol id="sm-445">
         <name>Gpt_GetTimeElapsed</name>
         <value>0xd1d</value>
         <object_component_ref idref="oc-db"/>
      </symbol>
      <symbol id="sm-450">
         <name>I2C_Container</name>
         <value>0x7568</value>
         <object_component_ref idref="oc-198"/>
      </symbol>
      <symbol id="sm-50b">
         <name>I2C_init</name>
         <value>0x4027</value>
         <object_component_ref idref="oc-e7"/>
      </symbol>
      <symbol id="sm-50c">
         <name>I2C_Push_to_Transmit</name>
         <value>0x44ad</value>
         <object_component_ref idref="oc-e7"/>
      </symbol>
      <symbol id="sm-50d">
         <name>I2C_MasterSingleReceive</name>
         <value>0x3d0d</value>
         <object_component_ref idref="oc-e7"/>
      </symbol>
      <symbol id="sm-50e">
         <name>App_I2C0_Tx_CallBack</name>
         <value>0x4017</value>
         <object_component_ref idref="oc-e7"/>
      </symbol>
      <symbol id="sm-50f">
         <name>App_I2C0_Rx_CallBack</name>
         <value>0x4019</value>
         <object_component_ref idref="oc-e7"/>
      </symbol>
      <symbol id="sm-510">
         <name>I2C_Pop_the_Received</name>
         <value>0x4539</value>
         <object_component_ref idref="oc-e7"/>
      </symbol>
      <symbol id="sm-511">
         <name>App_I2C3_Tx_CallBack</name>
         <value>0x4023</value>
         <object_component_ref idref="oc-e7"/>
      </symbol>
      <symbol id="sm-512">
         <name>App_I2C3_Rx_CallBack</name>
         <value>0x4025</value>
         <object_component_ref idref="oc-e7"/>
      </symbol>
      <symbol id="sm-513">
         <name>I2C_MasterPoke_to_receive</name>
         <value>0x444d</value>
         <object_component_ref idref="oc-e7"/>
      </symbol>
      <symbol id="sm-514">
         <name>I2C_SlaveReceive_one_Byte</name>
         <value>0x400b</value>
         <object_component_ref idref="oc-e7"/>
      </symbol>
      <symbol id="sm-515">
         <name>App_I2C1_Tx_CallBack</name>
         <value>0x401b</value>
         <object_component_ref idref="oc-e7"/>
      </symbol>
      <symbol id="sm-516">
         <name>App_I2C1_Rx_CallBack</name>
         <value>0x401d</value>
         <object_component_ref idref="oc-e7"/>
      </symbol>
      <symbol id="sm-517">
         <name>I2C_MasterTransmitMultibleBytes</name>
         <value>0x3b7d</value>
         <object_component_ref idref="oc-e7"/>
      </symbol>
      <symbol id="sm-518">
         <name>I2C_MasterReceiveMultibleBytes</name>
         <value>0x3dd5</value>
         <object_component_ref idref="oc-e7"/>
      </symbol>
      <symbol id="sm-519">
         <name>App_I2C2_Tx_CallBack</name>
         <value>0x401f</value>
         <object_component_ref idref="oc-e7"/>
      </symbol>
      <symbol id="sm-51a">
         <name>App_I2C2_Rx_CallBack</name>
         <value>0x4021</value>
         <object_component_ref idref="oc-e7"/>
      </symbol>
      <symbol id="sm-51b">
         <name>I2C_MasterSingleTransmit</name>
         <value>0x3aad</value>
         <object_component_ref idref="oc-e7"/>
      </symbol>
      <symbol id="sm-51c">
         <name>I2C_SlaveTransmit_one_Byte</name>
         <value>0x3fff</value>
         <object_component_ref idref="oc-e7"/>
      </symbol>
      <symbol id="sm-51d">
         <name>I2C_MasterPoke_to_transmit</name>
         <value>0x43ed</value>
         <object_component_ref idref="oc-e7"/>
      </symbol>
      <symbol id="sm-529">
         <name>Initialized_Interrupt_Container</name>
         <value>0x7424</value>
         <object_component_ref idref="oc-182"/>
      </symbol>
      <symbol id="sm-58f">
         <name>IntCtrl_ChangePriority</name>
         <value>0x5c81</value>
         <object_component_ref idref="oc-e1"/>
      </symbol>
      <symbol id="sm-590">
         <name>IntCtrl_DisableInterrupt</name>
         <value>0x59fd</value>
         <object_component_ref idref="oc-e1"/>
      </symbol>
      <symbol id="sm-591">
         <name>IntCtrl_Enable_Interrupt</name>
         <value>0x5b4d</value>
         <object_component_ref idref="oc-e1"/>
      </symbol>
      <symbol id="sm-592">
         <name>IntCtrl_Init</name>
         <value>0x56e1</value>
         <object_component_ref idref="oc-e1"/>
      </symbol>
      <symbol id="sm-59d">
         <name>ConfigPtr</name>
         <value>0x7577</value>
         <object_component_ref idref="oc-156"/>
      </symbol>
      <symbol id="sm-5f8">
         <name>SetPinInitialValue</name>
         <value>0x4fc1</value>
         <object_component_ref idref="oc-d5"/>
      </symbol>
      <symbol id="sm-5f9">
         <name>Port_Init</name>
         <value>0x51fd</value>
         <object_component_ref idref="oc-d5"/>
      </symbol>
      <symbol id="sm-5fa">
         <name>SetOutputCurrentValue</name>
         <value>0x512b</value>
         <object_component_ref idref="oc-d5"/>
      </symbol>
      <symbol id="sm-5fb">
         <name>SetAlternativeFunction</name>
         <value>0x50c3</value>
         <object_component_ref idref="oc-d5"/>
      </symbol>
      <symbol id="sm-5fc">
         <name>GetPortAddress</name>
         <value>0x518b</value>
         <object_component_ref idref="oc-d5"/>
      </symbol>
      <symbol id="sm-5fd">
         <name>SetInternalAttach</name>
         <value>0x5045</value>
         <object_component_ref idref="oc-d5"/>
      </symbol>
      <symbol id="sm-5fe">
         <name>SetPinDirection</name>
         <value>0x5003</value>
         <object_component_ref idref="oc-d5"/>
      </symbol>
      <symbol id="sm-609">
         <name>PWM_Container</name>
         <value>0x754c</value>
         <object_component_ref idref="oc-1bd"/>
      </symbol>
      <symbol id="sm-67e">
         <name>pwm_update_load</name>
         <value>0x3685</value>
         <object_component_ref idref="oc-f9"/>
      </symbol>
      <symbol id="sm-67f">
         <name>pwm_init</name>
         <value>0x2bad</value>
         <object_component_ref idref="oc-f9"/>
      </symbol>
      <symbol id="sm-680">
         <name>pwm_update_comparator_percentage_WithRespectForLoad</name>
         <value>0x30f5</value>
         <object_component_ref idref="oc-f9"/>
      </symbol>
      <symbol id="sm-681">
         <name>pwm_AutomaticDutyCycle</name>
         <value>0x32e5</value>
         <object_component_ref idref="oc-f9"/>
      </symbol>
      <symbol id="sm-682">
         <name>pwm_update_generation</name>
         <value>0x31cb</value>
         <object_component_ref idref="oc-f9"/>
      </symbol>
      <symbol id="sm-683">
         <name>pwm_update_comparator_WithRespectForLoad</name>
         <value>0x300d</value>
         <object_component_ref idref="oc-f9"/>
      </symbol>
      <symbol id="sm-684">
         <name>pwm_changeCount_mode</name>
         <value>0x3705</value>
         <object_component_ref idref="oc-f9"/>
      </symbol>
      <symbol id="sm-685">
         <name>pwm_stop</name>
         <value>0x3817</value>
         <object_component_ref idref="oc-f9"/>
      </symbol>
      <symbol id="sm-686">
         <name>pwm_enable</name>
         <value>0x3897</value>
         <object_component_ref idref="oc-f9"/>
      </symbol>
      <symbol id="sm-687">
         <name>pwm_disable</name>
         <value>0x37b1</value>
         <object_component_ref idref="oc-f9"/>
      </symbol>
      <symbol id="sm-696">
         <name>UART_Container</name>
         <value>0x7524</value>
         <object_component_ref idref="oc-1cd"/>
      </symbol>
      <symbol id="sm-765">
         <name>UART_Queue_Buffer</name>
         <value>0x20000324</value>
      </symbol>
      <symbol id="sm-766">
         <name>App_Uart3_Rx_CallBack</name>
         <value>0x2121</value>
         <object_component_ref idref="oc-ff"/>
      </symbol>
      <symbol id="sm-767">
         <name>uart2_handler</name>
         <value>0x2951</value>
         <object_component_ref idref="oc-ff"/>
      </symbol>
      <symbol id="sm-768">
         <name>App_Uart3_Tx_CallBack</name>
         <value>0x211f</value>
         <object_component_ref idref="oc-ff"/>
      </symbol>
      <symbol id="sm-769">
         <name>uart_receive_some_of_it</name>
         <value>0x200f</value>
         <object_component_ref idref="oc-ff"/>
      </symbol>
      <symbol id="sm-76a">
         <name>uart0_handler</name>
         <value>0x28c1</value>
         <object_component_ref idref="oc-ff"/>
      </symbol>
      <symbol id="sm-76b">
         <name>App_Uart1_Rx_CallBack</name>
         <value>0x2119</value>
         <object_component_ref idref="oc-ff"/>
      </symbol>
      <symbol id="sm-76c">
         <name>UART_Pop_the_Received</name>
         <value>0x284d</value>
         <object_component_ref idref="oc-ff"/>
      </symbol>
      <symbol id="sm-76d">
         <name>App_Uart6_Rx_CallBack</name>
         <value>0x212d</value>
         <object_component_ref idref="oc-ff"/>
      </symbol>
      <symbol id="sm-76e">
         <name>UART_Poke_to_transmit</name>
         <value>0x2749</value>
         <object_component_ref idref="oc-ff"/>
      </symbol>
      <symbol id="sm-76f">
         <name>App_Uart1_Tx_CallBack</name>
         <value>0x2117</value>
         <object_component_ref idref="oc-ff"/>
      </symbol>
      <symbol id="sm-770">
         <name>uart_transmit_some_of_it</name>
         <value>0x1e81</value>
         <object_component_ref idref="oc-ff"/>
      </symbol>
      <symbol id="sm-771">
         <name>uart6_handler</name>
         <value>0x2a75</value>
         <object_component_ref idref="oc-ff"/>
      </symbol>
      <symbol id="sm-772">
         <name>App_Uart6_Tx_CallBack</name>
         <value>0x212b</value>
         <object_component_ref idref="oc-ff"/>
      </symbol>
      <symbol id="sm-773">
         <name>UART_Push_to_Transmit</name>
         <value>0x27c5</value>
         <object_component_ref idref="oc-ff"/>
      </symbol>
      <symbol id="sm-774">
         <name>UART_Poke_to_receive</name>
         <value>0x2783</value>
         <object_component_ref idref="oc-ff"/>
      </symbol>
      <symbol id="sm-775">
         <name>uart_transmit_all_of_it</name>
         <value>0x1e0d</value>
         <object_component_ref idref="oc-ff"/>
      </symbol>
      <symbol id="sm-776">
         <name>App_Uart4_Rx_CallBack</name>
         <value>0x2125</value>
         <object_component_ref idref="oc-ff"/>
      </symbol>
      <symbol id="sm-777">
         <name>uart4_handler</name>
         <value>0x29e5</value>
         <object_component_ref idref="oc-ff"/>
      </symbol>
      <symbol id="sm-778">
         <name>uart3_handler</name>
         <value>0x2999</value>
         <object_component_ref idref="oc-ff"/>
      </symbol>
      <symbol id="sm-779">
         <name>uart_receive_one_char</name>
         <value>0x1f13</value>
         <object_component_ref idref="oc-ff"/>
      </symbol>
      <symbol id="sm-77a">
         <name>App_Uart4_Tx_CallBack</name>
         <value>0x2123</value>
         <object_component_ref idref="oc-ff"/>
      </symbol>
      <symbol id="sm-77b">
         <name>uart_init</name>
         <value>0x2155</value>
         <object_component_ref idref="oc-ff"/>
      </symbol>
      <symbol id="sm-77c">
         <name>uart1_handler</name>
         <value>0x2909</value>
         <object_component_ref idref="oc-ff"/>
      </symbol>
      <symbol id="sm-77d">
         <name>App_Uart2_Rx_CallBack</name>
         <value>0x211d</value>
         <object_component_ref idref="oc-ff"/>
      </symbol>
      <symbol id="sm-77e">
         <name>App_Uart7_Rx_CallBack</name>
         <value>0x2131</value>
         <object_component_ref idref="oc-ff"/>
      </symbol>
      <symbol id="sm-77f">
         <name>App_Uart2_Tx_CallBack</name>
         <value>0x211b</value>
         <object_component_ref idref="oc-ff"/>
      </symbol>
      <symbol id="sm-780">
         <name>uart7_handler</name>
         <value>0x2ac1</value>
         <object_component_ref idref="oc-ff"/>
      </symbol>
      <symbol id="sm-781">
         <name>App_Uart0_Rx_CallBack</name>
         <value>0x2115</value>
         <object_component_ref idref="oc-ff"/>
      </symbol>
      <symbol id="sm-782">
         <name>uart_transmit_one_char</name>
         <value>0x1d9d</value>
         <object_component_ref idref="oc-ff"/>
      </symbol>
      <symbol id="sm-783">
         <name>App_Uart5_Rx_CallBack</name>
         <value>0x2129</value>
         <object_component_ref idref="oc-ff"/>
      </symbol>
      <symbol id="sm-784">
         <name>App_Uart0_Tx_CallBack</name>
         <value>0x2113</value>
         <object_component_ref idref="oc-ff"/>
      </symbol>
      <symbol id="sm-785">
         <name>uart5_handler</name>
         <value>0x2a2d</value>
         <object_component_ref idref="oc-ff"/>
      </symbol>
      <symbol id="sm-786">
         <name>uart_receive_all_of_it</name>
         <value>0x1f8d</value>
         <object_component_ref idref="oc-ff"/>
      </symbol>
      <symbol id="sm-791">
         <name>__aeabi_lmul</name>
         <value>0x72ad</value>
         <object_component_ref idref="oc-1b3"/>
      </symbol>
      <symbol id="sm-7aa">
         <name>__TI_zero_init_nomemset</name>
         <value>0x7275</value>
         <object_component_ref idref="oc-4a"/>
      </symbol>
      <symbol id="sm-7c1">
         <name>__TI_decompress_none</name>
         <value>0x72c5</value>
         <object_component_ref idref="oc-1b"/>
      </symbol>
      <symbol id="sm-7e4">
         <name>__TI_decompress_lzss</name>
         <value>0x716d</value>
         <object_component_ref idref="oc-15"/>
      </symbol>
      <symbol id="sm-86d">
         <name>_sys_memory</name>
         <value>0x200003a8</value>
         <object_component_ref idref="oc-24"/>
      </symbol>
      <symbol id="sm-86e">
         <name>free</name>
         <value>0x6ed1</value>
         <object_component_ref idref="oc-1a6"/>
      </symbol>
      <symbol id="sm-86f">
         <name>memalign</name>
         <value>0x6dd1</value>
         <object_component_ref idref="oc-1d7"/>
      </symbol>
      <symbol id="sm-870">
         <name>malloc</name>
         <value>0x72df</value>
         <object_component_ref idref="oc-10b"/>
      </symbol>
      <symbol id="sm-871">
         <name>aligned_alloc</name>
         <value>0x6dd1</value>
         <object_component_ref idref="oc-1d7"/>
      </symbol>
      <symbol id="sm-884">
         <name>__stack</name>
         <value>0x20000000</value>
         <object_component_ref idref="oc-27"/>
      </symbol>
      <symbol id="sm-885">
         <name>_c_int00_noargs</name>
         <value>0x7219</value>
         <object_component_ref idref="oc-5c"/>
      </symbol>
      <symbol id="sm-8a0">
         <name>memcpy</name>
         <value>0x7061</value>
         <object_component_ref idref="oc-3e"/>
      </symbol>
      <symbol id="sm-8a1">
         <name>__aeabi_memcpy</name>
         <value>0x7061</value>
         <object_component_ref idref="oc-3e"/>
      </symbol>
      <symbol id="sm-8a2">
         <name>__aeabi_memcpy8</name>
         <value>0x7061</value>
         <object_component_ref idref="oc-3e"/>
      </symbol>
      <symbol id="sm-8a3">
         <name>__aeabi_memcpy4</name>
         <value>0x7061</value>
         <object_component_ref idref="oc-3e"/>
      </symbol>
      <symbol id="sm-8cc">
         <name>__TI_auto_init_nobinit_nopinit</name>
         <value>0x71d5</value>
         <object_component_ref idref="oc-124"/>
      </symbol>
      <symbol id="sm-8d6">
         <name>_system_pre_init</name>
         <value>0x72e7</value>
         <object_component_ref idref="oc-9c"/>
      </symbol>
      <symbol id="sm-8e2">
         <name>C$$EXIT</name>
         <value>0x72eb</value>
         <object_component_ref idref="oc-118"/>
      </symbol>
      <symbol id="sm-8e3">
         <name>abort</name>
         <value>0x72eb</value>
         <object_component_ref idref="oc-118"/>
      </symbol>
      <symbol id="sm-8f8">
         <name>_nop</name>
         <value>0x6dcf</value>
         <object_component_ref idref="oc-263"/>
      </symbol>
      <symbol id="sm-8f9">
         <name>_lock</name>
         <value>0x2000030c</value>
         <object_component_ref idref="oc-1e9"/>
      </symbol>
      <symbol id="sm-8fa">
         <name>_unlock</name>
         <value>0x20000310</value>
         <object_component_ref idref="oc-1e9"/>
      </symbol>
      <symbol id="sm-8fc">
         <name>__TI_static_base__</name>
         <value>0x0</value>
      </symbol>
      <symbol id="sm-8ff">
         <name>__mpu_init</name>
         <value>0x0</value>
      </symbol>
      <symbol id="sm-900">
         <name>_system_post_cinit</name>
         <value>0x0</value>
      </symbol>
   </symbol_table>
   <title>Link successful</title>
</link_info>
