******************************************************************************
                  TI ARM Linker PC v20.2.5                     
******************************************************************************
>> Linked Mon Mar 14 02:24:50 2022

OUTPUT FILE NAME:   <AutosarProject_port_functions_with_offset(WORKED).out>
ENTRY POINT SYMBOL: "_c_int00_noargs"  address: 000010c5


MEMORY CONFIGURATION

         name            origin    length      used     unused   attr    fill
----------------------  --------  ---------  --------  --------  ----  --------
  FLASH                 00000000   00040000  000012e1  0003ed1f  R  X
  SRAM                  20000000   00008000  00000216  00007dea  RW X


SEGMENT ALLOCATION MAP

run origin  load origin   length   init length attrs members
----------  ----------- ---------- ----------- ----- -------
00000000    00000000    000012e8   000012e8    r-x
  00000000    00000000    0000026c   0000026c    r-- .intvecs
  0000026c    0000026c    00000ece   00000ece    r-x .text
  0000113a    0000113a    00000187   00000187    r-- .const
  000012c8    000012c8    00000020   00000020    r-- .cinit
20000000    20000000    00000216   00000000    rw-
  20000000    20000000    00000200   00000000    rw- .stack
  20000200    20000200    00000016   00000000    rw- .data


SECTION ALLOCATION MAP

 output                                  attributes/
section   page    origin      length       input sections
--------  ----  ----------  ----------   ----------------
.intvecs   0    00000000    0000026c     
                  00000000    0000026c     tm4c123gh6pm_startup_ccs.obj (.intvecs)

.text      0    0000026c    00000ece     
                  0000026c    000007f0     Port.obj (.text)
                  00000a5c    000002e8     Dio.obj (.text)
                  00000d44    000000a8     Os.obj (.text)
                  00000dec    0000009c     rtsv7M4_T_le_v4SPD16_eabi.lib : memcpy_t2.asm.obj (.text)
                  00000e88    0000007c     Button.obj (.text)
                  00000f04    0000007c     Gpt.obj (.text)
                  00000f80    00000068     rtsv7M4_T_le_v4SPD16_eabi.lib : copy_decompress_lzss.c.obj (.text:decompress:lzss:__TI_decompress_lzss)
                  00000fe8    00000058     App.obj (.text)
                  00001040    00000044     rtsv7M4_T_le_v4SPD16_eabi.lib : autoinit.c.obj (.text:__TI_auto_init_nobinit_nopinit:__TI_auto_init_nobinit_nopinit)
                  00001084    0000003e     Led.obj (.text)
                  000010c2    00000002     --HOLE-- [fill = 0]
                  000010c4    00000034     rtsv7M4_T_le_v4SPD16_eabi.lib : boot_cortex_m.c.obj (.text:_c_int00_noargs:_c_int00_noargs)
                  000010f8    00000016     Det.obj (.text)
                  0000110e    0000000e     rtsv7M4_T_le_v4SPD16_eabi.lib : copy_decompress_none.c.obj (.text:decompress:none:__TI_decompress_none)
                  0000111c    0000000c     tm4c123gh6pm_startup_ccs.obj (.text)
                  00001128    0000000a     main.obj (.text)
                  00001132    00000004     rtsv7M4_T_le_v4SPD16_eabi.lib : pre_init.c.obj (.text:_system_pre_init)
                  00001136    00000004                                   : exit.c.obj (.text:abort:abort)

.const     0    0000113a    00000187     
                  0000113a    00000183     Port_PBcfg.obj (.const:port_Configuration)
                  000012bd    00000004     Dio_PBcfg.obj (.const:Dio_Configuration)

.cinit     0    000012c8    00000020     
                  000012c8    0000000e     (.cinit..data.load) [load image, compression = lzss]
                  000012d6    00000002     --HOLE-- [fill = 0]
                  000012d8    00000008     (__TI_handler_table)
                  000012e0    00000008     (__TI_cinit_table)

.init_array 
*          0    00000000    00000000     UNINITIALIZED

.data      0    20000200    00000016     UNINITIALIZED
                  20000200    00000005     Dio.obj (.data)
                  20000205    00000003     Button.obj (.data)
                  20000208    00000005     Port.obj (.data)
                  2000020d    00000002     App.obj (.data)
                  2000020f    00000001     --HOLE--
                  20000210    00000004     Gpt.obj (.data)
                  20000214    00000002     Os.obj (.data)

.stack     0    20000000    00000200     UNINITIALIZED
                  20000000    00000004     rtsv7M4_T_le_v4SPD16_eabi.lib : boot_cortex_m.c.obj (.stack)
                  20000004    000001fc     --HOLE--

__llvm_prf_cnts 
*          0    20000000    00000000     UNINITIALIZED

MODULE SUMMARY

       Module                         code   ro data   rw data
       ------                         ----   -------   -------
    .\
       tm4c123gh6pm_startup_ccs.obj   12     620       0      
       main.obj                       10     0         0      
    +--+------------------------------+------+---------+---------+
       Total:                         22     620       0      
                                                              
    .\Dio\
       Dio.obj                        744    0         5      
       Dio_PBcfg.obj                  0      4         0      
    +--+------------------------------+------+---------+---------+
       Total:                         744    4         5      
                                                              
    .\Gpt\
       Gpt.obj                        124    0         4      
    +--+------------------------------+------+---------+---------+
       Total:                         124    0         4      
                                                              
    .\app\
       Button.obj                     124    0         3      
       App.obj                        88     0         2      
       Led.obj                        62     0         0      
    +--+------------------------------+------+---------+---------+
       Total:                         274    0         5      
                                                              
    .\os\
       Os.obj                         168    0         2      
    +--+------------------------------+------+---------+---------+
       Total:                         168    0         2      
                                                              
    .\port\
       Port.obj                       2032   0         5      
       Port_PBcfg.obj                 0      387       0      
    +--+------------------------------+------+---------+---------+
       Total:                         2032   387       5      
                                                              
    .\resources\
       Det.obj                        22     0         0      
    +--+------------------------------+------+---------+---------+
       Total:                         22     0         0      
                                                              
    C:\ti\ccs1100\ccs\tools\compiler\ti-cgt-arm_20.2.5.LTS\lib\rtsv7M4_T_le_v4SPD16_eabi.lib
       memcpy_t2.asm.obj              156    0         0      
       copy_decompress_lzss.c.obj     104    0         0      
       autoinit.c.obj                 68     0         0      
       boot_cortex_m.c.obj            52     0         0      
       copy_decompress_none.c.obj     14     0         0      
       exit.c.obj                     4      0         0      
       pre_init.c.obj                 4      0         0      
    +--+------------------------------+------+---------+---------+
       Total:                         402    0         0      
                                                              
       Stack:                         0      0         512    
       Linker Generated:              0      30        0      
    +--+------------------------------+------+---------+---------+
       Grand Total:                   3788   1041      533    


LINKER GENERATED COPY TABLES

__TI_cinit_table @ 000012e0 records: 1, size/record: 8, table size: 8
	.data: load addr=000012c8, load size=0000000e bytes, run addr=20000200, run size=00000016 bytes, compression=lzss


LINKER GENERATED HANDLER TABLE

__TI_handler_table @ 000012d8 records: 2, size/record: 4, table size: 8
	index: 0, handler: __TI_decompress_lzss
	index: 1, handler: __TI_decompress_none


GLOBAL SYMBOLS: SORTED ALPHABETICALLY BY Name 

address   name                          
-------   ----                          
00001009  App_Task                      
00000e89  BUTTON_getState               
00000e8f  BUTTON_refreshState           
00000ff9  Button_Task                   
00001137  C$$EXIT                       
000010f9  Det_ReportError               
000012bd  Dio_Configuration             
00000c29  Dio_FlipChannel               
00000a5d  Dio_Init                      
00000b61  Dio_ReadChannel               
00000a81  Dio_WriteChannel              
00000fe9  Init_Task                     
0000109d  LED_refreshOutput             
00001091  LED_setOff                    
00001085  LED_setOn                     
000010b5  LED_toggle                    
00001001  Led_Task                      
00000d5f  Os_NewTimerTick               
00000d6f  Os_Scheduler                  
00000d45  Os_start                      
000009d9  Port_GetVersionInfo           
000006fd  Port_Init                     
00000969  Port_RefreshPortDirection     
00000919  Port_SetPinDirection          
00000a09  Port_SetPinMode               
0000111d  ResetISR                      
00000f05  SysTick_Handler               
00000f5d  SysTick_SetCallBack           
00000f15  SysTick_Start                 
00000f55  SysTick_Stop                  
20000200  __STACK_END                   
00000200  __STACK_SIZE                  
20000200  __STACK_TOP                   
000012e0  __TI_CINIT_Base               
000012e8  __TI_CINIT_Limit              
000012d8  __TI_Handler_Table_Base       
000012e0  __TI_Handler_Table_Limit      
00001041  __TI_auto_init_nobinit_nopinit
00000f81  __TI_decompress_lzss          
0000110f  __TI_decompress_none          
ffffffff  __TI_pprof_out_hndl           
ffffffff  __TI_prof_data_size           
ffffffff  __TI_prof_data_start          
00000000  __TI_static_base__            
00000ded  __aeabi_memcpy                
00000ded  __aeabi_memcpy4               
00000ded  __aeabi_memcpy8               
ffffffff  __binit__                     
ffffffff  __c_args__                    
UNDEFED   __mpu_init                    
20000000  __stack                       
20000000  __start___llvm_prf_cnts       
20000000  __stop___llvm_prf_cnts        
000010c5  _c_int00_noargs               
UNDEFED   _system_post_cinit            
00001133  _system_pre_init              
00001137  abort                         
ffffffff  binit                         
00000000  g_pfnVectors                  
000005f5  get_mode_value                
000004a5  get_pin_index                 
0000051b  get_pin_offset                
00000595  get_pin_port                  
00001129  main                          
00000ded  memcpy                        
0000113a  port_Configuration            
000002cd  set_DIO_direction             
00000319  set_DIO_level                 
00000367  set_DIO_register              
00000429  set_mode                      
000003dd  set_mode_ADC                  
0000026d  set_mode_DIO                  


GLOBAL SYMBOLS: SORTED BY Symbol Address 

address   name                          
-------   ----                          
00000000  __TI_static_base__            
00000000  g_pfnVectors                  
00000200  __STACK_SIZE                  
0000026d  set_mode_DIO                  
000002cd  set_DIO_direction             
00000319  set_DIO_level                 
00000367  set_DIO_register              
000003dd  set_mode_ADC                  
00000429  set_mode                      
000004a5  get_pin_index                 
0000051b  get_pin_offset                
00000595  get_pin_port                  
000005f5  get_mode_value                
000006fd  Port_Init                     
00000919  Port_SetPinDirection          
00000969  Port_RefreshPortDirection     
000009d9  Port_GetVersionInfo           
00000a09  Port_SetPinMode               
00000a5d  Dio_Init                      
00000a81  Dio_WriteChannel              
00000b61  Dio_ReadChannel               
00000c29  Dio_FlipChannel               
00000d45  Os_start                      
00000d5f  Os_NewTimerTick               
00000d6f  Os_Scheduler                  
00000ded  __aeabi_memcpy                
00000ded  __aeabi_memcpy4               
00000ded  __aeabi_memcpy8               
00000ded  memcpy                        
00000e89  BUTTON_getState               
00000e8f  BUTTON_refreshState           
00000f05  SysTick_Handler               
00000f15  SysTick_Start                 
00000f55  SysTick_Stop                  
00000f5d  SysTick_SetCallBack           
00000f81  __TI_decompress_lzss          
00000fe9  Init_Task                     
00000ff9  Button_Task                   
00001001  Led_Task                      
00001009  App_Task                      
00001041  __TI_auto_init_nobinit_nopinit
00001085  LED_setOn                     
00001091  LED_setOff                    
0000109d  LED_refreshOutput             
000010b5  LED_toggle                    
000010c5  _c_int00_noargs               
000010f9  Det_ReportError               
0000110f  __TI_decompress_none          
0000111d  ResetISR                      
00001129  main                          
00001133  _system_pre_init              
00001137  C$$EXIT                       
00001137  abort                         
0000113a  port_Configuration            
000012bd  Dio_Configuration             
000012d8  __TI_Handler_Table_Base       
000012e0  __TI_CINIT_Base               
000012e0  __TI_Handler_Table_Limit      
000012e8  __TI_CINIT_Limit              
20000000  __stack                       
20000000  __start___llvm_prf_cnts       
20000000  __stop___llvm_prf_cnts        
20000200  __STACK_END                   
20000200  __STACK_TOP                   
ffffffff  __TI_pprof_out_hndl           
ffffffff  __TI_prof_data_size           
ffffffff  __TI_prof_data_start          
ffffffff  __binit__                     
ffffffff  __c_args__                    
ffffffff  binit                         
UNDEFED   __mpu_init                    
UNDEFED   _system_post_cinit            

[72 symbols]
