******************************************************************************
                  TI ARM Linker PC v20.2.5                     
******************************************************************************
>> Linked Fri Sep  2 10:58:25 2022

OUTPUT FILE NAME:   <1_2_4_IntDriver.out>
ENTRY POINT SYMBOL: "_c_int00_noargs"  address: 000032b5


MEMORY CONFIGURATION

         name            origin    length      used     unused   attr    fill
----------------------  --------  ---------  --------  --------  ----  --------
  FLASH                 00000000   00040000  0000356a  0003ca96  R  X
  SRAM                  20000000   00008000  0000030e  00007cf2  RW X


SEGMENT ALLOCATION MAP

run origin  load origin   length   init length attrs members
----------  ----------- ---------- ----------- ----- -------
00000000    00000000    00003570   00003570    r-x
  00000000    00000000    0000026c   0000026c    r-- .intvecs
  0000026c    0000026c    000030a6   000030a6    r-x .text
  00003314    00003314    00000238   00000238    r-- .const
  00003550    00003550    00000020   00000020    r-- .cinit
20000000    20000000    0000030e   00000000    rw-
  20000000    20000000    00000200   00000000    rw- .stack
  20000200    20000200    0000010e   00000000    rw- .data


SECTION ALLOCATION MAP

 output                                  attributes/
section   page    origin      length       input sections
--------  ----  ----------  ----------   ----------------
.intvecs   0    00000000    0000026c     
                  00000000    0000026c     tm4c123gh6pm_startup_ccs.obj (.intvecs)

.text      0    0000026c    000030a6     
                  0000026c    00001b2c     GPT.obj (.text)
                  00001d98    00000728     IntCtrl.obj (.text)
                  000024c0    000005e0     DIO.obj (.text)
                  00002aa0    000005bc     PORT.obj (.text)
                  0000305c    0000009c     rtsv7M4_T_le_v4SPD16_eabi.lib : memcpy_t2.asm.obj (.text)
                  000030f8    0000006c     Std_Types_Helper.obj (.text)
                  00003164    00000068     rtsv7M4_T_le_v4SPD16_eabi.lib : copy_decompress_lzss.c.obj (.text:decompress:lzss:__TI_decompress_lzss)
                  000031cc    00000064     LED.obj (.text)
                  00003230    00000044     rtsv7M4_T_le_v4SPD16_eabi.lib : autoinit.c.obj (.text:__TI_auto_init_nobinit_nopinit:__TI_auto_init_nobinit_nopinit)
                  00003274    00000040     App.obj (.text)
                  000032b4    00000034     rtsv7M4_T_le_v4SPD16_eabi.lib : boot_cortex_m.c.obj (.text:_c_int00_noargs:_c_int00_noargs)
                  000032e8    0000000e                                   : copy_decompress_none.c.obj (.text:decompress:none:__TI_decompress_none)
                  000032f6    0000000c     tm4c123gh6pm_startup_ccs.obj (.text)
                  00003302    00000008     main.obj (.text)
                  0000330a    00000004     rtsv7M4_T_le_v4SPD16_eabi.lib : pre_init.c.obj (.text:_system_pre_init)
                  0000330e    00000004                                   : exit.c.obj (.text:abort:abort)

.const     0    00003314    00000238     
                  00003314    00000134     GPT_Lcfg.obj (.const:Gpt_ConfigPtr)
                  00003448    000000fe     IntCtrl_Lcfg.obj (.const:Initialized_Interrupt_Container)
                  00003546    00000006     PORT_Lcfg.obj (.const:ConfigPtr)

.cinit     0    00003550    00000020     
                  00003550    00000010     (.cinit..data.load) [load image, compression = lzss]
                  00003560    00000008     (__TI_handler_table)
                  00003568    00000008     (__TI_cinit_table)

.init_array 
*          0    00000000    00000000     UNINITIALIZED

.data      0    20000200    0000010e     UNINITIALIZED
                  20000200    0000003c     GPT.obj (.data:G_SW_PreScaler_RealCounter)
                  2000023c    0000003c     GPT.obj (.data:G_SW_PreScaling)
                  20000278    0000002c     GPT.obj (.data:G_BitShifting)
                  200002a4    0000002c     GPT.obj (.data:G_BitShiftingGuarding)
                  200002d0    0000002c     GPT.obj (.data:G_BitUsedGuarding)
                  200002fc    00000010     GPT.obj (.data)
                  2000030c    00000001     App.obj (.data)
                  2000030d    00000001     PORT.obj (.data)

.stack     0    20000000    00000200     UNINITIALIZED
                  20000000    00000004     rtsv7M4_T_le_v4SPD16_eabi.lib : boot_cortex_m.c.obj (.stack)
                  20000004    000001fc     --HOLE--

__llvm_prf_cnts 
*          0    20000000    00000000     UNINITIALIZED

MODULE SUMMARY

       Module                         code    ro data   rw data
       ------                         ----    -------   -------
    .\
       tm4c123gh6pm_startup_ccs.obj   12      620       0      
       main.obj                       8       0         0      
    +--+------------------------------+-------+---------+---------+
       Total:                         20      620       0      
                                                               
    .\App\
       App.obj                        64      0         1      
    +--+------------------------------+-------+---------+---------+
       Total:                         64      0         1      
                                                               
    .\Common\
       Std_Types_Helper.obj           108     0         0      
    +--+------------------------------+-------+---------+---------+
       Total:                         108     0         0      
                                                               
    .\HAL\LED\Static\src\
       LED.obj                        100     0         0      
    +--+------------------------------+-------+---------+---------+
       Total:                         100     0         0      
                                                               
    .\Mcal\DIO\Static\src\
       DIO.obj                        1504    0         0      
    +--+------------------------------+-------+---------+---------+
       Total:                         1504    0         0      
                                                               
    .\Mcal\GPT\Dynamic\src\
       GPT_Lcfg.obj                   0       308       0      
    +--+------------------------------+-------+---------+---------+
       Total:                         0       308       0      
                                                               
    .\Mcal\GPT\Static\src\
       GPT.obj                        6956    0         268    
    +--+------------------------------+-------+---------+---------+
       Total:                         6956    0         268    
                                                               
    .\Mcal\IntCtrl\Dynamic\src\
       IntCtrl_Lcfg.obj               0       254       0      
    +--+------------------------------+-------+---------+---------+
       Total:                         0       254       0      
                                                               
    .\Mcal\IntCtrl\Static\src\
       IntCtrl.obj                    1832    0         0      
    +--+------------------------------+-------+---------+---------+
       Total:                         1832    0         0      
                                                               
    .\Mcal\PORT\Dynamic\src\
       PORT_Lcfg.obj                  0       6         0      
    +--+------------------------------+-------+---------+---------+
       Total:                         0       6         0      
                                                               
    .\Mcal\PORT\Static\src\
       PORT.obj                       1468    0         1      
    +--+------------------------------+-------+---------+---------+
       Total:                         1468    0         1      
                                                               
    C:\ti\ccs1100\ccs\tools\compiler\ti-cgt-arm_20.2.5.LTS\lib\rtsv7M4_T_le_v4SPD16_eabi.lib
       memcpy_t2.asm.obj              156     0         0      
       copy_decompress_lzss.c.obj     104     0         0      
       autoinit.c.obj                 68      0         0      
       boot_cortex_m.c.obj            52      0         0      
       copy_decompress_none.c.obj     14      0         0      
       exit.c.obj                     4       0         0      
       pre_init.c.obj                 4       0         0      
    +--+------------------------------+-------+---------+---------+
       Total:                         402     0         0      
                                                               
       Stack:                         0       0         512    
       Linker Generated:              0       32        0      
    +--+------------------------------+-------+---------+---------+
       Grand Total:                   12454   1220      782    


LINKER GENERATED COPY TABLES

__TI_cinit_table @ 00003568 records: 1, size/record: 8, table size: 8
	.data: load addr=00003550, load size=00000010 bytes, run addr=20000200, run size=0000010e bytes, compression=lzss


LINKER GENERATED HANDLER TABLE

__TI_handler_table @ 00003560 records: 2, size/record: 4, table size: 8
	index: 0, handler: __TI_decompress_lzss
	index: 1, handler: __TI_decompress_none


GLOBAL SYMBOLS: SORTED ALPHABETICALLY BY Name 

address   name                             
-------   ----                             
0000327f  App_Function                     
0000330f  C$$EXIT                          
00003546  ConfigPtr                        
000028ad  Dio_FlipChannel                  
000024c1  Dio_ReadChannel                  
000027b1  Dio_ReadPort                     
000025b1  Dio_WriteChannel                 
00002831  Dio_WritePort                    
00002c39  GetPortAddress                   
000002d7  GetTimerAddress                  
00003314  Gpt_ConfigPtr                    
00000889  Gpt_DisableNotification          
000009e9  Gpt_EnableNotification           
00001099  Gpt_GetPredefTimerValue          
00000d1d  Gpt_GetTimeElapsed               
00000ec5  Gpt_GetTimeRemaining             
000003a1  Gpt_Init                         
00001111  Gpt_Notification_channel_Normal_0
00001215  Gpt_Notification_channel_Normal_1
00001325  Gpt_Notification_channel_Normal_2
0000143d  Gpt_Notification_channel_Normal_3
0000155d  Gpt_Notification_channel_Normal_4
0000167d  Gpt_Notification_channel_Normal_5
0000179d  Gpt_Notification_channel_Wide_0  
000018b5  Gpt_Notification_channel_Wide_1  
000019d5  Gpt_Notification_channel_Wide_2  
00001af5  Gpt_Notification_channel_Wide_3  
00001c11  Gpt_Notification_channel_Wide_4  
00001d15  Gpt_Notification_channel_Wide_5  
00000aed  Gpt_StartTimer                   
00000c11  Gpt_StopTimer                    
00003275  Init_App                         
00003448  Initialized_Interrupt_Container  
00002381  IntCtrl_ChangePriority           
000020ed  IntCtrl_DisableInterrupt         
00002245  IntCtrl_Enable_Interrupt         
00001d99  IntCtrl_Init                     
000031ff  Led_Blink_Off                    
000031f3  Led_Blink_On                     
000031cd  Led_Init                         
00003215  Led_TimeValue                    
0000320b  Led_Toggle                       
00002ca9  Port_Init                        
000032f7  ResetISR                         
00002b99  SetAlternativeFunction           
00002b25  SetInternalAttach                
00002bd9  SetOutputCurrentValue            
00002ae3  SetPinDirection                  
00002aa1  SetPinInitialValue               
000030f9  WriteUsingBB                     
20000200  __STACK_END                      
00000200  __STACK_SIZE                     
20000200  __STACK_TOP                      
00003568  __TI_CINIT_Base                  
00003570  __TI_CINIT_Limit                 
00003560  __TI_Handler_Table_Base          
00003568  __TI_Handler_Table_Limit         
00003231  __TI_auto_init_nobinit_nopinit   
00003165  __TI_decompress_lzss             
000032e9  __TI_decompress_none             
ffffffff  __TI_pprof_out_hndl              
ffffffff  __TI_prof_data_size              
ffffffff  __TI_prof_data_start             
00000000  __TI_static_base__               
0000305d  __aeabi_memcpy                   
0000305d  __aeabi_memcpy4                  
0000305d  __aeabi_memcpy8                  
ffffffff  __binit__                        
ffffffff  __c_args__                       
UNDEFED   __mpu_init                       
20000000  __stack                          
20000000  __start___llvm_prf_cnts          
20000000  __stop___llvm_prf_cnts           
000032b5  _c_int00_noargs                  
UNDEFED   _system_post_cinit               
0000330b  _system_pre_init                 
0000330f  abort                            
ffffffff  binit                            
0000029b  calculate_BitGuarding            
0000026d  calculate_MaxBits                
00000000  g_pfnVectors                     
00003303  main                             
0000305d  memcpy                           


GLOBAL SYMBOLS: SORTED BY Symbol Address 

address   name                             
-------   ----                             
00000000  __TI_static_base__               
00000000  g_pfnVectors                     
00000200  __STACK_SIZE                     
0000026d  calculate_MaxBits                
0000029b  calculate_BitGuarding            
000002d7  GetTimerAddress                  
000003a1  Gpt_Init                         
00000889  Gpt_DisableNotification          
000009e9  Gpt_EnableNotification           
00000aed  Gpt_StartTimer                   
00000c11  Gpt_StopTimer                    
00000d1d  Gpt_GetTimeElapsed               
00000ec5  Gpt_GetTimeRemaining             
00001099  Gpt_GetPredefTimerValue          
00001111  Gpt_Notification_channel_Normal_0
00001215  Gpt_Notification_channel_Normal_1
00001325  Gpt_Notification_channel_Normal_2
0000143d  Gpt_Notification_channel_Normal_3
0000155d  Gpt_Notification_channel_Normal_4
0000167d  Gpt_Notification_channel_Normal_5
0000179d  Gpt_Notification_channel_Wide_0  
000018b5  Gpt_Notification_channel_Wide_1  
000019d5  Gpt_Notification_channel_Wide_2  
00001af5  Gpt_Notification_channel_Wide_3  
00001c11  Gpt_Notification_channel_Wide_4  
00001d15  Gpt_Notification_channel_Wide_5  
00001d99  IntCtrl_Init                     
000020ed  IntCtrl_DisableInterrupt         
00002245  IntCtrl_Enable_Interrupt         
00002381  IntCtrl_ChangePriority           
000024c1  Dio_ReadChannel                  
000025b1  Dio_WriteChannel                 
000027b1  Dio_ReadPort                     
00002831  Dio_WritePort                    
000028ad  Dio_FlipChannel                  
00002aa1  SetPinInitialValue               
00002ae3  SetPinDirection                  
00002b25  SetInternalAttach                
00002b99  SetAlternativeFunction           
00002bd9  SetOutputCurrentValue            
00002c39  GetPortAddress                   
00002ca9  Port_Init                        
0000305d  __aeabi_memcpy                   
0000305d  __aeabi_memcpy4                  
0000305d  __aeabi_memcpy8                  
0000305d  memcpy                           
000030f9  WriteUsingBB                     
00003165  __TI_decompress_lzss             
000031cd  Led_Init                         
000031f3  Led_Blink_On                     
000031ff  Led_Blink_Off                    
0000320b  Led_Toggle                       
00003215  Led_TimeValue                    
00003231  __TI_auto_init_nobinit_nopinit   
00003275  Init_App                         
0000327f  App_Function                     
000032b5  _c_int00_noargs                  
000032e9  __TI_decompress_none             
000032f7  ResetISR                         
00003303  main                             
0000330b  _system_pre_init                 
0000330f  C$$EXIT                          
0000330f  abort                            
00003314  Gpt_ConfigPtr                    
00003448  Initialized_Interrupt_Container  
00003546  ConfigPtr                        
00003560  __TI_Handler_Table_Base          
00003568  __TI_CINIT_Base                  
00003568  __TI_Handler_Table_Limit         
00003570  __TI_CINIT_Limit                 
20000000  __stack                          
20000000  __start___llvm_prf_cnts          
20000000  __stop___llvm_prf_cnts           
20000200  __STACK_END                      
20000200  __STACK_TOP                      
ffffffff  __TI_pprof_out_hndl              
ffffffff  __TI_prof_data_size              
ffffffff  __TI_prof_data_start             
ffffffff  __binit__                        
ffffffff  __c_args__                       
ffffffff  binit                            
UNDEFED   __mpu_init                       
UNDEFED   _system_post_cinit               

[83 symbols]
